Watching rank 0
StGermain Framework. Copyright (C) 2003-2005 VPAC.
Building mesh:
Done.
partitionedAxis: { True, False, False }
partitionCounts: { 4, 1, 1 }
elementGlobalCounts: { 32, 32, 32 }
	elementLocalCounts[0]: { 8, 32, 32 }
	elementLocalCounts[1]: { 8, 32, 32 }
	elementLocalCounts[2]: { 8, 32, 32 }
	elementLocalCounts[3]: { 8, 32, 32 }
nodeGlobalCounts: { 33, 33, 33 }
	nodeLocalCounts[0]: { 9, 33, 33 }
	nodeLocalCounts[1]: { 9, 33, 33 }
	nodeLocalCounts[2]: { 9, 33, 33 }
	nodeLocalCounts[3]: { 9, 33, 33 }
