StGermain Framework revision 3570. Copyright (C) 2003-2005 VPAC.
Corner Node Layout
Rank 2 not in use.

Body Node Layout
Checking body node decomp has same element decomp as corner node decomp:
Rank 2 not in use.
	The decomps matched for the given item types
	Passed.
Checking body node decomp has same node decomp as it's element decomp:
Rank 2 not in use.
	The decomps matched for the given item types
	Passed.
