StGermain Framework. Copyright (C) 2003-2005 VPAC.
StGermain Discretisation Library. Copyright (C) 2003-2005 VPAC.
StGermain SLE Library. Copyright (C) 2003-2005 VPAC.
StGermain Finite Element Framework. Copyright (C) 2003-2005 VPAC.
StGermain PETSc-LinearAlgebra Interface. Copyright (C) 2003-2005 VPAC.
Watching rank: 0
