StGermain Framework revision 4038. Copyright (C) 2003-2005 VPAC.
Watching rank: 1
Swarm (ptr): 0x8067ad0
Stg_Component (ptr): 0x8067ad0
Stg_Object (ptr): 0x8067ad0
	Stg_Class (ptr): 0x8067ad0
		sizeOfSelf: 220
		_deleteSelf: Yes
		type: Swarm
		_delete (func ptr): 0xb7fb0007
		_print (func ptr): 0xb7fb0119
		_copy (func ptr): 0xb7fb06fa
	name: testSwarm
	nameAllocationType: NON_GLOBAL
	_defaultConstructor (func ptr): 0xb7fb0fff
	_construct (func ptr): 0xb7fb10de
	_build (func ptr): 0xb7fb136b
	_initialise (func ptr): 0xb7fb155d
	_execute (func ptr): 0xb7fb1646
	_destroy (func ptr): 0xb7fb164b
	isConstructed: True
	isBuilt: True
	isInitialised: True
	hasExecuted: False
	isDestroyed: False
	constructor function name: testSwarm-Construct
	build function name: testSwarm-Build
	initialise function name: testSwarm-Initialise
	execute function name: testSwarm-Execute
	destroy function name: testSwarm-Destroy
ElementCellLayout (ptr): 0x8067110
CellLayout (ptr): 0x8067110
Stg_Component (ptr): 0x8067110
Stg_Object (ptr): 0x8067110
	Stg_Class (ptr): 0x8067110
		sizeOfSelf: 132
		_deleteSelf: Yes
		type: ElementCellLayout
		_delete (func ptr): 0xb7fa39cd
		_print (func ptr): 0xb7fa39f6
		_copy (func ptr): 0xb7fa3a6a
	name: elementCellLayout
	nameAllocationType: NON_GLOBAL
	_defaultConstructor (func ptr): 0xb7fa34fc
	_construct (func ptr): 0xb7fa3b42
	_build (func ptr): 0xb7fa3bbf
	_initialise (func ptr): 0xb7fa3bfd
	_execute (func ptr): 0xb7fa3c3b
	_destroy (func ptr): 0xb7fa3c40
	isConstructed: True
	isBuilt: True
	isInitialised: True
	hasExecuted: False
	isDestroyed: False
	constructor function name: elementCellLayout-Construct
	build function name: elementCellLayout-Build
	initialise function name: elementCellLayout-Initialise
	execute function name: elementCellLayout-Execute
	destroy function name: elementCellLayout-Destroy
	_cellLocalCount (func ptr): 0xb7fa3c45
	_cellShadowCount (func ptr): 0xb7fa3c62
	_pointCount (func ptr): 0xb7fa3c7f
	_initialisePoints (func ptr): 0xb7fa3ca7
	_mapElementIdToCellId (func ptr): 0xb7fa3d1c
	_isInCell (func ptr): 0xb7fa3daf
	_cellOf (func ptr): 0xb7fa3fb7
	_getShadowInfo (func ptr): 0xb7fa41af
	mesh (ptr): 0x8065928
RandomParticleLayout (ptr): 0x8067600:
PerCellParticleLayout (ptr): 0x8067600
ParticleLayout (ptr): 0x8067600
Stg_Class (ptr): 0x8067600
	sizeOfSelf: 132
	_deleteSelf: Yes
	type: RandomParticleLayout
	_delete (func ptr): 0xb7fae2ef
	_print (func ptr): 0xb7fae318
	_copy (func ptr): 0xb7fae3ab
	_setInitialCounts (func ptr): 0xb7fad6e9
	_initialiseParticles (func ptr): 0xb7fad89e
	coordSystem: GlobalCoordSystem
	weightsInitialisedAtStartup : False
	_initialCount (func ptr): 0xb7fae584
	_initialiseParticlesOfCell (func ptr): 0xb7fae598
	cellParticleCount: 4
	seed: 13
	cellLocalCount: 4
	cellDomainCount: 4
	cellShadowCount: 0
	cellPointCountTbl (ptr): 0x8068c18
	cellPointCountTbl[0-4]: 008 008 008 008 
	cellPointTbl (ptr): 0x8068f80
	cellPointTbl[0-4]: {
	cellPointTbl[0][0-8]: {0 8 0} {150 8 0} {150 12 0} {0 12 0} {0 8 150} {150 8 150} {150 12 150} {0 12 150} 
	cellPointTbl[1][0-8]: {150 8 0} {300 8 0} {300 12 0} {150 12 0} {150 8 150} {300 8 150} {300 12 150} {150 12 150} 
	cellPointTbl[2][0-8]: {0 8 150} {150 8 150} {150 12 150} {0 12 150} {0 8 300} {150 8 300} {150 12 300} {0 12 300} 
	cellPointTbl[3][0-8]: {150 8 150} {300 8 150} {300 12 150} {150 12 150} {150 8 300} {300 8 300} {300 12 300} {150 12 300} 
}

	cellParticleCountTbl (ptr): 0x8068758
	cellParticleCountTbl[0-4]: 004 004 004 004 
	cellParticleSizeTbl (ptr): 0x8069020
	cellParticleSizeTbl[0-4]: 004 004 004 004 
	cellParticleTbl (ptr): 0x8069040
	cellParticleTbl [0-4]: {
		cellParticleTbl[0][0-4]:
			(part. index) 0
			(part. index) 1
			(part. index) 2
			(part. index) 3

		cellParticleTbl[1][0-4]:
			(part. index) 4
			(part. index) 5
			(part. index) 6
			(part. index) 7

		cellParticleTbl[2][0-4]:
			(part. index) 8
			(part. index) 9
			(part. index) 10
			(part. index) 11

		cellParticleTbl[3][0-4]:
			(part. index) 12
			(part. index) 13
			(part. index) 14
			(part. index) 15

	}
	particlesArraySize: 116
	particlesArrayDelta: 100
	extraParticlesFactor: 0.05

Printing coords of all local processor particles:
	local particle      0: ( 36.393,  10.685,  24.175)
	local particle      1: ( 106.19,  10.926,  13.188)
	local particle      2: ( 107.93,  8.6386,  64.247)
	local particle      3: ( 105.66,  11.401,  72.744)
	local particle      4: ( 261.92,  10.607,  15.099)
	local particle      5: ( 275.23,  8.3656,  23.032)
	local particle      6: ( 242.36,  10.759,  108.86)
	local particle      7: ( 201.31,  8.9555,  137.57)
	local particle      8: ( 91.249,  8.7051,  220.37)
	local particle      9: ( 40.359,  8.3716,  202.27)
	local particle     10: ( 60.611,   9.112,  204.88)
	local particle     11: ( 32.111,  11.509,  224.72)
	local particle     12: ( 196.11,  10.331,  252.69)
	local particle     13: ( 271.87,  9.6744,  211.88)
	local particle     14: ( 162.47,  10.951,  256.25)
	local particle     15: ( 218.88,   8.529,  272.07)

Printing coords of all local particles, cell-by-cell:
	Local Cell   0:
		part. InCell   0 (local index      0): ( 36.393,  10.685,  24.175)
		part. InCell   1 (local index      1): ( 106.19,  10.926,  13.188)
		part. InCell   2 (local index      2): ( 107.93,  8.6386,  64.247)
		part. InCell   3 (local index      3): ( 105.66,  11.401,  72.744)
	Local Cell   1:
		part. InCell   0 (local index      4): ( 261.92,  10.607,  15.099)
		part. InCell   1 (local index      5): ( 275.23,  8.3656,  23.032)
		part. InCell   2 (local index      6): ( 242.36,  10.759,  108.86)
		part. InCell   3 (local index      7): ( 201.31,  8.9555,  137.57)
	Local Cell   2:
		part. InCell   0 (local index      8): ( 91.249,  8.7051,  220.37)
		part. InCell   1 (local index      9): ( 40.359,  8.3716,  202.27)
		part. InCell   2 (local index     10): ( 60.611,   9.112,  204.88)
		part. InCell   3 (local index     11): ( 32.111,  11.509,  224.72)
	Local Cell   3:
		part. InCell   0 (local index     12): ( 196.11,  10.331,  252.69)
		part. InCell   1 (local index     13): ( 271.87,  9.6744,  211.88)
		part. InCell   2 (local index     14): ( 162.47,  10.951,  256.25)
		part. InCell   3 (local index     15): ( 218.88,   8.529,  272.07)

About to test deletion of particles (current local count is 16)
About to delete particle 0:
(local particle count is now 15)
About to delete particle 7:
(local particle count is now 14)
About to delete particle 13 (last particle):
(local particle count is now 13)

After deletions, particles remaining:
Printing coords of all local processor particles:
	local particle      0: ( 218.88,   8.529,  272.07)
	local particle      1: ( 106.19,  10.926,  13.188)
	local particle      2: ( 107.93,  8.6386,  64.247)
	local particle      3: ( 105.66,  11.401,  72.744)
	local particle      4: ( 261.92,  10.607,  15.099)
	local particle      5: ( 275.23,  8.3656,  23.032)
	local particle      6: ( 242.36,  10.759,  108.86)
	local particle      7: ( 162.47,  10.951,  256.25)
	local particle      8: ( 91.249,  8.7051,  220.37)
	local particle      9: ( 40.359,  8.3716,  202.27)
	local particle     10: ( 60.611,   9.112,  204.88)
	local particle     11: ( 32.111,  11.509,  224.72)
	local particle     12: ( 196.11,  10.331,  252.69)

Printing coords of all local particles, cell-by-cell:
	Local Cell   0:
		part. InCell   0 (local index      3): ( 105.66,  11.401,  72.744)
		part. InCell   1 (local index      1): ( 106.19,  10.926,  13.188)
		part. InCell   2 (local index      2): ( 107.93,  8.6386,  64.247)
	Local Cell   1:
		part. InCell   0 (local index      4): ( 261.92,  10.607,  15.099)
		part. InCell   1 (local index      5): ( 275.23,  8.3656,  23.032)
		part. InCell   2 (local index      6): ( 242.36,  10.759,  108.86)
	Local Cell   2:
		part. InCell   0 (local index      8): ( 91.249,  8.7051,  220.37)
		part. InCell   1 (local index      9): ( 40.359,  8.3716,  202.27)
		part. InCell   2 (local index     10): ( 60.611,   9.112,  204.88)
		part. InCell   3 (local index     11): ( 32.111,  11.509,  224.72)
	Local Cell   3:
		part. InCell   0 (local index     12): ( 196.11,  10.331,  252.69)
		part. InCell   1 (local index      0): ( 218.88,   8.529,  272.07)
		part. InCell   2 (local index      7): ( 162.47,  10.951,  256.25)

About to test deletion of particles, and replacing with new (current local count is 13)
About to delete particle 0 and replace with new at (252.06,9.58,234.93) - cell 3:
About to delete particle 6 and replace with new at (239.53,11.65,59.27) - cell 1:
About to delete particle 12 (last particle) and replace with new at (100.57,11.07,83.33) - cell 0:

After deletions and replacing, particles are:
Printing coords of all local processor particles:
	local particle      0: ( 252.06,  9.5775,  234.93)
	local particle      1: ( 106.19,  10.926,  13.188)
	local particle      2: ( 107.93,  8.6386,  64.247)
	local particle      3: ( 105.66,  11.401,  72.744)
	local particle      4: ( 261.92,  10.607,  15.099)
	local particle      5: ( 275.23,  8.3656,  23.032)
	local particle      6: ( 239.53,  11.647,  59.265)
	local particle      7: ( 162.47,  10.951,  256.25)
	local particle      8: ( 91.249,  8.7051,  220.37)
	local particle      9: ( 40.359,  8.3716,  202.27)
	local particle     10: ( 60.611,   9.112,  204.88)
	local particle     11: ( 32.111,  11.509,  224.72)
	local particle     12: ( 100.57,  11.073,  83.332)

Printing coords of all local particles, cell-by-cell:
	Local Cell   0:
		part. InCell   0 (local index      3): ( 105.66,  11.401,  72.744)
		part. InCell   1 (local index      1): ( 106.19,  10.926,  13.188)
		part. InCell   2 (local index      2): ( 107.93,  8.6386,  64.247)
		part. InCell   3 (local index     12): ( 100.57,  11.073,  83.332)
	Local Cell   1:
		part. InCell   0 (local index      4): ( 261.92,  10.607,  15.099)
		part. InCell   1 (local index      5): ( 275.23,  8.3656,  23.032)
		part. InCell   2 (local index      6): ( 239.53,  11.647,  59.265)
	Local Cell   2:
		part. InCell   0 (local index      8): ( 91.249,  8.7051,  220.37)
		part. InCell   1 (local index      9): ( 40.359,  8.3716,  202.27)
		part. InCell   2 (local index     10): ( 60.611,   9.112,  204.88)
		part. InCell   3 (local index     11): ( 32.111,  11.509,  224.72)
	Local Cell   3:
		part. InCell   0 (local index      0): ( 252.06,  9.5775,  234.93)
		part. InCell   1 (local index      7): ( 162.47,  10.951,  256.25)
