StGermain Framework revision 3556. Copyright (C) 2003-2005 VPAC.
Watching rank: 1
Run until 5 timeSteps have been run
TimeStep = 1, Start time = 0 + 2 prev timeStep dt
Calculated attractor point is at (0.333333,0.333333,0.333333):
Timestep 1 - Implosive mode
	Updating Particles positions in local cell 0:
		Updating particleInCell 0:
		Changing its coords from (0.520218,0.055930,0.161165) to (0.457923,0.148398,0.218555):
	Updating Particles positions in local cell 1:
		Updating particleInCell 0:
		Changing its coords from (0.642325,0.060967,0.087923) to (0.539328,0.151756,0.169726):
	Updating Particles positions in local cell 2:
		Updating particleInCell 0:
		Changing its coords from (0.726628,0.013305,0.428316) to (0.595530,0.119981,0.396655):
	Updating Particles positions in local cell 3:
		Updating particleInCell 0:
		Changing its coords from (0.808700,0.070846,0.484961) to (0.650244,0.158342,0.434419):
	Updating Particles positions in local cell 4:
		Updating particleInCell 0:
		Changing its coords from (0.895513,0.054303,0.100663) to (0.708120,0.147313,0.178219):
	Updating Particles positions in local cell 5:
		Updating particleInCell 0:
		Changing its coords from (0.986236,0.007617,0.153544) to (0.768602,0.116189,0.213474):
	Updating Particles positions in local cell 6:
		Updating particleInCell 0:
		Changing its coords from (0.551311,0.140818,0.725730) to (0.478652,0.204990,0.594931):
	Updating Particles positions in local cell 7:
		Updating particleInCell 0:
		Changing its coords from (0.611840,0.103240,0.917154) to (0.519004,0.179938,0.722547):
	Updating Particles positions in local cell 8:
		Updating particleInCell 0:
		Changing its coords from (0.717361,0.098022,0.469106) to (0.589352,0.176459,0.423849):
	Updating Particles positions in local cell 9:
		Updating particleInCell 0:
		Changing its coords from (0.772422,0.091075,0.348450) to (0.626059,0.171828,0.343411):
	Updating Particles positions in local cell 10:
		Updating particleInCell 0:
		Changing its coords from (0.867006,0.106500,0.365872) to (0.689115,0.182111,0.355026):
	Updating Particles positions in local cell 11:
		Updating particleInCell 0:
		Changing its coords from (0.934506,0.156430,0.498144) to (0.734115,0.215398,0.443207):
	Updating Particles positions in local cell 12:
		Updating particleInCell 0:
		Changing its coords from (0.525617,0.215226,0.684585) to (0.461523,0.254595,0.567501):
	Updating Particles positions in local cell 13:
		Updating particleInCell 0:
		Changing its coords from (0.651040,0.201550,0.412512) to (0.545138,0.245478,0.386119):
	Updating Particles positions in local cell 14:
		Updating particleInCell 0:
		Changing its coords from (0.673597,0.228148,0.708363) to (0.560176,0.263209,0.583353):
	Updating Particles positions in local cell 15:
		Updating particleInCell 0:
		Changing its coords from (0.788268,0.177688,0.813771) to (0.636623,0.229570,0.653625):
	Updating Particles positions in local cell 16:
		Updating particleInCell 0:
		Changing its coords from (0.837018,0.184061,0.063715) to (0.669123,0.233818,0.153588):
	Updating Particles positions in local cell 17:
		Updating particleInCell 0:
		Changing its coords from (0.988116,0.190569,0.789944) to (0.769855,0.238157,0.637741):
	Updating Particles positions in local cell 18:
		Updating particleInCell 0:
		Changing its coords from (0.549385,0.262412,0.211121) to (0.477368,0.286052,0.251859):
	Updating Particles positions in local cell 19:
		Updating particleInCell 0:
		Changing its coords from (0.609731,0.252765,0.671870) to (0.517599,0.279621,0.559025):
	Updating Particles positions in local cell 20:
		Updating particleInCell 0:
		Changing its coords from (0.677176,0.295573,0.392572) to (0.562562,0.308160,0.372826):
	Updating Particles positions in local cell 21:
		Updating particleInCell 0:
		Changing its coords from (0.829246,0.311610,0.744761) to (0.663942,0.318851,0.607618):
	Updating Particles positions in local cell 22:
		Updating particleInCell 0:
		Changing its coords from (0.849212,0.283724,0.516097) to (0.677252,0.300260,0.455176):
	Updating Particles positions in local cell 23:
		Updating particleInCell 0:
		Changing its coords from (0.920799,0.278227,0.881840) to (0.724977,0.296596,0.699005):
	Updating Particles positions in local cell 24:
		Updating particleInCell 0:
		Changing its coords from (0.507569,0.386903,0.185594) to (0.449491,0.369047,0.234840):
	Updating Particles positions in local cell 25:
		Updating particleInCell 0:
		Changing its coords from (0.606618,0.343580,0.669197) to (0.515523,0.340165,0.557242):
	Updating Particles positions in local cell 26:
		Updating particleInCell 0:
		Changing its coords from (0.682432,0.390663,0.379149) to (0.566066,0.371553,0.363877):
	Updating Particles positions in local cell 27:
		Updating particleInCell 0:
		Changing its coords from (0.779420,0.375913,0.558967) to (0.630724,0.361720,0.483756):
	Updating Particles positions in local cell 28:
		Updating particleInCell 0:
		Changing its coords from (0.880429,0.371442,0.925924) to (0.698064,0.358739,0.728394):
	Updating Particles positions in local cell 29:
		Updating particleInCell 0:
		Changing its coords from (0.917008,0.400402,0.757598) to (0.722450,0.378046,0.616176):
	Updating Particles positions in local cell 30:
		Updating particleInCell 0:
		Changing its coords from (0.578434,0.484579,0.751425) to (0.496734,0.434164,0.612061):
	Updating Particles positions in local cell 31:
		Updating particleInCell 0:
		Changing its coords from (0.599936,0.463040,0.739388) to (0.511069,0.419804,0.604036):
	Updating Particles positions in local cell 32:
		Updating particleInCell 0:
		Changing its coords from (0.741211,0.450583,0.382567) to (0.605252,0.411500,0.366156):
	Updating Particles positions in local cell 33:
		Updating particleInCell 0:
		Changing its coords from (0.817248,0.490369,0.632784) to (0.655943,0.438024,0.532967):
	Updating Particles positions in local cell 34:
		Updating particleInCell 0:
		Changing its coords from (0.850534,0.425532,0.077820) to (0.678134,0.394799,0.162991):
	Updating Particles positions in local cell 35:
		Updating particleInCell 0:
		Changing its coords from (0.993245,0.464135,0.582185) to (0.773274,0.420534,0.499235):
	Updating Particles positions in local cell 36:
		Updating particleInCell 0:
		Changing its coords from (0.565683,0.514829,0.736755) to (0.488233,0.454330,0.602281):
	Updating Particles positions in local cell 37:
		Updating particleInCell 0:
		Changing its coords from (0.636213,0.575754,0.451488) to (0.535253,0.494947,0.412103):
	Updating Particles positions in local cell 38:
		Updating particleInCell 0:
		Changing its coords from (0.679352,0.529855,0.321813) to (0.564012,0.464348,0.325653):
	Updating Particles positions in local cell 39:
		Updating particleInCell 0:
		Changing its coords from (0.808758,0.546891,0.230269) to (0.650283,0.475705,0.264624):
	Updating Particles positions in local cell 40:
		Updating particleInCell 0:
		Changing its coords from (0.844624,0.503993,0.377044) to (0.674193,0.447107,0.362474):
	Updating Particles positions in local cell 41:
		Updating particleInCell 0:
		Changing its coords from (0.998848,0.555396,0.466709) to (0.777010,0.481375,0.422250):
	Updating Particles positions in local cell 42:
		Updating particleInCell 0:
		Changing its coords from (0.581050,0.617379,0.376295) to (0.498478,0.522697,0.361975):
	Updating Particles positions in local cell 43:
		Updating particleInCell 0:
		Changing its coords from (0.616190,0.633054,0.774592) to (0.521904,0.533147,0.627506):
	Updating Particles positions in local cell 44:
		Updating particleInCell 0:
		Changing its coords from (0.713733,0.622575,0.408698) to (0.586933,0.526161,0.383576):
	Updating Particles positions in local cell 45:
		Updating particleInCell 0:
		Changing its coords from (0.831828,0.616802,0.032166) to (0.665663,0.522312,0.132555):
	Updating Particles positions in local cell 46:
		Updating particleInCell 0:
		Changing its coords from (0.885139,0.607826,0.771763) to (0.701204,0.516328,0.625620):
	Updating Particles positions in local cell 47:
		Updating particleInCell 0:
		Changing its coords from (0.918318,0.590916,0.233312) to (0.723323,0.505055,0.266652):
	Updating Particles positions in local cell 48:
		Updating particleInCell 0:
		Changing its coords from (0.522725,0.695985,0.106081) to (0.459595,0.575101,0.181831):
	Updating Particles positions in local cell 49:
		Updating particleInCell 0:
		Changing its coords from (0.657951,0.678929,0.126605) to (0.549745,0.563730,0.195514):
	Updating Particles positions in local cell 50:
		Updating particleInCell 0:
		Changing its coords from (0.737365,0.725691,0.316657) to (0.602688,0.594905,0.322216):
	Updating Particles positions in local cell 51:
		Updating particleInCell 0:
		Changing its coords from (0.755175,0.729032,0.170111) to (0.614561,0.597133,0.224518):
	Updating Particles positions in local cell 52:
		Updating particleInCell 0:
		Changing its coords from (0.837709,0.702589,0.860921) to (0.669584,0.579503,0.685059):
	Updating Particles positions in local cell 53:
		Updating particleInCell 0:
		Changing its coords from (0.958807,0.748913,0.711434) to (0.750316,0.610386,0.585400):
	Updating Particles positions in local cell 54:
		Updating particleInCell 0:
		Changing its coords from (0.505346,0.761198,0.516861) to (0.448008,0.618577,0.455685):
	Updating Particles positions in local cell 55:
		Updating particleInCell 0:
		Changing its coords from (0.657111,0.821769,0.724586) to (0.549185,0.658957,0.594169):
	Updating Particles positions in local cell 56:
		Updating particleInCell 0:
		Changing its coords from (0.676621,0.795172,0.483519) to (0.562191,0.641226,0.433457):
	Updating Particles positions in local cell 57:
		Updating particleInCell 0:
		Changing its coords from (0.792326,0.782070,0.929035) to (0.639328,0.632491,0.730468):
	Updating Particles positions in local cell 58:
		Updating particleInCell 0:
		Changing its coords from (0.857797,0.751889,0.991404) to (0.682976,0.612370,0.772047):
	Updating Particles positions in local cell 59:
		Updating particleInCell 0:
		Changing its coords from (0.961117,0.751617,0.115447) to (0.751856,0.612189,0.188076):
	Updating Particles positions in local cell 60:
		Updating particleInCell 0:
		Changing its coords from (0.526061,0.839325,0.451692) to (0.461818,0.670661,0.412239):
	Updating Particles positions in local cell 61:
		Updating particleInCell 0:
		Changing its coords from (0.632779,0.868259,0.892297) to (0.532964,0.689950,0.705976):
	Updating Particles positions in local cell 62:
		Updating particleInCell 0:
		Changing its coords from (0.735808,0.899393,0.081151) to (0.601650,0.710706,0.165212):
	Updating Particles positions in local cell 63:
		Updating particleInCell 0:
		Changing its coords from (0.825043,0.833508,0.137948) to (0.661140,0.666783,0.203077):
	Updating Particles positions in local cell 64:
		Updating particleInCell 0:
		Changing its coords from (0.874786,0.866016,0.534845) to (0.694302,0.688455,0.467674):
	Updating Particles positions in local cell 65:
		Updating particleInCell 0:
		Changing its coords from (0.928320,0.851032,0.601838) to (0.729991,0.678466,0.512337):
	Updating Particles positions in local cell 66:
		Updating particleInCell 0:
		Changing its coords from (0.507840,0.936869,0.543898) to (0.449671,0.735691,0.473710):
	Updating Particles positions in local cell 67:
		Updating particleInCell 0:
		Changing its coords from (0.607648,0.994438,0.311891) to (0.516210,0.774070,0.319039):
	Updating Particles positions in local cell 68:
		Updating particleInCell 0:
		Changing its coords from (0.746266,0.917322,0.071914) to (0.608622,0.722659,0.159054):
	Updating Particles positions in local cell 69:
		Updating particleInCell 0:
		Changing its coords from (0.805396,0.953880,0.262791) to (0.648042,0.747031,0.286305):
	Updating Particles positions in local cell 70:
		Updating particleInCell 0:
		Changing its coords from (0.893736,0.946017,0.518640) to (0.706935,0.741789,0.456871):
	Updating Particles positions in local cell 71:
		Updating particleInCell 0:
		Changing its coords from (0.981395,0.969559,0.488147) to (0.765374,0.757484,0.436542):
TimeStep = 2, Start time = 2 + 2 prev timeStep dt
Calculated attractor point is at (0.333333,0.333333,0.333333):
Timestep 2 - Implosive mode
	Updating Particles positions in local cell 0:
	Updating Particles positions in local cell 1:
	Updating Particles positions in local cell 2:
	Updating Particles positions in local cell 3:
	Updating Particles positions in local cell 4:
	Updating Particles positions in local cell 5:
	Updating Particles positions in local cell 6:
		Updating particleInCell 0:
		Changing its coords from (0.539328,0.151756,0.169726) to (0.470663,0.212282,0.224262):
	Updating Particles positions in local cell 7:
		Updating particleInCell 0:
		Changing its coords from (0.650244,0.158342,0.434419) to (0.544607,0.216672,0.400724):
		Updating particleInCell 1:
		Changing its coords from (0.595530,0.119981,0.396655) to (0.508131,0.191099,0.375548):
	Updating Particles positions in local cell 8:
		Updating particleInCell 0:
		Changing its coords from (0.708120,0.147313,0.178219) to (0.583191,0.209320,0.229924):
	Updating Particles positions in local cell 9:
		Updating particleInCell 0:
		Changing its coords from (0.768602,0.116189,0.213474) to (0.623512,0.188570,0.253427):
	Updating Particles positions in local cell 10:
	Updating Particles positions in local cell 11:
	Updating Particles positions in local cell 12:
		Updating particleInCell 0:
		Changing its coords from (0.519004,0.179938,0.722547) to (0.457114,0.231070,0.592809):
		Updating particleInCell 1:
		Changing its coords from (0.545138,0.245478,0.386119) to (0.474536,0.274763,0.368524):
	Updating Particles positions in local cell 13:
		Updating particleInCell 0:
		Changing its coords from (0.626059,0.171828,0.343411) to (0.528484,0.225663,0.340052):
		Updating particleInCell 1:
		Changing its coords from (0.589352,0.176459,0.423849) to (0.504012,0.228751,0.393677):
		Updating particleInCell 2:
		Changing its coords from (0.636623,0.229570,0.653625) to (0.535527,0.264158,0.546861):
	Updating Particles positions in local cell 14:
		Updating particleInCell 0:
		Changing its coords from (0.734115,0.215398,0.443207) to (0.600521,0.254710,0.406583):
		Updating particleInCell 1:
		Changing its coords from (0.689115,0.182111,0.355026) to (0.570521,0.232519,0.347795):
		Updating particleInCell 2:
		Changing its coords from (0.669123,0.233818,0.153588) to (0.557193,0.266990,0.213503):
	Updating Particles positions in local cell 15:
		Updating particleInCell 0:
		Changing its coords from (0.769855,0.238157,0.637741) to (0.624348,0.269883,0.536272):
	Updating Particles positions in local cell 16:
	Updating Particles positions in local cell 17:
	Updating Particles positions in local cell 18:
		Updating particleInCell 0:
		Changing its coords from (0.560176,0.263209,0.583353) to (0.484562,0.286584,0.500013):
		Updating particleInCell 1:
		Changing its coords from (0.517599,0.279621,0.559025) to (0.456177,0.297525,0.483794):
		Updating particleInCell 2:
		Changing its coords from (0.562562,0.308160,0.372826) to (0.486152,0.316551,0.359661):
	Updating Particles positions in local cell 19:
		Updating particleInCell 0:
		Changing its coords from (0.663942,0.318851,0.607618) to (0.553739,0.323679,0.516190):
	Updating Particles positions in local cell 20:
		Updating particleInCell 0:
		Changing its coords from (0.677252,0.300260,0.455176) to (0.562613,0.311285,0.414562):
		Updating particleInCell 1:
		Changing its coords from (0.724977,0.296596,0.699005) to (0.594429,0.308842,0.577114):
	Updating Particles positions in local cell 21:
	Updating Particles positions in local cell 22:
	Updating Particles positions in local cell 23:
	Updating Particles positions in local cell 24:
		Updating particleInCell 0:
		Changing its coords from (0.515523,0.340165,0.557242) to (0.454793,0.337888,0.482606):
		Updating particleInCell 1:
		Changing its coords from (0.566066,0.371553,0.363877) to (0.488488,0.358813,0.353696):
	Updating Particles positions in local cell 25:
		Updating particleInCell 0:
		Changing its coords from (0.630724,0.361720,0.483756) to (0.531594,0.352257,0.433615):
		Updating particleInCell 1:
		Changing its coords from (0.605252,0.411500,0.366156) to (0.514612,0.385444,0.355215):
	Updating Particles positions in local cell 26:
		Updating particleInCell 0:
		Changing its coords from (0.698064,0.358739,0.728394) to (0.576487,0.350271,0.596707):
		Updating particleInCell 1:
		Changing its coords from (0.722450,0.378046,0.616176) to (0.592744,0.363142,0.521895):
		Updating particleInCell 2:
		Changing its coords from (0.678134,0.394799,0.162991) to (0.563200,0.374311,0.219772):
	Updating Particles positions in local cell 27:
	Updating Particles positions in local cell 28:
	Updating Particles positions in local cell 29:
	Updating Particles positions in local cell 30:
		Updating particleInCell 0:
		Changing its coords from (0.511069,0.419804,0.604036) to (0.451824,0.390981,0.513802):
		Updating particleInCell 1:
		Changing its coords from (0.535253,0.494947,0.412103) to (0.467946,0.441076,0.385846):
		Updating particleInCell 2:
		Changing its coords from (0.564012,0.464348,0.325653) to (0.487119,0.420676,0.328213):
	Updating Particles positions in local cell 31:
		Updating particleInCell 0:
		Changing its coords from (0.655943,0.438024,0.532967) to (0.548407,0.403127,0.466423):
		Updating particleInCell 1:
		Changing its coords from (0.650283,0.475705,0.264624) to (0.544633,0.428248,0.287527):
	Updating Particles positions in local cell 32:
		Updating particleInCell 0:
		Changing its coords from (0.674193,0.447107,0.362474) to (0.560573,0.409182,0.352760):
	Updating Particles positions in local cell 33:
		Updating particleInCell 0:
		Changing its coords from (0.773274,0.420534,0.499235) to (0.626627,0.391467,0.443934):
		Updating particleInCell 1:
		Changing its coords from (0.777010,0.481375,0.422250) to (0.629118,0.432028,0.392611):
	Updating Particles positions in local cell 34:
	Updating Particles positions in local cell 35:
	Updating Particles positions in local cell 36:
		Updating particleInCell 0:
		Changing its coords from (0.521904,0.533147,0.627506) to (0.459047,0.466542,0.529448):
		Updating particleInCell 1:
		Changing its coords from (0.549745,0.563730,0.195514) to (0.477608,0.486931,0.241454):
	Updating Particles positions in local cell 37:
		Updating particleInCell 0:
		Changing its coords from (0.586933,0.526161,0.383576) to (0.502400,0.461885,0.366829):
		Updating particleInCell 1:
		Changing its coords from (0.665663,0.522312,0.132555) to (0.554887,0.459319,0.199481):
	Updating Particles positions in local cell 38:
		Updating particleInCell 0:
		Changing its coords from (0.701204,0.516328,0.625620) to (0.578580,0.455330,0.528191):
		Updating particleInCell 1:
		Changing its coords from (0.723323,0.505055,0.266652) to (0.593327,0.447814,0.288879):
		Updating particleInCell 2:
		Changing its coords from (0.669584,0.579503,0.685059) to (0.557500,0.497447,0.567817):
	Updating Particles positions in local cell 39:
	Updating Particles positions in local cell 40:
	Updating Particles positions in local cell 41:
	Updating Particles positions in local cell 42:
		Updating particleInCell 0:
		Changing its coords from (0.549185,0.658957,0.594169) to (0.477235,0.550416,0.507223):
		Updating particleInCell 1:
		Changing its coords from (0.562191,0.641226,0.433457) to (0.485905,0.538595,0.400083):
	Updating Particles positions in local cell 43:
		Updating particleInCell 0:
		Changing its coords from (0.602688,0.594905,0.322216) to (0.512903,0.507715,0.325922):
		Updating particleInCell 1:
		Changing its coords from (0.614561,0.597133,0.224518) to (0.520819,0.509200,0.260790):
		Updating particleInCell 2:
		Changing its coords from (0.639328,0.632491,0.730468) to (0.537330,0.532772,0.598090):
	Updating Particles positions in local cell 44:
		Updating particleInCell 0:
		Changing its coords from (0.682976,0.612370,0.772047) to (0.566429,0.519358,0.625809):
	Updating Particles positions in local cell 45:
		Updating particleInCell 0:
		Changing its coords from (0.750316,0.610386,0.585400) to (0.611322,0.518035,0.501378):
		Updating particleInCell 1:
		Changing its coords from (0.751856,0.612189,0.188076) to (0.612349,0.519237,0.236495):
	Updating Particles positions in local cell 46:
	Updating Particles positions in local cell 47:
	Updating Particles positions in local cell 48:
		Updating particleInCell 0:
		Changing its coords from (0.532964,0.689950,0.705976) to (0.466420,0.571078,0.581761):
	Updating Particles positions in local cell 49:
		Updating particleInCell 0:
		Changing its coords from (0.601650,0.710706,0.165212) to (0.512211,0.584915,0.221252):
		Updating particleInCell 1:
		Changing its coords from (0.661140,0.666783,0.203077) to (0.551871,0.555633,0.246496):
		Updating particleInCell 2:
		Changing its coords from (0.608622,0.722659,0.159054) to (0.516859,0.592884,0.217147):
		Updating particleInCell 3:
		Changing its coords from (0.648042,0.747031,0.286305) to (0.543139,0.609132,0.301981):
	Updating Particles positions in local cell 50:
		Updating particleInCell 0:
		Changing its coords from (0.694302,0.688455,0.467674) to (0.573979,0.570081,0.422894):
		Updating particleInCell 1:
		Changing its coords from (0.729991,0.678466,0.512337) to (0.597772,0.563422,0.452669):
		Updating particleInCell 2:
		Changing its coords from (0.706935,0.741789,0.456871) to (0.582401,0.605637,0.415692):
	Updating Particles positions in local cell 51:
	Updating Particles positions in local cell 52:
	Updating Particles positions in local cell 53:
	Updating Particles positions in local cell 54:
		Updating particleInCell 0:
		Changing its coords from (0.516210,0.774070,0.319039) to (0.455251,0.627158,0.323803):
	Updating Particles positions in local cell 55:
	Updating Particles positions in local cell 56:
	Updating Particles positions in local cell 57:
		Updating particleInCell 0:
		Changing its coords from (0.765374,0.757484,0.436542) to (0.621361,0.616100,0.402139):
	Updating Particles positions in local cell 58:
	Updating Particles positions in local cell 59:
	Updating Particles positions in local cell 60:
	Updating Particles positions in local cell 61:
	Updating Particles positions in local cell 62:
	Updating Particles positions in local cell 63:
	Updating Particles positions in local cell 64:
	Updating Particles positions in local cell 65:
	Updating Particles positions in local cell 66:
	Updating Particles positions in local cell 67:
	Updating Particles positions in local cell 68:
	Updating Particles positions in local cell 69:
	Updating Particles positions in local cell 70:
	Updating Particles positions in local cell 71:
TimeStep = 3, Start time = 4 + 2 prev timeStep dt
Calculated attractor point is at (0.333333,0.333333,0.333333):
Timestep 3 - Implosive mode
	Updating Particles positions in local cell 0:
	Updating Particles positions in local cell 1:
	Updating Particles positions in local cell 2:
	Updating Particles positions in local cell 3:
	Updating Particles positions in local cell 4:
	Updating Particles positions in local cell 5:
	Updating Particles positions in local cell 6:
	Updating Particles positions in local cell 7:
	Updating Particles positions in local cell 8:
	Updating Particles positions in local cell 9:
	Updating Particles positions in local cell 10:
	Updating Particles positions in local cell 11:
	Updating Particles positions in local cell 12:
		Updating particleInCell 0:
		Changing its coords from (0.583191,0.209320,0.229924) to (0.499905,0.250658,0.264394):
		Updating particleInCell 1:
		Changing its coords from (0.570521,0.232519,0.347795) to (0.491459,0.266123,0.342974):
		Updating particleInCell 2:
		Changing its coords from (0.508131,0.191099,0.375548) to (0.449865,0.238510,0.361476):
		Updating particleInCell 3:
		Changing its coords from (0.544607,0.216672,0.400724) to (0.474183,0.255559,0.378260):
		Updating particleInCell 4:
		Changing its coords from (0.504012,0.228751,0.393677) to (0.447119,0.263611,0.373562):
		Updating particleInCell 5:
		Changing its coords from (0.528484,0.225663,0.340052) to (0.463434,0.261553,0.337812):
	Updating Particles positions in local cell 13:
		Updating particleInCell 0:
		Changing its coords from (0.623512,0.188570,0.253427) to (0.526786,0.236825,0.280062):
	Updating Particles positions in local cell 14:
	Updating Particles positions in local cell 15:
	Updating Particles positions in local cell 16:
	Updating Particles positions in local cell 17:
	Updating Particles positions in local cell 18:
		Updating particleInCell 0:
		Changing its coords from (0.535527,0.264158,0.546861) to (0.468129,0.287216,0.475685):
		Updating particleInCell 1:
		Changing its coords from (0.557193,0.266990,0.213503) to (0.482573,0.289104,0.253446):
		Updating particleInCell 2:
		Changing its coords from (0.553739,0.323679,0.516190) to (0.480271,0.326897,0.455238):
		Updating particleInCell 3:
		Changing its coords from (0.562613,0.311285,0.414562) to (0.486186,0.318634,0.387486):
	Updating Particles positions in local cell 19:
		Updating particleInCell 0:
		Changing its coords from (0.624348,0.269883,0.536272) to (0.527343,0.291033,0.468625):
		Updating particleInCell 1:
		Changing its coords from (0.600521,0.254710,0.406583) to (0.511459,0.280918,0.382166):
		Updating particleInCell 2:
		Changing its coords from (0.594429,0.308842,0.577114) to (0.507397,0.317005,0.495854):
	Updating Particles positions in local cell 20:
	Updating Particles positions in local cell 21:
	Updating Particles positions in local cell 22:
	Updating Particles positions in local cell 23:
	Updating Particles positions in local cell 24:
		Updating particleInCell 0:
		Changing its coords from (0.531594,0.352257,0.433615) to (0.465507,0.345949,0.400188):
		Updating particleInCell 1:
		Changing its coords from (0.576487,0.350271,0.596707) to (0.495436,0.344625,0.508916):
		Updating particleInCell 2:
		Changing its coords from (0.514612,0.385444,0.355215) to (0.454186,0.368074,0.347921):
		Updating particleInCell 3:
		Changing its coords from (0.548407,0.403127,0.466423) to (0.476716,0.379862,0.422060):
		Updating particleInCell 4:
		Changing its coords from (0.563200,0.374311,0.219772) to (0.486578,0.360652,0.257626):
		Updating particleInCell 5:
		Changing its coords from (0.560573,0.409182,0.352760) to (0.484827,0.383899,0.346285):
	Updating Particles positions in local cell 25:
		Updating particleInCell 0:
		Changing its coords from (0.592744,0.363142,0.521895) to (0.506274,0.353206,0.459041):
		Updating particleInCell 1:
		Changing its coords from (0.626627,0.391467,0.443934) to (0.528863,0.372089,0.407067):
	Updating Particles positions in local cell 26:
	Updating Particles positions in local cell 27:
	Updating Particles positions in local cell 28:
	Updating Particles positions in local cell 29:
	Updating Particles positions in local cell 30:
		Updating particleInCell 0:
		Changing its coords from (0.544633,0.428248,0.287527) to (0.474200,0.396610,0.302796):
		Updating particleInCell 1:
		Changing its coords from (0.502400,0.461885,0.366829) to (0.446044,0.419035,0.355664):
		Updating particleInCell 2:
		Changing its coords from (0.554887,0.459319,0.199481) to (0.481035,0.417324,0.244099):
		Updating particleInCell 3:
		Changing its coords from (0.578580,0.455330,0.528191) to (0.496831,0.414664,0.463238):
		Updating particleInCell 4:
		Changing its coords from (0.557500,0.497447,0.567817) to (0.482778,0.442742,0.489656):
	Updating Particles positions in local cell 31:
		Updating particleInCell 0:
		Changing its coords from (0.629118,0.432028,0.392611) to (0.530523,0.399130,0.372852):
		Updating particleInCell 1:
		Changing its coords from (0.593327,0.447814,0.288879) to (0.506662,0.409654,0.303697):
	Updating Particles positions in local cell 32:
	Updating Particles positions in local cell 33:
	Updating Particles positions in local cell 34:
	Updating Particles positions in local cell 35:
	Updating Particles positions in local cell 36:
		Updating particleInCell 0:
		Changing its coords from (0.551871,0.555633,0.246496) to (0.479025,0.481533,0.275441):
		Updating particleInCell 1:
		Changing its coords from (0.573979,0.570081,0.422894) to (0.493764,0.491165,0.393040):
		Updating particleInCell 2:
		Changing its coords from (0.512903,0.507715,0.325922) to (0.453046,0.449588,0.328392):
		Updating particleInCell 3:
		Changing its coords from (0.520819,0.509200,0.260790) to (0.458324,0.450578,0.284971):
		Updating particleInCell 4:
		Changing its coords from (0.537330,0.532772,0.598090) to (0.469331,0.466292,0.509838):
		Updating particleInCell 5:
		Changing its coords from (0.566429,0.519358,0.625809) to (0.488730,0.457350,0.528317):
	Updating Particles positions in local cell 37:
		Updating particleInCell 0:
		Changing its coords from (0.597772,0.563422,0.452669) to (0.509626,0.486726,0.412890):
		Updating particleInCell 1:
		Changing its coords from (0.611322,0.518035,0.501378) to (0.518659,0.456468,0.445363):
		Updating particleInCell 2:
		Changing its coords from (0.612349,0.519237,0.236495) to (0.519343,0.457269,0.268774):
	Updating Particles positions in local cell 38:
	Updating Particles positions in local cell 39:
	Updating Particles positions in local cell 40:
	Updating Particles positions in local cell 41:
	Updating Particles positions in local cell 42:
		Updating particleInCell 0:
		Changing its coords from (0.512211,0.584915,0.221252) to (0.452585,0.501055,0.258613):
		Updating particleInCell 1:
		Changing its coords from (0.516859,0.592884,0.217147) to (0.455684,0.506367,0.255876):
		Updating particleInCell 2:
		Changing its coords from (0.582401,0.605637,0.415692) to (0.499379,0.514869,0.388239):
		Updating particleInCell 3:
		Changing its coords from (0.543139,0.609132,0.301981) to (0.473204,0.517199,0.312432):
	Updating Particles positions in local cell 43:
		Updating particleInCell 0:
		Changing its coords from (0.621361,0.616100,0.402139) to (0.525352,0.521845,0.379204):
	Updating Particles positions in local cell 44:
	Updating Particles positions in local cell 45:
	Updating Particles positions in local cell 46:
	Updating Particles positions in local cell 47:
	Updating Particles positions in local cell 48:
	Updating Particles positions in local cell 49:
	Updating Particles positions in local cell 50:
	Updating Particles positions in local cell 51:
	Updating Particles positions in local cell 52:
	Updating Particles positions in local cell 53:
	Updating Particles positions in local cell 54:
	Updating Particles positions in local cell 55:
	Updating Particles positions in local cell 56:
	Updating Particles positions in local cell 57:
	Updating Particles positions in local cell 58:
	Updating Particles positions in local cell 59:
	Updating Particles positions in local cell 60:
	Updating Particles positions in local cell 61:
	Updating Particles positions in local cell 62:
	Updating Particles positions in local cell 63:
	Updating Particles positions in local cell 64:
	Updating Particles positions in local cell 65:
	Updating Particles positions in local cell 66:
	Updating Particles positions in local cell 67:
	Updating Particles positions in local cell 68:
	Updating Particles positions in local cell 69:
	Updating Particles positions in local cell 70:
	Updating Particles positions in local cell 71:
TimeStep = 4, Start time = 6 + 2 prev timeStep dt
Calculated attractor point is at (0.333333,0.333333,0.333333):
Timestep 4 - Implosive mode
	Updating Particles positions in local cell 0:
	Updating Particles positions in local cell 1:
	Updating Particles positions in local cell 2:
	Updating Particles positions in local cell 3:
	Updating Particles positions in local cell 4:
	Updating Particles positions in local cell 5:
	Updating Particles positions in local cell 6:
	Updating Particles positions in local cell 7:
	Updating Particles positions in local cell 8:
	Updating Particles positions in local cell 9:
	Updating Particles positions in local cell 10:
	Updating Particles positions in local cell 11:
	Updating Particles positions in local cell 12:
		Updating particleInCell 0:
		Changing its coords from (0.526786,0.236825,0.280062) to (0.462302,0.268994,0.297819):
	Updating Particles positions in local cell 13:
	Updating Particles positions in local cell 14:
	Updating Particles positions in local cell 15:
	Updating Particles positions in local cell 16:
	Updating Particles positions in local cell 17:
	Updating Particles positions in local cell 18:
		Updating particleInCell 0:
		Changing its coords from (0.511459,0.280918,0.382166) to (0.452083,0.298390,0.365889):
		Updating particleInCell 1:
		Changing its coords from (0.527343,0.291033,0.468625) to (0.462673,0.305133,0.423528):
		Updating particleInCell 2:
		Changing its coords from (0.507397,0.317005,0.495854) to (0.449376,0.322448,0.441680):
	Updating Particles positions in local cell 19:
	Updating Particles positions in local cell 20:
	Updating Particles positions in local cell 21:
	Updating Particles positions in local cell 22:
	Updating Particles positions in local cell 23:
	Updating Particles positions in local cell 24:
		Updating particleInCell 0:
		Changing its coords from (0.506662,0.409654,0.303697) to (0.448886,0.384214,0.313576):
		Updating particleInCell 1:
		Changing its coords from (0.528863,0.372089,0.407067) to (0.463686,0.359171,0.382489):
		Updating particleInCell 2:
		Changing its coords from (0.506274,0.353206,0.459041) to (0.448627,0.346582,0.417139):
		Updating particleInCell 3:
		Changing its coords from (0.530523,0.399130,0.372852) to (0.464793,0.377198,0.359679):
	Updating Particles positions in local cell 25:
	Updating Particles positions in local cell 26:
	Updating Particles positions in local cell 27:
	Updating Particles positions in local cell 28:
	Updating Particles positions in local cell 29:
	Updating Particles positions in local cell 30:
		Updating particleInCell 0:
		Changing its coords from (0.509626,0.486726,0.412890) to (0.450861,0.435595,0.386371):
		Updating particleInCell 1:
		Changing its coords from (0.518659,0.456468,0.445363) to (0.456884,0.415423,0.408020):
		Updating particleInCell 2:
		Changing its coords from (0.519343,0.457269,0.268774) to (0.457340,0.415957,0.290294):
	Updating Particles positions in local cell 31:
	Updating Particles positions in local cell 32:
	Updating Particles positions in local cell 33:
	Updating Particles positions in local cell 34:
	Updating Particles positions in local cell 35:
	Updating Particles positions in local cell 36:
		Updating particleInCell 0:
		Changing its coords from (0.525352,0.521845,0.379204) to (0.461345,0.459007,0.363914):
	Updating Particles positions in local cell 37:
	Updating Particles positions in local cell 38:
	Updating Particles positions in local cell 39:
	Updating Particles positions in local cell 40:
	Updating Particles positions in local cell 41:
	Updating Particles positions in local cell 42:
	Updating Particles positions in local cell 43:
	Updating Particles positions in local cell 44:
	Updating Particles positions in local cell 45:
	Updating Particles positions in local cell 46:
	Updating Particles positions in local cell 47:
	Updating Particles positions in local cell 48:
	Updating Particles positions in local cell 49:
	Updating Particles positions in local cell 50:
	Updating Particles positions in local cell 51:
	Updating Particles positions in local cell 52:
	Updating Particles positions in local cell 53:
	Updating Particles positions in local cell 54:
	Updating Particles positions in local cell 55:
	Updating Particles positions in local cell 56:
	Updating Particles positions in local cell 57:
	Updating Particles positions in local cell 58:
	Updating Particles positions in local cell 59:
	Updating Particles positions in local cell 60:
	Updating Particles positions in local cell 61:
	Updating Particles positions in local cell 62:
	Updating Particles positions in local cell 63:
	Updating Particles positions in local cell 64:
	Updating Particles positions in local cell 65:
	Updating Particles positions in local cell 66:
	Updating Particles positions in local cell 67:
	Updating Particles positions in local cell 68:
	Updating Particles positions in local cell 69:
	Updating Particles positions in local cell 70:
	Updating Particles positions in local cell 71:
TimeStep = 5, Start time = 8 + 2 prev timeStep dt
Calculated attractor point is at (0.333333,0.333333,0.333333):
Timestep 5 - Implosive mode
	Updating Particles positions in local cell 0:
	Updating Particles positions in local cell 1:
	Updating Particles positions in local cell 2:
	Updating Particles positions in local cell 3:
	Updating Particles positions in local cell 4:
	Updating Particles positions in local cell 5:
	Updating Particles positions in local cell 6:
	Updating Particles positions in local cell 7:
	Updating Particles positions in local cell 8:
	Updating Particles positions in local cell 9:
	Updating Particles positions in local cell 10:
	Updating Particles positions in local cell 11:
	Updating Particles positions in local cell 12:
	Updating Particles positions in local cell 13:
	Updating Particles positions in local cell 14:
	Updating Particles positions in local cell 15:
	Updating Particles positions in local cell 16:
	Updating Particles positions in local cell 17:
	Updating Particles positions in local cell 18:
	Updating Particles positions in local cell 19:
	Updating Particles positions in local cell 20:
	Updating Particles positions in local cell 21:
	Updating Particles positions in local cell 22:
	Updating Particles positions in local cell 23:
	Updating Particles positions in local cell 24:
	Updating Particles positions in local cell 25:
	Updating Particles positions in local cell 26:
	Updating Particles positions in local cell 27:
	Updating Particles positions in local cell 28:
	Updating Particles positions in local cell 29:
	Updating Particles positions in local cell 30:
	Updating Particles positions in local cell 31:
	Updating Particles positions in local cell 32:
	Updating Particles positions in local cell 33:
	Updating Particles positions in local cell 34:
	Updating Particles positions in local cell 35:
	Updating Particles positions in local cell 36:
	Updating Particles positions in local cell 37:
	Updating Particles positions in local cell 38:
	Updating Particles positions in local cell 39:
	Updating Particles positions in local cell 40:
	Updating Particles positions in local cell 41:
	Updating Particles positions in local cell 42:
	Updating Particles positions in local cell 43:
	Updating Particles positions in local cell 44:
	Updating Particles positions in local cell 45:
	Updating Particles positions in local cell 46:
	Updating Particles positions in local cell 47:
	Updating Particles positions in local cell 48:
	Updating Particles positions in local cell 49:
	Updating Particles positions in local cell 50:
	Updating Particles positions in local cell 51:
	Updating Particles positions in local cell 52:
	Updating Particles positions in local cell 53:
	Updating Particles positions in local cell 54:
	Updating Particles positions in local cell 55:
	Updating Particles positions in local cell 56:
	Updating Particles positions in local cell 57:
	Updating Particles positions in local cell 58:
	Updating Particles positions in local cell 59:
	Updating Particles positions in local cell 60:
	Updating Particles positions in local cell 61:
	Updating Particles positions in local cell 62:
	Updating Particles positions in local cell 63:
	Updating Particles positions in local cell 64:
	Updating Particles positions in local cell 65:
	Updating Particles positions in local cell 66:
	Updating Particles positions in local cell 67:
	Updating Particles positions in local cell 68:
	Updating Particles positions in local cell 69:
	Updating Particles positions in local cell 70:
	Updating Particles positions in local cell 71:
