StGermain Framework revision 3605. Copyright (C) 2003-2005 VPAC.
Watching rank: 1
WithinShapeParticleLayout (ptr): 0x80626e8:
	SpaceFillerParticleLayout (ptr): 0x80626e8:
		GlobalParticleLayout (ptr): 0x80626e8
		ParticleLayout (ptr): 0x80626e8
		Stg_Class (ptr): 0x80626e8
			sizeOfSelf: 148
			_deleteSelf: Yes
			type: WithinShapeParticleLayout
			_delete (func ptr): 0xb7f87e9f
			_print (func ptr): 0xb7f87ec8
			_copy (func ptr): 0xb7f87f42
			_setInitialCounts (func ptr): 0xb7f78e93
			_initialiseParticles (func ptr): 0xb7f88169
			coordSystem: GlobalCoordSystem
			weightsInitialisedAtStartup : False
			_initialiseParticle (func ptr): 0xb7f80e1e
			totalInitialParticles: 10
			averageInitialParticlesPerCell: 1.25
		self->dim = 3
	Stg_Component (ptr): 0x8062438
	Stg_Object (ptr): 0x8062438
		Stg_Class (ptr): 0x8062438
			sizeOfSelf: 224
			_deleteSelf: Yes
			type: Sphere
			_delete (func ptr): 0xb7f01e5d
			_print (func ptr): 0xb7f01e86
			_copy (func ptr): 0xb7f01eb6
		name: testSphere
		nameAllocationType: NON_GLOBAL
		_defaultConstructor (func ptr): 0xb7f01f13
		_construct (func ptr): 0xb7f01fb8
		_build (func ptr): 0xb7f02026
		_initialise (func ptr): 0xb7f02056
		_execute (func ptr): 0xb7f02086
		_destroy (func ptr): 0xb7f020b6
		isConstructed: True
		isBuilt: False
		isInitialised: False
		hasExecuted: False
		isDestroyed: False
		constructor function name: testSphere-Construct
		build function name: testSphere-Build
		initialise function name: testSphere-Initialise
		execute function name: testSphere-Execute
		destroy function name: testSphere-Destroy
	Stg_Shape (ptr): (0x8062438)
	self->_isCoordInside = (ptr)0xb7f020e6
Printing coords of all local particles, cell-by-cell:
	Local Cell   0:
		part. InCell   0 (local index      1): (0.52942, 0.49963, 0.48059)
		part. InCell   1 (local index      2): (0.50827, 0.48257, 0.46768)
		part. InCell   2 (local index      4): (0.52713, 0.48972, 0.51108)
	Local Cell   1:
	Local Cell   2:
		part. InCell   0 (local index      0): (    0.5,     0.5,     0.5)
		part. InCell   1 (local index      3): (0.53909, 0.52707, 0.51328)
	Local Cell   3:
