StGermain Framework. Copyright (C) 2003-2005 VPAC.
Watching rank: 0
cellPointTbl  [ 0][0-8]:
	{-1 -1 -1}
	{1 -1 -1}
	{1 1 -1}
	{-1 1 -1}
	{-1 -1 1}
	{1 -1 1}
	{1 1 1}
	{-1 1 1}

Testing CellLayout_MapElementIdToCellId() always returns 0:
	CellLayout_MapElementIdToCellId( singleCellLayout, 0 ) = 0
	CellLayout_MapElementIdToCellId( singleCellLayout, 5 ) = 0
	CellLayout_MapElementIdToCellId( singleCellLayout, 100 ) = 0
Testing that particles always belong to first cell:
CellLayout_CellOf( singleCellLayout, X ) = 0

Testing SingleCellLayout_IsInCell:
For particle {0,0,0}: 1
For particle {1,1,1}: 1
For particle {2,1,1}: 0
