StGermain Framework revision 3623. Copyright (C) 2003-2005 VPAC.
Watching rank: 0
Swarm (ptr): 0x80682d0
Stg_Component (ptr): 0x80682d0
Stg_Object (ptr): 0x80682d0
	Stg_Class (ptr): 0x80682d0
		sizeOfSelf: 220
		_deleteSelf: Yes
		type: Swarm
		_delete (func ptr): 0x4002cbb0
		_print (func ptr): 0x4002ccc4
		_copy (func ptr): 0x4002d2d9
	name: testSwarm
	nameAllocationType: NON_GLOBAL
	_defaultConstructor (func ptr): 0x4002dbd4
	_construct (func ptr): 0x4002dcb7
	_build (func ptr): 0x4002def7
	_initialise (func ptr): 0x4002e21e
	_execute (func ptr): 0x4002e2f7
	_destroy (func ptr): 0x4002e2fc
	isConstructed: True
	isBuilt: True
	isInitialised: True
	hasExecuted: False
	isDestroyed: False
	constructor function name: testSwarm-Construct
	build function name: testSwarm-Build
	initialise function name: testSwarm-Initialise
	execute function name: testSwarm-Execute
	destroy function name: testSwarm-Destroy
ElementCellLayout (ptr): 0x8067860
CellLayout (ptr): 0x8067860
Stg_Component (ptr): 0x8067860
Stg_Object (ptr): 0x8067860
	Stg_Class (ptr): 0x8067860
		sizeOfSelf: 132
		_deleteSelf: Yes
		type: ElementCellLayout
		_delete (func ptr): 0x400214dc
		_print (func ptr): 0x40021505
		_copy (func ptr): 0x40021579
	name: elementCellLayout
	nameAllocationType: NON_GLOBAL
	_defaultConstructor (func ptr): 0x40021010
	_construct (func ptr): 0x40021651
	_build (func ptr): 0x400216c5
	_initialise (func ptr): 0x400216ca
	_execute (func ptr): 0x400216cf
	_destroy (func ptr): 0x400216d4
	isConstructed: True
	isBuilt: False
	isInitialised: False
	hasExecuted: False
	isDestroyed: False
	constructor function name: elementCellLayout-Construct
	build function name: elementCellLayout-Build
	initialise function name: elementCellLayout-Initialise
	execute function name: elementCellLayout-Execute
	destroy function name: elementCellLayout-Destroy
	_cellLocalCount (func ptr): 0x400216d9
	_cellShadowCount (func ptr): 0x400216f6
	_pointCount (func ptr): 0x40021713
	_initialisePoints (func ptr): 0x4002173d
	_mapElementIdToCellId (func ptr): 0x400217c7
	_isInCell (func ptr): 0x4002185a
	_cellOf (func ptr): 0x40021a5d
	_getShadowInfo (func ptr): 0x40021c50
	mesh (ptr): 0x8066280
RandomParticleLayout (ptr): 0x8067c78:
PerCellParticleLayout (ptr): 0x8067c78
ParticleLayout (ptr): 0x8067c78
Stg_Class (ptr): 0x8067c78
	sizeOfSelf: 132
	_deleteSelf: Yes
	type: RandomParticleLayout
	_delete (func ptr): 0x4002aed3
	_print (func ptr): 0x4002aefc
	_copy (func ptr): 0x4002af8f
	_setInitialCounts (func ptr): 0x4002a335
	_initialiseParticles (func ptr): 0x4002a4d2
	coordSystem: GlobalCoordSystem
	weightsInitialisedAtStartup : False
	_initialCount (func ptr): 0x4002b168
	_initialiseParticlesOfCell (func ptr): 0x4002b17c
	cellParticleCount: 4
	seed: 13
	cellLocalCount: 12
	cellDomainCount: 12
	cellShadowCount: 0
	cellPointCountTbl (ptr): 0x8069710
	cellPointCountTbl[0-12]: 008 008 008 008 008 008 008 008 008 008 008 008 
	cellPointTbl (ptr): 0x8069750
	cellPointTbl[0-12]: {
	cellPointTbl[0][0-8]: {0 0 0} {150 0 0} {150 4 0} {0 4 0} {0 0 150} {150 0 150} {150 4 150} {0 4 150} 
	cellPointTbl[1][0-8]: {150 0 0} {300 0 0} {300 4 0} {150 4 0} {150 0 150} {300 0 150} {300 4 150} {150 4 150} 
	cellPointTbl[2][0-8]: {0 4 0} {150 4 0} {150 8 0} {0 8 0} {0 4 150} {150 4 150} {150 8 150} {0 8 150} 
	cellPointTbl[3][0-8]: {150 4 0} {300 4 0} {300 8 0} {150 8 0} {150 4 150} {300 4 150} {300 8 150} {150 8 150} 
	cellPointTbl[4][0-8]: {0 8 0} {150 8 0} {150 12 0} {0 12 0} {0 8 150} {150 8 150} {150 12 150} {0 12 150} 
	cellPointTbl[5][0-8]: {150 8 0} {300 8 0} {300 12 0} {150 12 0} {150 8 150} {300 8 150} {300 12 150} {150 12 150} 
	cellPointTbl[6][0-8]: {0 0 150} {150 0 150} {150 4 150} {0 4 150} {0 0 300} {150 0 300} {150 4 300} {0 4 300} 
	cellPointTbl[7][0-8]: {150 0 150} {300 0 150} {300 4 150} {150 4 150} {150 0 300} {300 0 300} {300 4 300} {150 4 300} 
	cellPointTbl[8][0-8]: {0 4 150} {150 4 150} {150 8 150} {0 8 150} {0 4 300} {150 4 300} {150 8 300} {0 8 300} 
	cellPointTbl[9][0-8]: {150 4 150} {300 4 150} {300 8 150} {150 8 150} {150 4 300} {300 4 300} {300 8 300} {150 8 300} 
	cellPointTbl[10][0-8]: {0 8 150} {150 8 150} {150 12 150} {0 12 150} {0 8 300} {150 8 300} {150 12 300} {0 12 300} 
	cellPointTbl[11][0-8]: {150 8 150} {300 8 150} {300 12 150} {150 12 150} {150 8 300} {300 8 300} {300 12 300} {150 12 300} 
}

	cellParticleCountTbl (ptr): 0x8069910
	cellParticleCountTbl[0-12]: 004 004 004 004 004 004 004 004 004 004 004 004 
	cellParticleSizeTbl (ptr): 0x8069950
	cellParticleSizeTbl[0-12]: 004 004 004 004 004 004 004 004 004 004 004 004 
	cellParticleTbl (ptr): 0x8069990
	cellParticleTbl [0-12]: {
		cellParticleTbl[0][0-4]:
			(part. index) 0
			(part. index) 1
			(part. index) 2
			(part. index) 3

		cellParticleTbl[1][0-4]:
			(part. index) 4
			(part. index) 5
			(part. index) 6
			(part. index) 7

		cellParticleTbl[2][0-4]:
			(part. index) 8
			(part. index) 9
			(part. index) 10
			(part. index) 11

		cellParticleTbl[3][0-4]:
			(part. index) 12
			(part. index) 13
			(part. index) 14
			(part. index) 15

		cellParticleTbl[4][0-4]:
			(part. index) 16
			(part. index) 17
			(part. index) 18
			(part. index) 19

		cellParticleTbl[5][0-4]:
			(part. index) 20
			(part. index) 21
			(part. index) 22
			(part. index) 23

		cellParticleTbl[6][0-4]:
			(part. index) 24
			(part. index) 25
			(part. index) 26
			(part. index) 27

		cellParticleTbl[7][0-4]:
			(part. index) 28
			(part. index) 29
			(part. index) 30
			(part. index) 31

		cellParticleTbl[8][0-4]:
			(part. index) 32
			(part. index) 33
			(part. index) 34
			(part. index) 35

		cellParticleTbl[9][0-4]:
			(part. index) 36
			(part. index) 37
			(part. index) 38
			(part. index) 39

		cellParticleTbl[10][0-4]:
			(part. index) 40
			(part. index) 41
			(part. index) 42
			(part. index) 43

		cellParticleTbl[11][0-4]:
			(part. index) 44
			(part. index) 45
			(part. index) 46
			(part. index) 47

	}
	particlesArraySize: 50
	particlesArrayDelta: 2
	extraParticlesFactor: 0.05

Printing coords of all local processor particles:
	local particle      0: ( 36.393,  2.6846,  24.175)
	local particle      1: ( 106.19,  2.9264,  13.188)
	local particle      2: ( 107.93, 0.63865,  64.247)
	local particle      3: ( 105.66,  3.4006,  72.744)
	local particle      4: ( 261.92,  2.6066,  15.099)
	local particle      5: ( 275.23,  0.3656,  23.032)
	local particle      6: ( 242.36,  2.7593,  108.86)
	local particle      7: ( 201.31, 0.95553,  137.57)
	local particle      8: ( 91.249,  4.7051,  70.366)
	local particle      9: ( 40.359,  4.3716,  52.268)
	local particle     10: ( 60.611,   5.112,  54.881)
	local particle     11: ( 32.111,  7.5087,  74.722)
	local particle     12: ( 196.11,  6.3309,  102.69)
	local particle     13: ( 271.87,  5.6744,  61.877)
	local particle     14: ( 162.47,  6.9511,  106.25)
	local particle     15: ( 218.88,   4.529,  122.07)
	local particle     16: (  6.633,  8.8349,  9.5572)
	local particle     17: ( 128.61,  9.1473,  118.49)
	local particle     18: ( 88.893,  8.5958,  31.668)
	local particle     19: ( 47.516,  8.1327,  100.78)
	local particle     20: ( 168.92,  10.188,  58.886)
	local particle     21: ( 292.64,  10.957,  111.71)
	local particle     22: ( 178.58,  9.6187,  77.415)
	local particle     23: ( 157.44,  9.3549,  132.28)
	local particle     24: ( 13.625,  2.5714,  177.84)
	local particle     25: ( 41.912, 0.49186,  250.38)
	local particle     26: ( 28.378,  2.7518,  206.87)
	local particle     27: ( 52.956,  2.0438,  233.85)
	local particle     28: ( 234.77,  1.8292,  288.89)
	local particle     29: ( 150.61,  3.2193,  263.64)
	local particle     30: ( 291.18,  3.2598,  262.71)
	local particle     31: ( 179.89,  2.2259,  260.91)
	local particle     32: ( 134.18,   5.628,  207.39)
	local particle     33: ( 121.05,  7.5377,  244.92)
	local particle     34: ( 30.961,  4.4256,  161.67)
	local particle     35: ( 137.84,  6.2785,  237.33)
	local particle     36: ( 268.23,  4.7118,  260.51)
	local particle     37: ( 245.18,  7.6362,  217.72)
	local particle     38: ( 172.83,  5.4331,  198.27)
	local particle     39: ( 255.76,  6.2508,  184.54)
	local particle     40: ( 20.322,  8.1917,  206.56)
	local particle     41: ( 147.93,  10.659,  220.01)
	local particle     42: ( 145.89,  9.6342,  206.44)
	local particle     43: ( 59.141,  10.387,  266.19)
	local particle     44: ( 234.72,  9.8836,   211.3)
	local particle     45: ( 297.29,  9.6065,  154.82)
	local particle     46: ( 243.25,  9.1756,  265.76)
	local particle     47: ( 152.97,   8.364,     185)

Printing coords of all local particles, cell-by-cell:
	Local Cell   0:
		part. InCell   0 (local index      0): ( 36.393,  2.6846,  24.175)
		part. InCell   1 (local index      1): ( 106.19,  2.9264,  13.188)
		part. InCell   2 (local index      2): ( 107.93, 0.63865,  64.247)
		part. InCell   3 (local index      3): ( 105.66,  3.4006,  72.744)
	Local Cell   1:
		part. InCell   0 (local index      4): ( 261.92,  2.6066,  15.099)
		part. InCell   1 (local index      5): ( 275.23,  0.3656,  23.032)
		part. InCell   2 (local index      6): ( 242.36,  2.7593,  108.86)
		part. InCell   3 (local index      7): ( 201.31, 0.95553,  137.57)
	Local Cell   2:
		part. InCell   0 (local index      8): ( 91.249,  4.7051,  70.366)
		part. InCell   1 (local index      9): ( 40.359,  4.3716,  52.268)
		part. InCell   2 (local index     10): ( 60.611,   5.112,  54.881)
		part. InCell   3 (local index     11): ( 32.111,  7.5087,  74.722)
	Local Cell   3:
		part. InCell   0 (local index     12): ( 196.11,  6.3309,  102.69)
		part. InCell   1 (local index     13): ( 271.87,  5.6744,  61.877)
		part. InCell   2 (local index     14): ( 162.47,  6.9511,  106.25)
		part. InCell   3 (local index     15): ( 218.88,   4.529,  122.07)
	Local Cell   4:
		part. InCell   0 (local index     16): (  6.633,  8.8349,  9.5572)
		part. InCell   1 (local index     17): ( 128.61,  9.1473,  118.49)
		part. InCell   2 (local index     18): ( 88.893,  8.5958,  31.668)
		part. InCell   3 (local index     19): ( 47.516,  8.1327,  100.78)
	Local Cell   5:
		part. InCell   0 (local index     20): ( 168.92,  10.188,  58.886)
		part. InCell   1 (local index     21): ( 292.64,  10.957,  111.71)
		part. InCell   2 (local index     22): ( 178.58,  9.6187,  77.415)
		part. InCell   3 (local index     23): ( 157.44,  9.3549,  132.28)
	Local Cell   6:
		part. InCell   0 (local index     24): ( 13.625,  2.5714,  177.84)
		part. InCell   1 (local index     25): ( 41.912, 0.49186,  250.38)
		part. InCell   2 (local index     26): ( 28.378,  2.7518,  206.87)
		part. InCell   3 (local index     27): ( 52.956,  2.0438,  233.85)
	Local Cell   7:
		part. InCell   0 (local index     28): ( 234.77,  1.8292,  288.89)
		part. InCell   1 (local index     29): ( 150.61,  3.2193,  263.64)
		part. InCell   2 (local index     30): ( 291.18,  3.2598,  262.71)
		part. InCell   3 (local index     31): ( 179.89,  2.2259,  260.91)
	Local Cell   8:
		part. InCell   0 (local index     32): ( 134.18,   5.628,  207.39)
		part. InCell   1 (local index     33): ( 121.05,  7.5377,  244.92)
		part. InCell   2 (local index     34): ( 30.961,  4.4256,  161.67)
		part. InCell   3 (local index     35): ( 137.84,  6.2785,  237.33)
	Local Cell   9:
		part. InCell   0 (local index     36): ( 268.23,  4.7118,  260.51)
		part. InCell   1 (local index     37): ( 245.18,  7.6362,  217.72)
		part. InCell   2 (local index     38): ( 172.83,  5.4331,  198.27)
		part. InCell   3 (local index     39): ( 255.76,  6.2508,  184.54)
	Local Cell  10:
		part. InCell   0 (local index     40): ( 20.322,  8.1917,  206.56)
		part. InCell   1 (local index     41): ( 147.93,  10.659,  220.01)
		part. InCell   2 (local index     42): ( 145.89,  9.6342,  206.44)
		part. InCell   3 (local index     43): ( 59.141,  10.387,  266.19)
	Local Cell  11:
		part. InCell   0 (local index     44): ( 234.72,  9.8836,   211.3)
		part. InCell   1 (local index     45): ( 297.29,  9.6065,  154.82)
		part. InCell   2 (local index     46): ( 243.25,  9.1756,  265.76)
		part. InCell   3 (local index     47): ( 152.97,   8.364,     185)
Testing coord 180 2.4 246
Closest Particle is 31 with distance 14.9097
Testing coord 60 10.8 36
Closest Particle is 10 with distance 19.7285
