StGermain Framework revision 3791. Copyright (C) 2003-2005 VPAC.
1e-14
/*******************    Test 1   ************************/
Test TensorArray Identity

2-D
tensorArray - 
      1           0     
      0           1     
3-D
tensorArray - 
      1           0           0     
      0           1           0     
      0           0           1     

/*******************    Test 2   ************************/
Test SymmetricTensor Identity

2-D
symmTensor - 
      1           0     
      0           1     
3-D
symmTensor - 
      1           0           0     
      0           1           0     
      0           0           1     

/*******************    Test 3   ************************/
Test function TensorArray_Transpose 

2-D
tensorArray - 
    0.7           1     
      2           3     
tensorResult - 
    0.7           2     
      1           3     
3-D
tensorArray - 
    0.5          10          20     
     30          40          50     
     60          70          80     
tensorResult - 
    0.5          30          60     
     10          40          70     
     20          50          80     

/*******************    Test 4   ************************/
Test function TensorArray_Add 

2-D
tensorArray - 
    0.5          10     
     20          30     
tensorArray2 - 
      5           6     
      7           8     
tensorResult - 
    5.5          16     
     27          38     
3-D
tensorArray - 
    0.5          10          20     
     30          40          50     
     60          70          80     
tensorArray2 - 
      5           1           2     
      3           4           5     
      6           7           8     
tensorResult - 
    5.5          11          22     
     33          44          55     
     66          77          88     

/*******************    Test 5   ************************/
Test function TensorArray_Subtract 

2-D
tensorArray - 
    0.5          10     
     20          30     
tensorArray2 - 
      5           6     
      7           8     
tensorResult - 
   -4.5           4     
     13          22     
3-D
tensorArray - 
    0.5          10          20     
     30          40          50     
     60          70          80     
tensorArray2 - 
     50           1           2     
      3           4           5     
      6           7           8     
tensorResult - 
  -49.5           9          18     
     27          36          45     
     54          63          72     

/*******************    Test 6   ************************/
Test function TensorArray_MultiplyByTensorArray 

Solutions tested against: http://www.uni-bonn.de/~manfear/matrixcalc.php2-D
tensorArray - 
      1           2     
      3           4     
tensorArray2 - 
      5           6     
      7           8     
tensorResult - 
     19          22     
     43          50     
3-D
tensorArray - 
      1           2           3     
      4           5           6     
      7           8           9     
tensorArray2 - 
     10          11          12     
     13          14          15     
     16          17          18     
tensorResult - 
     84          90          96     
    201         216         231     
    318         342         366     

/*******************    Test 7   ************************/
Test function TensorArray_MultiplyByRightTranspose 

Solutions tested against: http://www.uni-bonn.de/~manfear/matrixcalc.php2-D
tensorArray - 
      1           2     
      3           4     
The answer, A * A^T = 
symmTensorResult - 
      5          11     
     11          25     
3-D
tensorArray - 
      1           2           3     
      4           5           6     
      7           8           9     
The answer, A * A^T = 
symmTensorResult - 
     14          32          50     
     32          77         122     
     50         122         194     

/*******************    Test 8   ************************/
Test function TensorArray_MultiplyByLeftTranspose 

Solutions tested against: http://www.uni-bonn.de/~manfear/matrixcalc.php2-D
tensorArray - 
      1           2     
      3           4     
The answer, A^T * A = 
symmTensorResult - 
     10          14     
     14          20     
3-D
tensorArray - 
      1           2           3     
      4           5           6     
      7           8           9     
The answer, A^T * A = 
symmTensorResult - 
     66          78          90     
     78          93         108     
     90         108         126     

/*******************    Test 9   ************************/
Test function TensorArray_MultiplyBySymmetricTensor 

Solutions tested against: http://www.uni-bonn.de/~manfear/matrixcalc.php2-D
tensorArray - 
      1           2     
      3           4     
symmTensor - 
      5           6     
      6           7     
tensorResult - 
     17          20     
     39          46     
3-D
tensorArray - 
      1           2           3     
      4           5           6     
      7           8           9     
symmTensor - 
     10          11          12     
     11          13          14     
     12          14          15     
tensorResult - 
     68          79          85     
    167         193         208     
    266         307         331     

/*******************    Test 10   ************************/
Test function TensorArray_MultiplyByLeftVector 

Solutions tested against: http://www.uni-bonn.de/~manfear/matrixcalc.php2-D
tensorArray - 
      1           2     
      3           4     
vector - {5.000000, 6.000000}
vectorResult - {23.000000, 34.000000}
3-D
tensorArray - 
      1           2           3     
      4           5           6     
      7           8           9     
vector - {10.000000, 11.000000, 12.000000}
vectorResult - {138.000000, 171.000000, 204.000000}

/*******************    Test 11   ************************/
Test function TensorArray_MultiplyByRightVector 

Solutions tested against: http://www.uni-bonn.de/~manfear/matrixcalc.php2-D
tensorArray - 
      1           2     
      3           4     
vector - {5.000000, 6.000000}
vectorResult - {17.000000, 39.000000}
3-D
tensorArray - 
      1           2           3     
      4           5           6     
      7           8           9     
vector - {10.000000, 11.000000, 12.000000}
vectorResult - {68.000000, 167.000000, 266.000000}

/*******************    Test 12   ************************/
Test function TensorArray_CalcDeterminant 

Solutions tested against: http://www.bluebit.gr/matrix-calculator/2-D
tensorArray - 
      1           2     
      3           4     
Determinant = 
result = -2
3-D
tensorArray - 
      1           2           3     
     30          22           4     
      5           7           9     
Determinant = 
result = -30

/*******************    Test 13   ************************/
Test function TensorArray_CalcInverseWithDeterminant 

2-D
tensorArray - 
      1           2     
      3           4     
Answer calculated within tolerance 1e-14, for solution:
Inverse of tensor:
tensorCompare - 
     -2           1     
    1.5        -0.5     
3-D
tensorArray - 
      1           2           3     
     30          22           4     
      5           7           9     
Answer calculated within tolerance 1e-14, for solution:
Inverse of tensor:
tensorCompare - 
-5.6667        -0.1      1.9333     
 8.3333         0.2     -2.8667     
-3.3333        -0.1      1.2667     

/*******************    Test 14   ************************/
Test function TensorArray_CalcInverse 

Solutions tested against: http://www.bluebit.gr/matrix-calculator/2-D
tensorArray - 
      1           2     
      3           4     
Answer calculated within tolerance 1e-14, for solution:
Inverse of tensor:
tensorCompare - 
     -2           1     
    1.5        -0.5     
3-D
tensorArray - 
      1           2           3     
     30          22           4     
      5           7           9     
Answer calculated within tolerance 1e-14, for solution:
Inverse of tensor:
tensorCompare - 
-5.6667        -0.1      1.9333     
 8.3333         0.2     -2.8667     
-3.3333        -0.1      1.2667     

/*******************    Test 15   ************************/
Test function TensorArray_DoubleContraction 

Hand verified
2-D
tensorArray - 
      1           2     
      3           4     
tensorArray2 - 
      5           6     
      7           8     
Double Contraction = 
result = 70
3-D
tensorArray - 
      1           2           3     
      4           5           6     
      7           8           9     
tensorArray2 - 
     11          12          13     
     14          15          16     
     17          18          19     
Double Contraction = 
result = 735

/*******************    Test 16   ************************/
Test function SymmetricTensor_DoubleContraction 

Hand verified
2-D
symmTensor - 
      1           2     
      2           4     
symmTensor2 - 
     10          20     
     20          40     
Double Contraction = 
result = 250
3-D
symmTensor - 
      1           2           3     
      2           4           5     
      3           5           6     
symmTensor2 - 
     10          20          30     
     20          40          50     
     30          50          60     
Double Contraction = 
result = 1290

/*******************    Test 17   ************************/
Test function Journal_PrintNonSquareMatrix 

nonSquareMatrixA - 
      0	      1	      2	      3	
      4	      5	      6	      7	
      8	      9	     10	     11	
nonSquareMatrixB - 
      0	      1	
      2	      3	
      4	      5	
      6	      7	

/*******************    Test 18   ************************/
Test function NonSquareMatrix_Transpose 

nonSquareMatrixA - 
      0	      1	      2	      3	
      4	      5	      6	      7	
      8	      9	     10	     11	
nonSquareMatrixAT - 
      0	      4	      8	
      1	      5	      9	
      2	      6	     10	
      3	      7	     11	

/*******************    Test 19   ************************/
Test function NonSquareMatrix_MultiplicationByNonSquareMatrix 

nonSquareMatrixA - 
      0	      1	      2	      3	
      4	      5	      6	      7	
      8	      9	     10	     11	
nonSquareMatrixB - 
      0	      1	
      2	      3	
      4	      5	
      6	      7	
nonSquareMatrixResult - 
     28	     34	
     76	     98	
    124	    162	

/*******************    Test 20   ************************/
Test function NonSquareMatrix_MatrixVectorMultiplication 

Tested against solutions at http://www.uni-bonn.de/~manfear/solve_lineq.php

nonSquareMatrixAT - 
      0	      4	      8	
      1	      5	      9	
      2	      6	     10	
      3	      7	     11	
vector - {1.000000, 2.000000, 3.000000}
SolutionVector within tolerance 1e-05 of solution:
solutionVectorCompare - {32.000000, 38.000000, 44.000000, 50.000000}
