Watching rank: 0
Before Freeing memory
Report Query: Bytes Report Query: Bytes Report Query: StructA Report Query: StructB Report Query: StructC Report Query: StructA Report Query: StructB Report Query: StructC Report Query: StructA Report Query: StructB Report Query: StructC Report Query: Index Report Query: StructA Report Query: Test1 Report Query: Test1 Report Query: Test1 Report Query: Test1 Report Query: Test1 Report Query: Test1 Report Query: testMemory2.c main Bytes Report Query: testMemory2.c main Bytes Report Query: testMemory2.c main StructA Report Query: testMemory2.c main StructB Report Query: testMemory2.c main StructC Report Query: testMemory2.c main StructA Report Query: testMemory2.c main StructB Report Query: testMemory2.c main StructC Report Query: testMemory2.c main StructA Report Query: testMemory2.c main StructB Report Query: testMemory2.c main StructC Report Query: testMemory2.c main Index Report Query: testMemory2.c main StructA Report Query: StructA Test2 