Stg_Class (ptr): 0x806f938
	sizeOfSelf: 56
	_deleteSelf: Yes
	type: dictionary
	_delete (func ptr): 0x804b537
	_print (func ptr): 0x804b5a4
	_copy (func ptr): (nil)
Dictionary:
	size: 15
	delta: 5
	count: 13
	entryPtr[0-13]: {
		FirstStruct: 
			three: "param three"
			four: 5
			three: "param three"
			four: 5
			one: "new param"
			two: 1
			list_one: "some text two", "some more text two"
			struct_one: 
				inside_one: "???"
				inside_two: "!!!"
				inside_three: "###"
		root_list: "new param", "1.0", "new param two", "2.0"
		journal.info.test2: "off"
		journal.debug.test1: "on"
		journal.dump.test1: "on"
		journal.info.test1.new1: "on"
		journal.info.test1.new2: "off"
		journal-level.info.test1.new1: "3"
		journal-file.newtype: "data/testJournal-out1.txt"
		journal-file.newtype.other: "data/testJournal-out2.txt"
		journal-rank.info.propertiestest1: "0"
		journal-rank.info.propertiestest2: "-22"
		journal-autoflush.info.propertiestest1: "yes"
			}
