List Data:
	looking for 0x1, found 0x64
	looking for 0x2, found 0x63
	looking for 0x3, found 0x62
	looking for 0x4, found 0x61
	looking for 0x5, found 0x60
	looking for 0x6, found 0x5f
	looking for 0x7, found 0x5e
	looking for 0x8, found 0x5d
	looking for 0x9, found 0x5c
	looking for 0xa, found 0x5b
	looking for 0xb, found 0x5a
	looking for 0xc, found 0x59
	looking for 0xd, found 0x58
	looking for 0xe, found 0x57
	looking for 0xf, found 0x56
	looking for 0x10, found 0x55
	looking for 0x11, found 0x54
	looking for 0x12, found 0x53
	looking for 0x13, found 0x52
	looking for 0x14, found 0x51
	looking for 0x15, found 0x50
	looking for 0x16, found 0x4f
	looking for 0x17, found 0x4e
	looking for 0x18, found 0x4d
	looking for 0x19, found 0x4c
	looking for 0x1a, found 0x4b
	looking for 0x1b, found 0x4a
	looking for 0x1c, found 0x49
	looking for 0x1d, found 0x48
	looking for 0x1e, found 0x47
	looking for 0x1f, found 0x46
	looking for 0x20, found 0x45
	looking for 0x21, found 0x44
	looking for 0x22, found 0x43
	looking for 0x23, found 0x42
	looking for 0x24, found 0x41
	looking for 0x25, found 0x40
	looking for 0x26, found 0x3f
	looking for 0x27, found 0x3e
	looking for 0x28, found 0x3d
	looking for 0x29, found 0x3c
	looking for 0x2a, found 0x3b
	looking for 0x2b, found 0x3a
	looking for 0x2c, found 0x39
	looking for 0x2d, found 0x38
	looking for 0x2e, found 0x37
	looking for 0x2f, found 0x36
	looking for 0x30, found 0x35
	looking for 0x31, found 0x34
	looking for 0x32, found 0x33
	looking for 0x33, found 0x32
	looking for 0x34, found 0x31
	looking for 0x35, found 0x30
	looking for 0x36, found 0x2f
	looking for 0x37, found 0x2e
	looking for 0x38, found 0x2d
	looking for 0x39, found 0x2c
	looking for 0x3a, found 0x2b
	looking for 0x3b, found 0x2a
	looking for 0x3c, found 0x29
	looking for 0x3d, found 0x28
	looking for 0x3e, found 0x27
	looking for 0x3f, found 0x26
	looking for 0x40, found 0x25
	looking for 0x41, found 0x24
	looking for 0x42, found 0x23
	looking for 0x43, found 0x22
	looking for 0x44, found 0x21
	looking for 0x45, found 0x20
	looking for 0x46, found 0x1f
	looking for 0x47, found 0x1e
	looking for 0x48, found 0x1d
	looking for 0x49, found 0x1c
	looking for 0x4a, found 0x1b
	looking for 0x4b, found 0x1a
	looking for 0x4c, found 0x19
	looking for 0x4d, found 0x18
	looking for 0x4e, found 0x17
	looking for 0x4f, found 0x16
	looking for 0x50, found 0x15
	looking for 0x51, found 0x14
	looking for 0x52, found 0x13
	looking for 0x53, found 0x12
	looking for 0x54, found 0x11
	looking for 0x55, found 0x10
	looking for 0x56, found 0xf
	looking for 0x57, found 0xe
	looking for 0x58, found 0xd
	looking for 0x59, found 0xc
	looking for 0x5a, found 0xb
	looking for 0x5b, found 0xa
	looking for 0x5c, found 0x9
	looking for 0x5d, found 0x8
	looking for 0x5e, found 0x7
	looking for 0x5f, found 0x6
	looking for 0x60, found 0x5
	looking for 0x61, found 0x4
	looking for 0x62, found 0x3
	looking for 0x63, found 0x2
	looking for 0x64, found 0x1
