List Data:
	looking for 1, found 100
	looking for 2, found 99
	looking for 3, found 98
	looking for 4, found 97
	looking for 5, found 96
	looking for 6, found 95
	looking for 7, found 94
	looking for 8, found 93
	looking for 9, found 92
	looking for 10, found 91
	looking for 11, found 90
	looking for 12, found 89
	looking for 13, found 88
	looking for 14, found 87
	looking for 15, found 86
	looking for 16, found 85
	looking for 17, found 84
	looking for 18, found 83
	looking for 19, found 82
	looking for 20, found 81
	looking for 21, found 80
	looking for 22, found 79
	looking for 23, found 78
	looking for 24, found 77
	looking for 25, found 76
	looking for 26, found 75
	looking for 27, found 74
	looking for 28, found 73
	looking for 29, found 72
	looking for 30, found 71
	looking for 31, found 70
	looking for 32, found 69
	looking for 33, found 68
	looking for 34, found 67
	looking for 35, found 66
	looking for 36, found 65
	looking for 37, found 64
	looking for 38, found 63
	looking for 39, found 62
	looking for 40, found 61
	looking for 41, found 60
	looking for 42, found 59
	looking for 43, found 58
	looking for 44, found 57
	looking for 45, found 56
	looking for 46, found 55
	looking for 47, found 54
	looking for 48, found 53
	looking for 49, found 52
	looking for 50, found 51
	looking for 51, found 50
	looking for 52, found 49
	looking for 53, found 48
	looking for 54, found 47
	looking for 55, found 46
	looking for 56, found 45
	looking for 57, found 44
	looking for 58, found 43
	looking for 59, found 42
	looking for 60, found 41
	looking for 61, found 40
	looking for 62, found 39
	looking for 63, found 38
	looking for 64, found 37
	looking for 65, found 36
	looking for 66, found 35
	looking for 67, found 34
	looking for 68, found 33
	looking for 69, found 32
	looking for 70, found 31
	looking for 71, found 30
	looking for 72, found 29
	looking for 73, found 28
	looking for 74, found 27
	looking for 75, found 26
	looking for 76, found 25
	looking for 77, found 24
	looking for 78, found 23
	looking for 79, found 22
	looking for 80, found 21
	looking for 81, found 20
	looking for 82, found 19
	looking for 83, found 18
	looking for 84, found 17
	looking for 85, found 16
	looking for 86, found 15
	looking for 87, found 14
	looking for 88, found 13
	looking for 89, found 12
	looking for 90, found 11
	looking for 91, found 10
	looking for 92, found 9
	looking for 93, found 8
	looking for 94, found 7
	looking for 95, found 6
	looking for 96, found 5
	looking for 97, found 4
	looking for 98, found 3
	looking for 99, found 2
	looking for 100, found 1
