Printing coords of all local processor particles:
	local particle      0: (      0,       1,       0)
	local particle      1: (      0,  2.6842,       0)
	local particle      2: (      0,  4.3684,       0)
	local particle      3: (      0,  6.0526,       0)
	local particle      4: (      0,  7.7368,       0)
	local particle      5: (      0,  9.4211,       0)
	local particle      6: (0.10526,      11,       0)
	local particle      7: ( 1.7895,      11,       0)
	local particle      8: ( 3.4737,      11,       0)
	local particle      9: ( 5.1579,      11,       0)
	local particle     10: ( 6.8421,      11,       0)
	local particle     11: ( 8.5263,      11,       0)
	local particle     12: ( 10.211,      11,       0)
	local particle     13: ( 11.895,      11,       0)
	local particle     14: ( 13.579,      11,       0)
	local particle     15: ( 15.263,      11,       0)
	local particle     16: ( 16.947,      11,       0)
	local particle     17: ( 18.632,      11,       0)
	local particle     18: ( 20.316,      11,       0)
	local particle     19: (     22,      11,       0)
