#       Timestep            Time          CoordX          CoordY          CoordZ
               0               2            0.75            0.25               0
               1               4            0.75            0.75               0
               2               6            0.25            0.75               0
               3               8            0.25            0.25               0
               4              10            0.75            0.25               0
