Inserting live components into the LiveComponentRegistry
Printing the LiveComponentRegister:LiveComponentRegister (ptr): 0x805c068
Stg_Class (ptr): 0x805c068
	sizeOfSelf: 28
	_deleteSelf: Yes
	type: LiveComponentRegister
	_delete (func ptr): 0xb7f14e4b
	_print (func ptr): 0xb7f14ed6
	_copy (func ptr): (nil)
componentList (ptr): 0x805c0f0
Stg_ObjectList (ptr):0x805c0f0
	Stg_Class (ptr): 0x805c0f0
		sizeOfSelf: 96
		_deleteSelf: Yes
		type: Stg_ObjectList
		_delete (func ptr): 0xb7ed48ce
		_print (func ptr): 0xb7ed4905
		_copy (func ptr): 0xb7ed4ba7
	_append(func ptr): 0xb7ed580b
	_prepend(func ptr): 0xb7ed58d1
	_replaceAll(func ptr): 0xb7ed5995
	_replace(func ptr): 0xb7ed5a4e
	_insertBefore(func ptr): 0xb7ed5beb
	_insertAfter(func ptr): 0xb7ed5da6
	_remove(func ptr): 0xb7ed5f63
	_getIndex(func ptr): 0xb7ed6009
	_get(func ptr): 0xb7ed60b7
	_allocMoreMemory(func ptr): 0xb7ed628a
	_insertAtIndex(func ptr): 0xb7ed6310
	_removeByIndex(func ptr): 0xb7ed638e
	_deleteAllObjects(func ptr): 0xb7ed620b
	_size: 8
	_delta: 8
	_noJournalingInCopy: 0
	count: 5
	data[0-5]:
	Stg_Component (ptr): 0x805aee8
	Stg_Object (ptr): 0x805aee8
		Stg_Class (ptr): 0x805aee8
			sizeOfSelf: 152
			_deleteSelf: Yes
			type: Variable
			_delete (func ptr): 0xb7f084a0
			_print (func ptr): 0xb7f08538
			_copy (func ptr): 0xb7f08921
		name: Scalar
		nameAllocationType: NON_GLOBAL
		_defaultConstructor (func ptr): 0xb7f07986
		_construct (func ptr): 0xb7f095c2
		_build (func ptr): 0xb7f090a2
		_initialise (func ptr): 0xb7f095b8
		_execute (func ptr): 0xb7f095bd
		_destroy (func ptr): 0xb7f09b1a
		isConstructed: True
		isBuilt: True
		isInitialised: False
		hasExecuted: False
		isDestroyed: False
		constructor function name: Scalar-Construct
		build function name: Scalar-Build
		initialise function name: Scalar-Initialise
		execute function name: Scalar-Execute
		destroy function name: Scalar-Destroy
	Variable (ptr): (0x805aee8)
		offsetCount: 1
		offsets (ptr): 0x805acd8
			offsets[0]: 0
		dataTypes (ptr): 0x805ac50
			dataTypes[0]: 4
		dataTypeCounts (ptr): 0x805b398
			dataTypeCounts[0]: 1
		dataSizes (ptr): 0x805c090
			dataSizes[0]: 4
		components (ptr): 0x805b3a8
			components[0] (ptr): (nil)
		structSize: 4
		structSizePtr (ptr): (nil)
		arrayPtr (ptr): 0x805a7a0
		arrayPtrPtr (ptr): 0xbfc30e3c
		arraySize: 10
		arraySizePtr (ptr): 0xbfc30e08
		allocateSelf = False
	Stg_Component (ptr): 0x805b3b8
	Stg_Object (ptr): 0x805b3b8
		Stg_Class (ptr): 0x805b3b8
			sizeOfSelf: 152
			_deleteSelf: Yes
			type: Variable
			_delete (func ptr): 0xb7f084a0
			_print (func ptr): 0xb7f08538
			_copy (func ptr): 0xb7f08921
		name: Three
		nameAllocationType: NON_GLOBAL
		_defaultConstructor (func ptr): 0xb7f07986
		_construct (func ptr): 0xb7f095c2
		_build (func ptr): 0xb7f090a2
		_initialise (func ptr): 0xb7f095b8
		_execute (func ptr): 0xb7f095bd
		_destroy (func ptr): 0xb7f09b1a
		isConstructed: True
		isBuilt: True
		isInitialised: False
		hasExecuted: False
		isDestroyed: False
		constructor function name: Three-Construct
		build function name: Three-Build
		initialise function name: Three-Initialise
		execute function name: Three-Execute
		destroy function name: Three-Destroy
	Variable (ptr): (0x805b3b8)
		offsetCount: 1
		offsets (ptr): 0x805b6a8
			offsets[0]: 0
		dataTypes (ptr): 0x805b6b8
			dataTypes[0]: 4
		dataTypeCounts (ptr): 0x805b6c8
			dataTypeCounts[0]: 3
		dataSizes (ptr): 0x805c0a0
			dataSizes[0]: 12
		components (ptr): 0x805b6d8
			components[0] (ptr): 0x805b6f0
			components[0]: a
		structSize: 12
		structSizePtr (ptr): (nil)
		arrayPtr (ptr): 0x805adf8
		arrayPtrPtr (ptr): 0xbfc30e38
		arraySize: 10
		arraySizePtr (ptr): 0xbfc30e08
		allocateSelf = False
	Stg_Component (ptr): 0x805b6f0
	Stg_Object (ptr): 0x805b6f0
		Stg_Class (ptr): 0x805b6f0
			sizeOfSelf: 152
			_deleteSelf: Yes
			type: Variable
			_delete (func ptr): 0xb7f084a0
			_print (func ptr): 0xb7f08538
			_copy (func ptr): 0xb7f08921
		name: a
		nameAllocationType: NON_GLOBAL
		_defaultConstructor (func ptr): 0xb7f07986
		_construct (func ptr): 0xb7f095c2
		_build (func ptr): 0xb7f090a2
		_initialise (func ptr): 0xb7f095b8
		_execute (func ptr): 0xb7f095bd
		_destroy (func ptr): 0xb7f09b1a
		isConstructed: True
		isBuilt: True
		isInitialised: False
		hasExecuted: False
		isDestroyed: False
		constructor function name: a-Construct
		build function name: a-Build
		initialise function name: a-Initialise
		execute function name: a-Execute
		destroy function name: a-Destroy
	Variable (ptr): (0x805b6f0)
		offsetCount: 1
		offsets (ptr): 0x805b9d8
			offsets[0]: 0
		dataTypes (ptr): 0x805b9e8
			dataTypes[0]: 4
		dataTypeCounts (ptr): 0x805b9f8
			dataTypeCounts[0]: 1
		dataSizes (ptr): 0x805c0b0
			dataSizes[0]: 4
		components (ptr): 0x805ba08
			components[0] (ptr): (nil)
		structSize: 12
		structSizePtr (ptr): (nil)
		arrayPtr (ptr): 0x805adf8
		arrayPtrPtr (ptr): 0xbfc30e38
		arraySize: 10
		arraySizePtr (ptr): 0xbfc30e08
		allocateSelf = False
	Stg_Component (ptr): 0x805ba18
	Stg_Object (ptr): 0x805ba18
		Stg_Class (ptr): 0x805ba18
			sizeOfSelf: 152
			_deleteSelf: Yes
			type: Variable
			_delete (func ptr): 0xb7f084a0
			_print (func ptr): 0xb7f08538
			_copy (func ptr): 0xb7f08921
		name: b
		nameAllocationType: NON_GLOBAL
		_defaultConstructor (func ptr): 0xb7f07986
		_construct (func ptr): 0xb7f095c2
		_build (func ptr): 0xb7f090a2
		_initialise (func ptr): 0xb7f095b8
		_execute (func ptr): 0xb7f095bd
		_destroy (func ptr): 0xb7f09b1a
		isConstructed: True
		isBuilt: True
		isInitialised: False
		hasExecuted: False
		isDestroyed: False
		constructor function name: b-Construct
		build function name: b-Build
		initialise function name: b-Initialise
		execute function name: b-Execute
		destroy function name: b-Destroy
	Variable (ptr): (0x805ba18)
		offsetCount: 1
		offsets (ptr): 0x805bd00
			offsets[0]: 4
		dataTypes (ptr): 0x805bd10
			dataTypes[0]: 4
		dataTypeCounts (ptr): 0x805bd20
			dataTypeCounts[0]: 1
		dataSizes (ptr): 0x805c0c0
			dataSizes[0]: 4
		components (ptr): 0x805bd30
			components[0] (ptr): (nil)
		structSize: 12
		structSizePtr (ptr): (nil)
		arrayPtr (ptr): 0x805adf8
		arrayPtrPtr (ptr): 0xbfc30e38
		arraySize: 10
		arraySizePtr (ptr): 0xbfc30e08
		allocateSelf = False
	Stg_Component (ptr): 0x805bd40
	Stg_Object (ptr): 0x805bd40
		Stg_Class (ptr): 0x805bd40
			sizeOfSelf: 152
			_deleteSelf: Yes
			type: Variable
			_delete (func ptr): 0xb7f084a0
			_print (func ptr): 0xb7f08538
			_copy (func ptr): 0xb7f08921
		name: c
		nameAllocationType: NON_GLOBAL
		_defaultConstructor (func ptr): 0xb7f07986
		_construct (func ptr): 0xb7f095c2
		_build (func ptr): 0xb7f090a2
		_initialise (func ptr): 0xb7f095b8
		_execute (func ptr): 0xb7f095bd
		_destroy (func ptr): 0xb7f09b1a
		isConstructed: True
		isBuilt: True
		isInitialised: False
		hasExecuted: False
		isDestroyed: False
		constructor function name: c-Construct
		build function name: c-Build
		initialise function name: c-Initialise
		execute function name: c-Execute
		destroy function name: c-Destroy
	Variable (ptr): (0x805bd40)
		offsetCount: 1
		offsets (ptr): 0x805c028
			offsets[0]: 8
		dataTypes (ptr): 0x805c038
			dataTypes[0]: 4
		dataTypeCounts (ptr): 0x805c048
			dataTypeCounts[0]: 1
		dataSizes (ptr): 0x805c0d0
			dataSizes[0]: 4
		components (ptr): 0x805c058
			components[0] (ptr): (nil)
		structSize: 12
		structSizePtr (ptr): (nil)
		arrayPtr (ptr): 0x805adf8
		arrayPtrPtr (ptr): 0xbfc30e38
		arraySize: 10
		arraySizePtr (ptr): 0xbfc30e08
		allocateSelf = False
Retrieving live component references from the LiveComponentRegistry
Retrieval Successful
Retrieval Successful
Retrieval Successful
Retrieval Successful
Retrieval Successful
Deleting the LiveComponentRegister: