ConditionFunction_Register (ptr): 0x8076708
	count: 0
	_size: 8
	_delta: 8
	_cf (ptr): 0x8076738
Stg_Class (ptr): 0x8076708
	sizeOfSelf: 40
	_deleteSelf: Yes
	type: ConditionFunction_Register
	_delete (func ptr): 0x804bb99
	_print (func ptr): 0x804bbd9
	_copy (func ptr): (nil)
Add test:
	Pass 1:
		count: 1
		_size: 8
		_delta: 8
	Pass 2:
		count: 2
		_size: 8
		_delta: 8
	Pass 3:
		count: 3
		_size: 8
		_delta: 8
	Pass 4:
		count: 4
		_size: 8
		_delta: 8
	Pass 5:
		count: 5
		_size: 8
		_delta: 8
	Pass 6:
		count: 6
		_size: 8
		_delta: 8
	Pass 7:
		count: 7
		_size: 8
		_delta: 8
	Pass 8:
		count: 8
		_size: 8
		_delta: 8
	Pass 9:
		count: 9
		_size: 16
		_delta: 8
	Pass 10:
		count: 10
		_size: 16
		_delta: 8

GetIndex test:
	name: testCF0 - index: 0
	name: testCF1 - index: 1
	name: testCF2 - index: 2
	name: testCF3 - index: 3
	name: testCF4 - index: 4
	name: testCF5 - index: 5
	name: testCF6 - index: 6
	name: testCF7 - index: 7
	name: testCF8 - index: 8
	name: testCF9 - index: 9
