<?xml version="1.0"?><!DOCTYPE StGermainData SYSTEM "stgermain.dtd"><!-- DTD to validate against --><StGermainData xmlns="http://www.vpac.org/StGermain/XML_IO_Handler/Jun2003"><param name="Name">Stg_Component</param><param name="Author">CSD Team</param><param name="Organisation">VPAC</param><param name="Description">An abstract class representing the parent of all Components</param><param name="Copyright">StGermain Framework. Copyright (C) 2003-2005 VPAC.</param><param name="License">The VPAC Public License Version 1.0-rc1. The Gnu Lesser General Public License http://www.gnu.org/licenses/lgpl.html</param><list name="Params"></list><list name="Dependencies"></list></StGermainData></StGermainData>
Name: blah
Type: Variable
Project: StGermain
Location: ./StGermain/Base/Automation/src/
Project Web: https://csd.vpac.org/twiki/bin/view/Stgermain/WebHome
Copyright: StGermain Framework. Copyright (C) 2003-2005 VPAC.
License: The Gnu Lesser General Public License http://www.gnu.org/licenses/lgpl.html
Parent: Stg_Component
Description: ...
isValid: 1
All dependencies
	Dependency
Essential dependencies
Optional dependencies
	Dependency
Missing dependencies
Unexpected dependencies
All params
	VectorComponentCount
Name: vc
Type: CompositeVC
Project: StGermain
Location: ./StGermain/Base/Automation/src/
Project Web: https://csd.vpac.org/twiki/bin/view/Stgermain/WebHome
Copyright: StGermain Framework. Copyright (C) 2003-2005 VPAC.
License: The Gnu Lesser General Public License http://www.gnu.org/licenses/lgpl.html
Parent: VariableCondition
Description: ...
isValid: 1
All dependencies
	Data
Essential dependencies
Optional dependencies
	Data
Missing dependencies
Unexpected dependencies
All params
	vcName
