Variable_Register (ptr): 0x805ae70
	count: 5
	_size: 8
	_delta: 8
	_variable (ptr): 0x805aea8
Stg_Component (ptr): 0x805aed8
Stg_Object (ptr): 0x805aed8
	Stg_Class (ptr): 0x805aed8
		sizeOfSelf: 152
		_deleteSelf: Yes
		type: Variable
		_delete (func ptr): 0xb7fae4a0
		_print (func ptr): 0xb7fae538
		_copy (func ptr): 0xb7fae921
	name: Scalar
	nameAllocationType: NON_GLOBAL
	_defaultConstructor (func ptr): 0xb7fad986
	_construct (func ptr): 0xb7faf5c2
	_build (func ptr): 0xb7faf0a2
	_initialise (func ptr): 0xb7faf5b8
	_execute (func ptr): 0xb7faf5bd
	_destroy (func ptr): 0xb7fafb1a
	isConstructed: True
	isBuilt: True
	isInitialised: False
	hasExecuted: False
	isDestroyed: False
	constructor function name: Scalar-Construct
	build function name: Scalar-Build
	initialise function name: Scalar-Initialise
	execute function name: Scalar-Execute
	destroy function name: Scalar-Destroy
Variable (ptr): (0x805aed8)
	offsetCount: 1
	offsets (ptr): 0x805acd0
		offsets[0]: 0
	dataTypes (ptr): 0x805ac48
		dataTypes[0]: 3
	dataTypeCounts (ptr): 0x805b390
		dataTypeCounts[0]: 1
	dataSizes (ptr): 0x805c088
		dataSizes[0]: 4
	components (ptr): 0x805b3a0
		components[0] (ptr): (nil)
	structSize: 4
	structSizePtr (ptr): (nil)
	arrayPtr (ptr): 0x805a7a0
	arrayPtrPtr (ptr): 0xbffd684c
	arraySize: 10
	arraySizePtr (ptr): 0xbffd6844
	allocateSelf = False
Stg_Component (ptr): 0x805b3b0
Stg_Object (ptr): 0x805b3b0
	Stg_Class (ptr): 0x805b3b0
		sizeOfSelf: 152
		_deleteSelf: Yes
		type: Variable
		_delete (func ptr): 0xb7fae4a0
		_print (func ptr): 0xb7fae538
		_copy (func ptr): 0xb7fae921
	name: Three
	nameAllocationType: NON_GLOBAL
	_defaultConstructor (func ptr): 0xb7fad986
	_construct (func ptr): 0xb7faf5c2
	_build (func ptr): 0xb7faf0a2
	_initialise (func ptr): 0xb7faf5b8
	_execute (func ptr): 0xb7faf5bd
	_destroy (func ptr): 0xb7fafb1a
	isConstructed: True
	isBuilt: True
	isInitialised: False
	hasExecuted: False
	isDestroyed: False
	constructor function name: Three-Construct
	build function name: Three-Build
	initialise function name: Three-Initialise
	execute function name: Three-Execute
	destroy function name: Three-Destroy
Variable (ptr): (0x805b3b0)
	offsetCount: 1
	offsets (ptr): 0x805b6a0
		offsets[0]: 0
	dataTypes (ptr): 0x805b6b0
		dataTypes[0]: 3
	dataTypeCounts (ptr): 0x805b6c0
		dataTypeCounts[0]: 3
	dataSizes (ptr): 0x805c098
		dataSizes[0]: 12
	components (ptr): 0x805b6d0
		components[0] (ptr): 0x805b6e8
		components[0]: a
	structSize: 12
	structSizePtr (ptr): (nil)
	arrayPtr (ptr): 0x805ade8
	arrayPtrPtr (ptr): 0xbffd6848
	arraySize: 10
	arraySizePtr (ptr): 0xbffd6844
	allocateSelf = False
Stg_Component (ptr): 0x805b6e8
Stg_Object (ptr): 0x805b6e8
	Stg_Class (ptr): 0x805b6e8
		sizeOfSelf: 152
		_deleteSelf: Yes
		type: Variable
		_delete (func ptr): 0xb7fae4a0
		_print (func ptr): 0xb7fae538
		_copy (func ptr): 0xb7fae921
	name: a
	nameAllocationType: NON_GLOBAL
	_defaultConstructor (func ptr): 0xb7fad986
	_construct (func ptr): 0xb7faf5c2
	_build (func ptr): 0xb7faf0a2
	_initialise (func ptr): 0xb7faf5b8
	_execute (func ptr): 0xb7faf5bd
	_destroy (func ptr): 0xb7fafb1a
	isConstructed: True
	isBuilt: True
	isInitialised: False
	hasExecuted: False
	isDestroyed: False
	constructor function name: a-Construct
	build function name: a-Build
	initialise function name: a-Initialise
	execute function name: a-Execute
	destroy function name: a-Destroy
Variable (ptr): (0x805b6e8)
	offsetCount: 1
	offsets (ptr): 0x805b9d0
		offsets[0]: 0
	dataTypes (ptr): 0x805b9e0
		dataTypes[0]: 3
	dataTypeCounts (ptr): 0x805b9f0
		dataTypeCounts[0]: 1
	dataSizes (ptr): 0x805c0a8
		dataSizes[0]: 4
	components (ptr): 0x805ba00
		components[0] (ptr): (nil)
	structSize: 12
	structSizePtr (ptr): (nil)
	arrayPtr (ptr): 0x805ade8
	arrayPtrPtr (ptr): 0xbffd6848
	arraySize: 10
	arraySizePtr (ptr): 0xbffd6844
	allocateSelf = False
Stg_Component (ptr): 0x805ba10
Stg_Object (ptr): 0x805ba10
	Stg_Class (ptr): 0x805ba10
		sizeOfSelf: 152
		_deleteSelf: Yes
		type: Variable
		_delete (func ptr): 0xb7fae4a0
		_print (func ptr): 0xb7fae538
		_copy (func ptr): 0xb7fae921
	name: b
	nameAllocationType: NON_GLOBAL
	_defaultConstructor (func ptr): 0xb7fad986
	_construct (func ptr): 0xb7faf5c2
	_build (func ptr): 0xb7faf0a2
	_initialise (func ptr): 0xb7faf5b8
	_execute (func ptr): 0xb7faf5bd
	_destroy (func ptr): 0xb7fafb1a
	isConstructed: True
	isBuilt: True
	isInitialised: False
	hasExecuted: False
	isDestroyed: False
	constructor function name: b-Construct
	build function name: b-Build
	initialise function name: b-Initialise
	execute function name: b-Execute
	destroy function name: b-Destroy
Variable (ptr): (0x805ba10)
	offsetCount: 1
	offsets (ptr): 0x805bcf8
		offsets[0]: 4
	dataTypes (ptr): 0x805bd08
		dataTypes[0]: 3
	dataTypeCounts (ptr): 0x805bd18
		dataTypeCounts[0]: 1
	dataSizes (ptr): 0x805c0b8
		dataSizes[0]: 4
	components (ptr): 0x805bd28
		components[0] (ptr): (nil)
	structSize: 12
	structSizePtr (ptr): (nil)
	arrayPtr (ptr): 0x805ade8
	arrayPtrPtr (ptr): 0xbffd6848
	arraySize: 10
	arraySizePtr (ptr): 0xbffd6844
	allocateSelf = False
Stg_Component (ptr): 0x805bd38
Stg_Object (ptr): 0x805bd38
	Stg_Class (ptr): 0x805bd38
		sizeOfSelf: 152
		_deleteSelf: Yes
		type: Variable
		_delete (func ptr): 0xb7fae4a0
		_print (func ptr): 0xb7fae538
		_copy (func ptr): 0xb7fae921
	name: c
	nameAllocationType: NON_GLOBAL
	_defaultConstructor (func ptr): 0xb7fad986
	_construct (func ptr): 0xb7faf5c2
	_build (func ptr): 0xb7faf0a2
	_initialise (func ptr): 0xb7faf5b8
	_execute (func ptr): 0xb7faf5bd
	_destroy (func ptr): 0xb7fafb1a
	isConstructed: True
	isBuilt: True
	isInitialised: False
	hasExecuted: False
	isDestroyed: False
	constructor function name: c-Construct
	build function name: c-Build
	initialise function name: c-Initialise
	execute function name: c-Execute
	destroy function name: c-Destroy
Variable (ptr): (0x805bd38)
	offsetCount: 1
	offsets (ptr): 0x805c020
		offsets[0]: 8
	dataTypes (ptr): 0x805c030
		dataTypes[0]: 3
	dataTypeCounts (ptr): 0x805c040
		dataTypeCounts[0]: 1
	dataSizes (ptr): 0x805c0c8
		dataSizes[0]: 4
	components (ptr): 0x805c050
		components[0] (ptr): (nil)
	structSize: 12
	structSizePtr (ptr): (nil)
	arrayPtr (ptr): 0x805ade8
	arrayPtrPtr (ptr): 0xbffd6848
	arraySize: 10
	arraySizePtr (ptr): 0xbffd6844
	allocateSelf = False
Stg_Class (ptr): 0x805ae70
	sizeOfSelf: 40
	_deleteSelf: Yes
	type: Variable_Register
	_delete (func ptr): 0xb7fb0561
	_print (func ptr): 0xb7fb05a1
	_copy (func ptr): 0xb7fb06ca
Setting value 1431655765
~~~Scalar~~~
i=0: 1 1 1 1 1 
i=1: 1 1 1 1 1 
i=2: 1 1 1 1 1 
i=3: 1 1 1 1 1 
i=4: 1 1 1 1 1 
i=5: 1 1 1 1 1 
i=6: 1 1 1 1 1 
i=7: 1 1 1 1 1 
i=8: 1 1 1 1 1 
i=9: 1 1 1 1 1 
~~~Vector~~~
a, i=0: 1 1 1 1 1 ptr test OK
b, i=0: 1 1 1 1 1 ptr test OK
c, i=0: 1 1 1 1 1 ptr test OK
a, i=1: 1 1 1 1 1 ptr test OK
b, i=1: 1 1 1 1 1 ptr test OK
c, i=1: 1 1 1 1 1 ptr test OK
a, i=2: 1 1 1 1 1 ptr test OK
b, i=2: 1 1 1 1 1 ptr test OK
c, i=2: 1 1 1 1 1 ptr test OK
a, i=3: 1 1 1 1 1 ptr test OK
b, i=3: 1 1 1 1 1 ptr test OK
c, i=3: 1 1 1 1 1 ptr test OK
a, i=4: 1 1 1 1 1 ptr test OK
b, i=4: 1 1 1 1 1 ptr test OK
c, i=4: 1 1 1 1 1 ptr test OK
a, i=5: 1 1 1 1 1 ptr test OK
b, i=5: 1 1 1 1 1 ptr test OK
c, i=5: 1 1 1 1 1 ptr test OK
a, i=6: 1 1 1 1 1 ptr test OK
b, i=6: 1 1 1 1 1 ptr test OK
c, i=6: 1 1 1 1 1 ptr test OK
a, i=7: 1 1 1 1 1 ptr test OK
b, i=7: 1 1 1 1 1 ptr test OK
c, i=7: 1 1 1 1 1 ptr test OK
a, i=8: 1 1 1 1 1 ptr test OK
b, i=8: 1 1 1 1 1 ptr test OK
c, i=8: 1 1 1 1 1 ptr test OK
a, i=9: 1 1 1 1 1 ptr test OK
b, i=9: 1 1 1 1 1 ptr test OK
c, i=9: 1 1 1 1 1 ptr test OK
~~~Vector: Sub-Variable~~~
j=0, i=0: OK
j=1, i=0: OK
j=2, i=0: OK
j=0, i=1: OK
j=1, i=1: OK
j=2, i=1: OK
j=0, i=2: OK
j=1, i=2: OK
j=2, i=2: OK
j=0, i=3: OK
j=1, i=3: OK
j=2, i=3: OK
j=0, i=4: OK
j=1, i=4: OK
j=2, i=4: OK
j=0, i=5: OK
j=1, i=5: OK
j=2, i=5: OK
j=0, i=6: OK
j=1, i=6: OK
j=2, i=6: OK
j=0, i=7: OK
j=1, i=7: OK
j=2, i=7: OK
j=0, i=8: OK
j=1, i=8: OK
j=2, i=8: OK
j=0, i=9: OK
j=1, i=9: OK
j=2, i=9: OK
Setting value -1431655766
~~~Scalar~~~
i=0: 1 1 1 1 1 
i=1: 1 1 1 1 1 
i=2: 1 1 1 1 1 
i=3: 1 1 1 1 1 
i=4: 1 1 1 1 1 
i=5: 1 1 1 1 1 
i=6: 1 1 1 1 1 
i=7: 1 1 1 1 1 
i=8: 1 1 1 1 1 
i=9: 1 1 1 1 1 
~~~Vector~~~
a, i=0: 1 1 1 1 1 ptr test OK
b, i=0: 1 1 1 1 1 ptr test OK
c, i=0: 1 1 1 1 1 ptr test OK
a, i=1: 1 1 1 1 1 ptr test OK
b, i=1: 1 1 1 1 1 ptr test OK
c, i=1: 1 1 1 1 1 ptr test OK
a, i=2: 1 1 1 1 1 ptr test OK
b, i=2: 1 1 1 1 1 ptr test OK
c, i=2: 1 1 1 1 1 ptr test OK
a, i=3: 1 1 1 1 1 ptr test OK
b, i=3: 1 1 1 1 1 ptr test OK
c, i=3: 1 1 1 1 1 ptr test OK
a, i=4: 1 1 1 1 1 ptr test OK
b, i=4: 1 1 1 1 1 ptr test OK
c, i=4: 1 1 1 1 1 ptr test OK
a, i=5: 1 1 1 1 1 ptr test OK
b, i=5: 1 1 1 1 1 ptr test OK
c, i=5: 1 1 1 1 1 ptr test OK
a, i=6: 1 1 1 1 1 ptr test OK
b, i=6: 1 1 1 1 1 ptr test OK
c, i=6: 1 1 1 1 1 ptr test OK
a, i=7: 1 1 1 1 1 ptr test OK
b, i=7: 1 1 1 1 1 ptr test OK
c, i=7: 1 1 1 1 1 ptr test OK
a, i=8: 1 1 1 1 1 ptr test OK
b, i=8: 1 1 1 1 1 ptr test OK
c, i=8: 1 1 1 1 1 ptr test OK
a, i=9: 1 1 1 1 1 ptr test OK
b, i=9: 1 1 1 1 1 ptr test OK
c, i=9: 1 1 1 1 1 ptr test OK
~~~Vector: Sub-Variable~~~
j=0, i=0: OK
j=1, i=0: OK
j=2, i=0: OK
j=0, i=1: OK
j=1, i=1: OK
j=2, i=1: OK
j=0, i=2: OK
j=1, i=2: OK
j=2, i=2: OK
j=0, i=3: OK
j=1, i=3: OK
j=2, i=3: OK
j=0, i=4: OK
j=1, i=4: OK
j=2, i=4: OK
j=0, i=5: OK
j=1, i=5: OK
j=2, i=5: OK
j=0, i=6: OK
j=1, i=6: OK
j=2, i=6: OK
j=0, i=7: OK
j=1, i=7: OK
j=2, i=7: OK
j=0, i=8: OK
j=1, i=8: OK
j=2, i=8: OK
j=0, i=9: OK
j=1, i=9: OK
j=2, i=9: OK
