StGermain Framework revision 3890. Copyright (C) 2003-2005 VPAC.
StGermain Discretisation Library revision 3890. Copyright (C) 2003-2005 VPAC.
Snac Framework. Copyright (C) 2003-2005 Caltech, VPAC & University of Texas.
Watching rank: 0
"dtType" not specified in Dictionary... assuming "dynamic", of init value: 0
"forceCalcType" set by Dictionary to "complete"
Constructing context..
	
	Creating Stg_Components from the component-list
	
	
	Constructing Stg_Components from the live-component register
	
For Material 0:
	rheology = 1
	alpha = 3.000000e-05
	beta = 0.000000e+00

	lambda = 3.000000e+10
	mu = 3.000000e+10

	maxiterations = 1
	constitutivetolerance = 1.000000e-03
	yieldcriterion = 0
	nsegments = 2
		seg 0: plstrain = 0.000000e+00
		seg 0: frictionAngle = 0.000000e+00
		seg 0: dilationAngle = 0.000000e+00
		seg 0: cohesion = 0.000000e+00
		seg 1: plstrain = 0.000000e+00
		seg 1: frictionAngle = 0.000000e+00
		seg 1: dilationAngle = 0.000000e+00
		seg 1: cohesion = 0.000000e+00
		seg 2: plstrain = 0.000000e+00
		seg 2: frictionAngle = 0.000000e+00
		seg 2: dilationAngle = 0.000000e+00
		seg 2: cohesion = 0.000000e+00
	ten_off = 0.000000e+00
	puSeeds = 0

	vis_min = 1.000000e+18
	vis_max = 3.000000e+27
	refvisc = 1.000000e+19
	refsrate = 1.000000e-15
	reftemp = 1.400000e+03
	activationE = 5.400000e+03
	srexponent = 1.000000e+00
	srexponent1 = 1.000000e+00
	srexponent2 = 1.000000e+00

	thermal conductivity = 2.000000e+00
	heat capacity = 1.000000e+03
	density = 2.700000e+03
In: Snac_Context_TimeStepZero
self->timeStep: 0 (update elements only)
self->currentTime: 0
Element: 0, Coords: (0 -300 0), (100 -300 0), (0 -200 0), (100 -200 0), (0 -300 100) (100 -300 100) (0 -200 100) (100 -200 100)
Element: 0, Tetrahedra: 0, Face: 0, Normal: 0 1 0
Element: 0, Tetrahedra: 0, Face: 1, Normal: -0 0 -1
Element: 0, Tetrahedra: 0, Face: 2, Normal: -1 0 -0
Element: 0, Tetrahedra: 0, Face: 3, Normal: 0.57735 -0.57735 0.57735
Element: 0, Tetrahedra: 1, Face: 0, Normal: 0 -1 0
Element: 0, Tetrahedra: 1, Face: 1, Normal: 0 0 1
Element: 0, Tetrahedra: 1, Face: 2, Normal: -1 0 0
Element: 0, Tetrahedra: 1, Face: 3, Normal: 0.57735 0.57735 -0.57735
Element: 0, Tetrahedra: 2, Face: 0, Normal: 1 0 0
Element: 0, Tetrahedra: 2, Face: 1, Normal: 0 -1 -0
Element: 0, Tetrahedra: 2, Face: 2, Normal: 0 -0 -1
Element: 0, Tetrahedra: 2, Face: 3, Normal: -0.57735 0.57735 0.57735
Element: 0, Tetrahedra: 3, Face: 0, Normal: 1 -0 0
Element: 0, Tetrahedra: 3, Face: 1, Normal: 0 1 -0
Element: 0, Tetrahedra: 3, Face: 2, Normal: 0 -0 1
Element: 0, Tetrahedra: 3, Face: 3, Normal: -0.57735 -0.57735 -0.57735
Element: 0, Tetrahedra: 4, Face: 0, Normal: 0.57735 -0.57735 -0.57735
Element: 0, Tetrahedra: 4, Face: 1, Normal: -0.57735 -0.57735 0.57735
Element: 0, Tetrahedra: 4, Face: 2, Normal: -0.57735 0.57735 -0.57735
Element: 0, Tetrahedra: 4, Face: 3, Normal: 0.57735 0.57735 0.57735
Element: 0, Tetrahedra: 5, Face: 0, Normal: -1 0 0
Element: 0, Tetrahedra: 5, Face: 1, Normal: 0 0 1
Element: 0, Tetrahedra: 5, Face: 2, Normal: 0 1 0
Element: 0, Tetrahedra: 5, Face: 3, Normal: 0.57735 -0.57735 -0.57735
Element: 0, Tetrahedra: 6, Face: 0, Normal: -1 0 0
Element: 0, Tetrahedra: 6, Face: 1, Normal: 0 0 -1
Element: 0, Tetrahedra: 6, Face: 2, Normal: 0 -1 0
Element: 0, Tetrahedra: 6, Face: 3, Normal: 0.57735 0.57735 0.57735
Element: 0, Tetrahedra: 7, Face: 0, Normal: 1 0 0
Element: 0, Tetrahedra: 7, Face: 1, Normal: 0 0 -1
Element: 0, Tetrahedra: 7, Face: 2, Normal: 0 1 0
Element: 0, Tetrahedra: 7, Face: 3, Normal: -0.57735 -0.57735 0.57735
Element: 0, Tetrahedra: 8, Face: 0, Normal: 1 0 0
Element: 0, Tetrahedra: 8, Face: 1, Normal: 0 0 1
Element: 0, Tetrahedra: 8, Face: 2, Normal: 0 -1 0
Element: 0, Tetrahedra: 8, Face: 3, Normal: -0.57735 0.57735 -0.57735
Element: 0, Tetrahedra: 9, Face: 0, Normal: 0.57735 0.57735 -0.57735
Element: 0, Tetrahedra: 9, Face: 1, Normal: -0.57735 0.57735 0.57735
Element: 0, Tetrahedra: 9, Face: 2, Normal: 0.57735 -0.57735 0.57735
Element: 0, Tetrahedra: 9, Face: 3, Normal: -0.57735 -0.57735 -0.57735
Element 1: has same values as element 0.
Element 2: has same values as element 0.
Element 3: has same values as element 0.
Element 4: has same values as element 0.
Element 5: has same values as element 0.
Element 6: has same values as element 0.
Element 7: has same values as element 0.
Element 8: has same values as element 0.
Element 9: has same values as element 0.
Element 10: has same values as element 0.
Element 11: has same values as element 0.
Element 12: has same values as element 0.
Element 13: has same values as element 0.
Element 14: has same values as element 0.
Element 15: has same values as element 0.
Element 16: has same values as element 0.
Element 17: has same values as element 0.
Element 18: has same values as element 0.
Element 19: has same values as element 0.
Element 20: has same values as element 0.
Element 21: has same values as element 0.
Element 22: has same values as element 0.
Element 23: has same values as element 0.
Element 24: has same values as element 0.
Element 25: has same values as element 0.
Element 26: has same values as element 0.
