StGermain Framework revision 3605. Copyright (C) 2003-2005 VPAC.
CompositeVC (ptr): 0x806da50
	dictionary (ptr): 0x805e558
	itemCount: 6
	itemTbl (ptr): 0x806de98
		itemTbl[0] (ptr): 0x806b9d8
		itemTbl[1] (ptr): 0x806c508
		itemTbl[2] (ptr): 0x806c998
		itemTbl[3] (ptr): 0x806ccf8
		itemTbl[4] (ptr): 0x806d278
		itemTbl[5] (ptr): 0x8063490
	iOwnTbl (ptr): 0x806e378
		iOwnTbl[0]: True
		iOwnTbl[1]: True
		iOwnTbl[2]: True
		iOwnTbl[3]: True
		iOwnTbl[4]: True
		iOwnTbl[5]: True
	_size: 8
	_delta: 8
VariableCondition (ptr): 0x806da50
Stg_Component (ptr): 0x806da50
Stg_Object (ptr): 0x806da50
	Stg_Class (ptr): 0x806da50
		sizeOfSelf: 204
		_deleteSelf: Yes
		type: CompositeVC
		_delete (func ptr): 0xb7e72f88
		_print (func ptr): 0xb7e73057
		_copy (func ptr): 0xb7e73244
	name: CompositeVC
	nameAllocationType: NON_GLOBAL
	_defaultConstructor (func ptr): 0xb7e7281d
	_construct (func ptr): 0xb7e72de9
	_build (func ptr): 0xb7e73615
	_initialise (func ptr): 0xb7e70de2
	_execute (func ptr): 0xb7e70ea6
	_destroy (func ptr): 0xb7e70ed6
	isConstructed: True
	isBuilt: True
	isInitialised: False
	hasExecuted: False
	isDestroyed: False
	constructor function name: CompositeVC-Construct
	build function name: CompositeVC-Build
	initialise function name: CompositeVC-Initialise
	execute function name: CompositeVC-Execute
	destroy function name: CompositeVC-Destroy
	_getSet (func ptr): 0xb7e73783
	_getVariableCount (func ptr): 0xb7e7388a
	_getVariableIndex (func ptr): 0xb7e73a1e
	_getValueIndex (func ptr): 0xb7e73bda
	_getValueCount (func ptr): 0xb7e73de4
	_getValue (func ptr): 0xb7e73e58
	variable_Register (ptr): 0x806e290
	conFunc_Register (ptr): 0x805b9f8
	_set (ptr): 0x8063980
	indexCount: 28
	indexTbl (ptr): 0x8063b60
		indexTbl[0]: 0
		indexTbl[1]: 1
		indexTbl[2]: 2
		indexTbl[3]: 3
		indexTbl[4]: 4
		indexTbl[5]: 5
		indexTbl[6]: 6
		indexTbl[7]: 7
		indexTbl[8]: 8
		indexTbl[9]: 9
		indexTbl[10]: 11
		indexTbl[11]: 13
		indexTbl[12]: 14
		indexTbl[13]: 15
		indexTbl[14]: 16
		indexTbl[15]: 17
		indexTbl[16]: 19
		indexTbl[17]: 21
		indexTbl[18]: 22
		indexTbl[19]: 23
		indexTbl[20]: 24
		indexTbl[21]: 25
		indexTbl[22]: 26
		indexTbl[23]: 27
		indexTbl[24]: 28
		indexTbl[25]: 29
		indexTbl[26]: 30
		indexTbl[27]: 31
	vcVarCountTbl (ptr): 0x8063be0
		vcVarCountTbl[0]: 4
		vcVarCountTbl[1]: 4
		vcVarCountTbl[2]: 1
		vcVarCountTbl[3]: 4
		vcVarCountTbl[4]: 1
		vcVarCountTbl[5]: 4
		vcVarCountTbl[6]: 1
		vcVarCountTbl[7]: 4
		vcVarCountTbl[8]: 3
		vcVarCountTbl[9]: 3
		vcVarCountTbl[10]: 3
		vcVarCountTbl[11]: 3
		vcVarCountTbl[12]: 1
		vcVarCountTbl[13]: 4
		vcVarCountTbl[14]: 3
		vcVarCountTbl[15]: 3
		vcVarCountTbl[16]: 3
		vcVarCountTbl[17]: 3
		vcVarCountTbl[18]: 1
		vcVarCountTbl[19]: 4
		vcVarCountTbl[20]: 3
		vcVarCountTbl[21]: 3
		vcVarCountTbl[22]: 3
		vcVarCountTbl[23]: 3
		vcVarCountTbl[24]: 3
		vcVarCountTbl[25]: 3
		vcVarCountTbl[26]: 4
		vcVarCountTbl[27]: 4
	vcTbl (ptr): 0x8063c60
		vcTbl[0][0]:
			varIndex: 6
			valIndex: 3
		vcTbl[0][1]:
			varIndex: 3
			valIndex: 11
		vcTbl[0][2]:
			varIndex: 4
			valIndex: 12
		vcTbl[0][3]:
			varIndex: 5
			valIndex: 13
		vcTbl[1][0]:
			varIndex: 6
			valIndex: 3
		vcTbl[1][1]:
			varIndex: 3
			valIndex: 11
		vcTbl[1][2]:
			varIndex: 4
			valIndex: 12
		vcTbl[1][3]:
			varIndex: 5
			valIndex: 13
		vcTbl[2][0]:
			varIndex: 6
			valIndex: 3
		vcTbl[3][0]:
			varIndex: 6
			valIndex: 3
		vcTbl[3][1]:
			varIndex: 3
			valIndex: 7
		vcTbl[3][2]:
			varIndex: 4
			valIndex: 8
		vcTbl[3][3]:
			varIndex: 5
			valIndex: 9
		vcTbl[4][0]:
			varIndex: 6
			valIndex: 3
		vcTbl[5][0]:
			varIndex: 6
			valIndex: 3
		vcTbl[5][1]:
			varIndex: 3
			valIndex: 7
		vcTbl[5][2]:
			varIndex: 4
			valIndex: 8
		vcTbl[5][3]:
			varIndex: 5
			valIndex: 9
		vcTbl[6][0]:
			varIndex: 6
			valIndex: 10
		vcTbl[7][0]:
			varIndex: 6
			valIndex: 10
		vcTbl[7][1]:
			varIndex: 3
			valIndex: 7
		vcTbl[7][2]:
			varIndex: 4
			valIndex: 8
		vcTbl[7][3]:
			varIndex: 5
			valIndex: 9
		vcTbl[8][0]:
			varIndex: 3
			valIndex: 11
		vcTbl[8][1]:
			varIndex: 4
			valIndex: 12
		vcTbl[8][2]:
			varIndex: 5
			valIndex: 13
		vcTbl[9][0]:
			varIndex: 3
			valIndex: 11
		vcTbl[9][1]:
			varIndex: 4
			valIndex: 12
		vcTbl[9][2]:
			varIndex: 5
			valIndex: 13
		vcTbl[10][0]:
			varIndex: 3
			valIndex: 7
		vcTbl[10][1]:
			varIndex: 4
			valIndex: 8
		vcTbl[10][2]:
			varIndex: 5
			valIndex: 9
		vcTbl[11][0]:
			varIndex: 3
			valIndex: 7
		vcTbl[11][1]:
			varIndex: 4
			valIndex: 8
		vcTbl[11][2]:
			varIndex: 5
			valIndex: 9
		vcTbl[12][0]:
			varIndex: 6
			valIndex: 10
		vcTbl[13][0]:
			varIndex: 3
			valIndex: 7
		vcTbl[13][1]:
			varIndex: 4
			valIndex: 8
		vcTbl[13][2]:
			varIndex: 5
			valIndex: 9
		vcTbl[13][3]:
			varIndex: 6
			valIndex: 10
		vcTbl[14][0]:
			varIndex: 3
			valIndex: 11
		vcTbl[14][1]:
			varIndex: 4
			valIndex: 12
		vcTbl[14][2]:
			varIndex: 5
			valIndex: 13
		vcTbl[15][0]:
			varIndex: 3
			valIndex: 11
		vcTbl[15][1]:
			varIndex: 4
			valIndex: 12
		vcTbl[15][2]:
			varIndex: 5
			valIndex: 13
		vcTbl[16][0]:
			varIndex: 3
			valIndex: 7
		vcTbl[16][1]:
			varIndex: 4
			valIndex: 8
		vcTbl[16][2]:
			varIndex: 5
			valIndex: 9
		vcTbl[17][0]:
			varIndex: 3
			valIndex: 7
		vcTbl[17][1]:
			varIndex: 4
			valIndex: 8
		vcTbl[17][2]:
			varIndex: 5
			valIndex: 9
		vcTbl[18][0]:
			varIndex: 6
			valIndex: 10
		vcTbl[19][0]:
			varIndex: 3
			valIndex: 7
		vcTbl[19][1]:
			varIndex: 4
			valIndex: 8
		vcTbl[19][2]:
			varIndex: 5
			valIndex: 9
		vcTbl[19][3]:
			varIndex: 6
			valIndex: 10
		vcTbl[20][0]:
			varIndex: 3
			valIndex: 11
		vcTbl[20][1]:
			varIndex: 4
			valIndex: 12
		vcTbl[20][2]:
			varIndex: 5
			valIndex: 13
		vcTbl[21][0]:
			varIndex: 3
			valIndex: 11
		vcTbl[21][1]:
			varIndex: 4
			valIndex: 12
		vcTbl[21][2]:
			varIndex: 5
			valIndex: 13
		vcTbl[22][0]:
			varIndex: 3
			valIndex: 0
		vcTbl[22][1]:
			varIndex: 4
			valIndex: 1
		vcTbl[22][2]:
			varIndex: 5
			valIndex: 2
		vcTbl[23][0]:
			varIndex: 3
			valIndex: 7
		vcTbl[23][1]:
			varIndex: 4
			valIndex: 8
		vcTbl[23][2]:
			varIndex: 5
			valIndex: 9
		vcTbl[24][0]:
			varIndex: 3
			valIndex: 0
		vcTbl[24][1]:
			varIndex: 4
			valIndex: 1
		vcTbl[24][2]:
			varIndex: 5
			valIndex: 2
		vcTbl[25][0]:
			varIndex: 3
			valIndex: 7
		vcTbl[25][1]:
			varIndex: 4
			valIndex: 8
		vcTbl[25][2]:
			varIndex: 5
			valIndex: 9
		vcTbl[26][0]:
			varIndex: 3
			valIndex: 0
		vcTbl[26][1]:
			varIndex: 4
			valIndex: 1
		vcTbl[26][2]:
			varIndex: 5
			valIndex: 2
		vcTbl[26][3]:
			varIndex: 6
			valIndex: 10
		vcTbl[27][0]:
			varIndex: 3
			valIndex: 7
		vcTbl[27][1]:
			varIndex: 4
			valIndex: 8
		vcTbl[27][2]:
			varIndex: 5
			valIndex: 9
		vcTbl[27][3]:
			varIndex: 6
			valIndex: 10
	valueCount: 14
	valueTbl (ptr): 0x8063f78
		valueTbl[0]:
			type: VC_ValueType_Double
			asDouble: 2
		valueTbl[1]:
			type: VC_ValueType_Double
			asDouble: 3
		valueTbl[2]:
			type: VC_ValueType_Double
			asDouble: 1
		valueTbl[3]:
			type: VC_ValueType_DoubleArray
			arraySize: 5
			asDoubleArray (ptr): 0x806c868
				asDoubleArray[0]: 5
				asDoubleArray[1]: 6
				asDoubleArray[2]: 7
				asDoubleArray[3]: 8
				asDoubleArray[4]: 9
		valueTbl[4]:
			type: VC_ValueType_CFIndex
			asCFIndex: 0
		valueTbl[5]:
			type: VC_ValueType_CFIndex
			asCFIndex: 0
		valueTbl[6]:
			type: VC_ValueType_CFIndex
			asCFIndex: 0
		valueTbl[7]:
			type: VC_ValueType_CFIndex
			asCFIndex: 1
		valueTbl[8]:
			type: VC_ValueType_CFIndex
			asCFIndex: 1
		valueTbl[9]:
			type: VC_ValueType_CFIndex
			asCFIndex: 1
		valueTbl[10]:
			type: VC_ValueType_DoubleArray
			arraySize: 5
			asDoubleArray (ptr): 0x806e068
				asDoubleArray[0]: 5
				asDoubleArray[1]: 6
				asDoubleArray[2]: 7
				asDoubleArray[3]: 8
				asDoubleArray[4]: 9
		valueTbl[11]:
			type: VC_ValueType_Double
			asDouble: 2
		valueTbl[12]:
			type: VC_ValueType_Double
			asDouble: 3
		valueTbl[13]:
			type: VC_ValueType_Double
			asDouble: 1


var[0]: 0.00, 0.00, 0.00, 0.00, 0.00, 0.00, 0.00, 0.00, 0.00, 0.00, 0.00, 0.00, 0.00, 0.00, 0.00, 0.00, 0.00, 0.00, 0.00, 0.00, 0.00, 0.00, 0.00, 0.00, 0.00, 0.00, 0.00, 0.00, 0.00, 0.00, 0.00, 0.00
var[1]: 0.00, 0.00, 0.00, 0.00, 0.00, 0.00, 0.00, 0.00, 0.00, 0.00, 0.00, 0.00, 0.00, 0.00, 0.00, 0.00, 0.00, 0.00, 0.00, 0.00, 0.00, 0.00, 0.00, 0.00, 0.00, 0.00, 0.00, 0.00, 0.00, 0.00, 0.00, 0.00
var[2]: 0.00, 0.00, 0.00, 0.00, 0.00, 0.00, 0.00, 0.00, 0.00, 0.00, 0.00, 0.00, 0.00, 0.00, 0.00, 0.00, 0.00, 0.00, 0.00, 0.00, 0.00, 0.00, 0.00, 0.00, 0.00, 0.00, 0.00, 0.00, 0.00, 0.00, 0.00, 0.00
var[3]: 2.00, 2.00, 0.00, 30.00, 0.00, 30.00, 0.00, 30.00, 2.00, 2.00, 0.00, 30.00, 0.00, 30.00, 0.00, 30.00, 2.00, 2.00, 0.00, 30.00, 0.00, 30.00, 0.00, 30.00, 2.00, 2.00, 2.00, 30.00, 2.00, 30.00, 2.00, 30.00
var[4]: 3.00, 3.00, 0.00, 30.00, 0.00, 30.00, 0.00, 30.00, 3.00, 3.00, 0.00, 30.00, 0.00, 30.00, 0.00, 30.00, 3.00, 3.00, 0.00, 30.00, 0.00, 30.00, 0.00, 30.00, 3.00, 3.00, 3.00, 30.00, 3.00, 30.00, 3.00, 30.00
var[5]: 1.00, 1.00, 0.00, 30.00, 0.00, 30.00, 0.00, 30.00, 1.00, 1.00, 0.00, 30.00, 0.00, 30.00, 0.00, 30.00, 1.00, 1.00, 0.00, 30.00, 0.00, 30.00, 0.00, 30.00, 1.00, 1.00, 1.00, 30.00, 1.00, 30.00, 1.00, 30.00
var[7]: 5.00, 6.00, 7.00, 8.00, 9.00, 5.00, 6.00, 7.00, 8.00, 9.00, 5.00, 6.00, 7.00, 8.00, 9.00, 5.00, 6.00, 7.00, 8.00, 9.00, 5.00, 6.00, 7.00, 8.00, 9.00, 5.00, 6.00, 7.00, 8.00, 9.00, 5.00, 6.00, 7.00, 8.00, 9.00, 5.00, 6.00, 7.00, 8.00, 9.00, 0.00, 0.00, 0.00, 0.00, 0.00, 0.00, 0.00, 0.00, 0.00, 0.00, 0.00, 0.00, 0.00, 0.00, 0.00, 0.00, 0.00, 0.00, 0.00, 0.00, 0.00, 0.00, 0.00, 0.00, 0.00, 0.00, 0.00, 0.00, 0.00, 0.00, 5.00, 6.00, 7.00, 8.00, 9.00, 5.00, 6.00, 7.00, 8.00, 9.00, 0.00, 0.00, 0.00, 0.00, 0.00, 0.00, 0.00, 0.00, 0.00, 0.00, 0.00, 0.00, 0.00, 0.00, 0.00, 0.00, 0.00, 0.00, 0.00, 0.00, 0.00, 0.00, 0.00, 0.00, 0.00, 0.00, 0.00, 0.00, 0.00, 0.00, 5.00, 6.00, 7.00, 8.00, 9.00, 5.00, 6.00, 7.00, 8.00, 9.00, 0.00, 0.00, 0.00, 0.00, 0.00, 0.00, 0.00, 0.00, 0.00, 0.00, 0.00, 0.00, 0.00, 0.00, 0.00, 0.00, 0.00, 0.00, 0.00, 0.00, 0.00, 0.00, 0.00, 0.00, 0.00, 0.00, 0.00, 0.00, 0.00, 0.00, 5.00, 6.00, 7.00, 8.00, 9.00, 5.00, 6.00, 7.00, 8.00, 9.00

False False False False False False False False False False False False False False False False False False False False False False False False False False False False False False False False 
False False False False False False False False False False False False False False False False False False False False False False False False False False False False False False False False 
False False False False False False False False False False False False False False False False False False False False False False False False False False False False False False False False 
True  True  False True  False True  False True  True  True  False True  False True  False True  True  True  False True  False True  False True  True  True  True  True  True  True  True  True  
True  True  False True  False True  False True  True  True  False True  False True  False True  True  True  False True  False True  False True  True  True  True  True  True  True  True  True  
True  True  False True  False True  False True  True  True  False True  False True  False True  True  True  False True  False True  False True  True  True  True  True  True  True  True  True  
True  True  True  True  True  True  True  True  False False False False False False True  True  False False False False False False True  True  False False False False False False True  True  

XXX XXX XXX XXX XXX XXX XXX XXX XXX XXX XXX XXX XXX XXX XXX XXX XXX XXX XXX XXX XXX XXX XXX XXX XXX XXX XXX XXX XXX XXX XXX XXX 
XXX XXX XXX XXX XXX XXX XXX XXX XXX XXX XXX XXX XXX XXX XXX XXX XXX XXX XXX XXX XXX XXX XXX XXX XXX XXX XXX XXX XXX XXX XXX XXX 
XXX XXX XXX XXX XXX XXX XXX XXX XXX XXX XXX XXX XXX XXX XXX XXX XXX XXX XXX XXX XXX XXX XXX XXX XXX XXX XXX XXX XXX XXX XXX XXX 
011 011 XXX 007 XXX 007 XXX 007 011 011 XXX 007 XXX 007 XXX 007 011 011 XXX 007 XXX 007 XXX 007 011 011 000 007 000 007 000 007 
012 012 XXX 008 XXX 008 XXX 008 012 012 XXX 008 XXX 008 XXX 008 012 012 XXX 008 XXX 008 XXX 008 012 012 001 008 001 008 001 008 
013 013 XXX 009 XXX 009 XXX 009 013 013 XXX 009 XXX 009 XXX 009 013 013 XXX 009 XXX 009 XXX 009 013 013 002 009 002 009 002 009 
003 003 003 003 003 003 010 010 XXX XXX XXX XXX XXX XXX 010 010 XXX XXX XXX XXX XXX XXX 010 010 XXX XXX XXX XXX XXX XXX 010 010 

