StGermain Framework revision 3819. Copyright (C) 2003-2005 VPAC.
Testing for CornerVC_BottomLeftFront
CornerVC (ptr): 0x8065640
	dictionary (ptr): 0x805e9b0
	_dictionaryEntryName (ptr): 0x8049d18
		_dictionaryEntryName: CornerVC_BottomLeftFront
	_corner: BottomLeftFront
	_entryCount: 3
	_entryTbl (ptr): 0x80710a8
		_entryTbl[0]:
			varName (ptr): 0x8068638
				varName: vx
			value:
				type: VC_ValueType_Double
				asDouble: 2
		_entryTbl[1]:
			varName (ptr): 0x8068668
				varName: vy
			value:
				type: VC_ValueType_Double
				asDouble: 3
		_entryTbl[2]:
			varName (ptr): 0x80687f0
				varName: vz
			value:
				type: VC_ValueType_Double
				asDouble: 1
	_mesh (ptr): 0x80626f0
VariableCondition (ptr): 0x8065640
Stg_Component (ptr): 0x8065640
Stg_Object (ptr): 0x8065640
	Stg_Class (ptr): 0x8065640
		sizeOfSelf: 192
		_deleteSelf: Yes
		type: CornerVC
		_delete (func ptr): 0xb7f3bbed
		_print (func ptr): 0xb7f3bc33
		_copy (func ptr): 0xb7f3c228
	name: CornerVC_BottomLeftFrontName
	nameAllocationType: NON_GLOBAL
	_defaultConstructor (func ptr): 0xb7f3ae38
	_construct (func ptr): 0xb7f3c43d
	_build (func ptr): 0xb7f3c3fb
	_initialise (func ptr): 0xb7e3a502
	_execute (func ptr): 0xb7e3a5c9
	_destroy (func ptr): 0xb7e3a5f9
	isConstructed: True
	isBuilt: True
	isInitialised: False
	hasExecuted: False
	isDestroyed: False
	constructor function name: CornerVC_BottomLeftFrontName-Construct
	build function name: CornerVC_BottomLeftFrontName-Build
	initialise function name: CornerVC_BottomLeftFrontName-Initialise
	execute function name: CornerVC_BottomLeftFrontName-Execute
	destroy function name: CornerVC_BottomLeftFrontName-Destroy
	_getSet (func ptr): 0xb7f3c48c
	_getVariableCount (func ptr): 0xb7f3caaf
	_getVariableIndex (func ptr): 0xb7f3cac6
	_getValueIndex (func ptr): 0xb7f3cba1
	_getValueCount (func ptr): 0xb7f3cba9
	_getValue (func ptr): 0xb7f3cbc0
	variable_Register (ptr): 0x8071060
	conFunc_Register (ptr): 0x805b678
	_set (ptr): 0x8070ed8
	indexCount: 1
	indexTbl (ptr): 0x8061bd8
		indexTbl[0]: 36
	vcVarCountTbl (ptr): 0x8068a80
		vcVarCountTbl[0]: 3
	vcTbl (ptr): 0x8065940
		vcTbl[0][0]:
			varIndex: 3
			valIndex: 0
		vcTbl[0][1]:
			varIndex: 4
			valIndex: 1
		vcTbl[0][2]:
			varIndex: 5
			valIndex: 2
	valueCount: 3
	valueTbl (ptr): 0x806b248
		valueTbl[0]:
			type: VC_ValueType_Double
			asDouble: 2
		valueTbl[1]:
			type: VC_ValueType_Double
			asDouble: 3
		valueTbl[2]:
			type: VC_ValueType_Double
			asDouble: 1


var[0]: 0.00, 0.00, 0.00, 0.00, 0.00, 0.00, 0.00, 0.00, 0.00, 0.00, 0.00, 0.00, 0.00, 0.00, 0.00, 0.00, 0.00, 0.00, 0.00, 0.00, 0.00, 0.00, 0.00, 0.00, 0.00, 0.00, 0.00, 0.00, 0.00, 0.00, 0.00, 0.00, 0.00, 0.00, 0.00, 0.00, 0.00, 0.00, 0.00, 0.00, 0.00, 0.00, 0.00, 0.00, 0.00, 0.00, 0.00, 0.00
var[1]: 0.00, 0.00, 0.00, 0.00, 0.00, 0.00, 0.00, 0.00, 0.00, 0.00, 0.00, 0.00, 0.00, 0.00, 0.00, 0.00, 0.00, 0.00, 0.00, 0.00, 0.00, 0.00, 0.00, 0.00, 0.00, 0.00, 0.00, 0.00, 0.00, 0.00, 0.00, 0.00, 0.00, 0.00, 0.00, 0.00, 0.00, 0.00, 0.00, 0.00, 0.00, 0.00, 0.00, 0.00, 0.00, 0.00, 0.00, 0.00
var[2]: 0.00, 0.00, 0.00, 0.00, 0.00, 0.00, 0.00, 0.00, 0.00, 0.00, 0.00, 0.00, 0.00, 0.00, 0.00, 0.00, 0.00, 0.00, 0.00, 0.00, 0.00, 0.00, 0.00, 0.00, 0.00, 0.00, 0.00, 0.00, 0.00, 0.00, 0.00, 0.00, 0.00, 0.00, 0.00, 0.00, 0.00, 0.00, 0.00, 0.00, 0.00, 0.00, 0.00, 0.00, 0.00, 0.00, 0.00, 0.00
var[3]: 0.00, 0.00, 0.00, 0.00, 0.00, 0.00, 0.00, 0.00, 0.00, 0.00, 0.00, 0.00, 0.00, 0.00, 0.00, 0.00, 0.00, 0.00, 0.00, 0.00, 0.00, 0.00, 0.00, 0.00, 0.00, 0.00, 0.00, 0.00, 0.00, 0.00, 0.00, 0.00, 0.00, 0.00, 0.00, 0.00, 2.00, 0.00, 0.00, 0.00, 0.00, 0.00, 0.00, 0.00, 0.00, 0.00, 0.00, 0.00
var[4]: 0.00, 0.00, 0.00, 0.00, 0.00, 0.00, 0.00, 0.00, 0.00, 0.00, 0.00, 0.00, 0.00, 0.00, 0.00, 0.00, 0.00, 0.00, 0.00, 0.00, 0.00, 0.00, 0.00, 0.00, 0.00, 0.00, 0.00, 0.00, 0.00, 0.00, 0.00, 0.00, 0.00, 0.00, 0.00, 0.00, 3.00, 0.00, 0.00, 0.00, 0.00, 0.00, 0.00, 0.00, 0.00, 0.00, 0.00, 0.00
var[5]: 0.00, 0.00, 0.00, 0.00, 0.00, 0.00, 0.00, 0.00, 0.00, 0.00, 0.00, 0.00, 0.00, 0.00, 0.00, 0.00, 0.00, 0.00, 0.00, 0.00, 0.00, 0.00, 0.00, 0.00, 0.00, 0.00, 0.00, 0.00, 0.00, 0.00, 0.00, 0.00, 0.00, 0.00, 0.00, 0.00, 1.00, 0.00, 0.00, 0.00, 0.00, 0.00, 0.00, 0.00, 0.00, 0.00, 0.00, 0.00
var[6]: 0.00, 0.00, 0.00, 0.00, 0.00, 0.00, 0.00, 0.00, 0.00, 0.00, 0.00, 0.00, 0.00, 0.00, 0.00, 0.00, 0.00, 0.00, 0.00, 0.00, 0.00, 0.00, 0.00, 0.00, 0.00, 0.00, 0.00, 0.00, 0.00, 0.00, 0.00, 0.00, 0.00, 0.00, 0.00, 0.00, 0.00, 0.00, 0.00, 0.00, 0.00, 0.00, 0.00, 0.00, 0.00, 0.00, 0.00, 0.00

False False False False False False False False False False False False False False False False False False False False False False False False False False False False False False False False False False False False False False False False False False False False False False False False 
False False False False False False False False False False False False False False False False False False False False False False False False False False False False False False False False False False False False False False False False False False False False False False False False 
False False False False False False False False False False False False False False False False False False False False False False False False False False False False False False False False False False False False False False False False False False False False False False False False 
False False False False False False False False False False False False False False False False False False False False False False False False False False False False False False False False False False False False True  False False False False False False False False False False False 
False False False False False False False False False False False False False False False False False False False False False False False False False False False False False False False False False False False False True  False False False False False False False False False False False 
False False False False False False False False False False False False False False False False False False False False False False False False False False False False False False False False False False False False True  False False False False False False False False False False False 

XXX XXX XXX XXX XXX XXX XXX XXX XXX XXX XXX XXX XXX XXX XXX XXX XXX XXX XXX XXX XXX XXX XXX XXX XXX XXX XXX XXX XXX XXX XXX XXX XXX XXX XXX XXX XXX XXX XXX XXX XXX XXX XXX XXX XXX XXX XXX XXX 
XXX XXX XXX XXX XXX XXX XXX XXX XXX XXX XXX XXX XXX XXX XXX XXX XXX XXX XXX XXX XXX XXX XXX XXX XXX XXX XXX XXX XXX XXX XXX XXX XXX XXX XXX XXX XXX XXX XXX XXX XXX XXX XXX XXX XXX XXX XXX XXX 
XXX XXX XXX XXX XXX XXX XXX XXX XXX XXX XXX XXX XXX XXX XXX XXX XXX XXX XXX XXX XXX XXX XXX XXX XXX XXX XXX XXX XXX XXX XXX XXX XXX XXX XXX XXX XXX XXX XXX XXX XXX XXX XXX XXX XXX XXX XXX XXX 
XXX XXX XXX XXX XXX XXX XXX XXX XXX XXX XXX XXX XXX XXX XXX XXX XXX XXX XXX XXX XXX XXX XXX XXX XXX XXX XXX XXX XXX XXX XXX XXX XXX XXX XXX XXX 000 XXX XXX XXX XXX XXX XXX XXX XXX XXX XXX XXX 
XXX XXX XXX XXX XXX XXX XXX XXX XXX XXX XXX XXX XXX XXX XXX XXX XXX XXX XXX XXX XXX XXX XXX XXX XXX XXX XXX XXX XXX XXX XXX XXX XXX XXX XXX XXX 001 XXX XXX XXX XXX XXX XXX XXX XXX XXX XXX XXX 
XXX XXX XXX XXX XXX XXX XXX XXX XXX XXX XXX XXX XXX XXX XXX XXX XXX XXX XXX XXX XXX XXX XXX XXX XXX XXX XXX XXX XXX XXX XXX XXX XXX XXX XXX XXX 002 XXX XXX XXX XXX XXX XXX XXX XXX XXX XXX XXX 

Testing for CornerVC_BottomRightFront
CornerVC (ptr): 0x806c310
	dictionary (ptr): 0x805e9b0
	_dictionaryEntryName (ptr): 0x8049d31
		_dictionaryEntryName: CornerVC_BottomRightFront
	_corner: BottomRightFront
	_entryCount: 3
	_entryTbl (ptr): 0x80710a8
		_entryTbl[0]:
			varName (ptr): 0x8068578
				varName: vx
			value:
				type: VC_ValueType_Double
				asDouble: 2
		_entryTbl[1]:
			varName (ptr): 0x805f1b8
				varName: vy
			value:
				type: VC_ValueType_Double
				asDouble: 3
		_entryTbl[2]:
			varName (ptr): 0x805f1c8
				varName: vz
			value:
				type: VC_ValueType_Double
				asDouble: 1
	_mesh (ptr): 0x80626f0
VariableCondition (ptr): 0x806c310
Stg_Component (ptr): 0x806c310
Stg_Object (ptr): 0x806c310
	Stg_Class (ptr): 0x806c310
		sizeOfSelf: 192
		_deleteSelf: Yes
		type: CornerVC
		_delete (func ptr): 0xb7f3bbed
		_print (func ptr): 0xb7f3bc33
		_copy (func ptr): 0xb7f3c228
	name: CornerVC_BottomRightFrontName
	nameAllocationType: NON_GLOBAL
	_defaultConstructor (func ptr): 0xb7f3ae38
	_construct (func ptr): 0xb7f3c43d
	_build (func ptr): 0xb7f3c3fb
	_initialise (func ptr): 0xb7e3a502
	_execute (func ptr): 0xb7e3a5c9
	_destroy (func ptr): 0xb7e3a5f9
	isConstructed: True
	isBuilt: True
	isInitialised: False
	hasExecuted: False
	isDestroyed: False
	constructor function name: CornerVC_BottomRightFrontName-Construct
	build function name: CornerVC_BottomRightFrontName-Build
	initialise function name: CornerVC_BottomRightFrontName-Initialise
	execute function name: CornerVC_BottomRightFrontName-Execute
	destroy function name: CornerVC_BottomRightFrontName-Destroy
	_getSet (func ptr): 0xb7f3c48c
	_getVariableCount (func ptr): 0xb7f3caaf
	_getVariableIndex (func ptr): 0xb7f3cac6
	_getValueIndex (func ptr): 0xb7f3cba1
	_getValueCount (func ptr): 0xb7f3cba9
	_getValue (func ptr): 0xb7f3cbc0
	variable_Register (ptr): 0x8071060
	conFunc_Register (ptr): 0x805b678
	_set (ptr): 0x8070fc0
	indexCount: 0
	indexTbl (ptr): (nil)
	vcVarCountTbl (ptr): (nil)
	vcTbl (ptr): (nil)
	valueCount: 3
	valueTbl (ptr): 0x806b248
		valueTbl[0]:
			type: VC_ValueType_Double
			asDouble: 2
		valueTbl[1]:
			type: VC_ValueType_Double
			asDouble: 3
		valueTbl[2]:
			type: VC_ValueType_Double
			asDouble: 1


var[0]: 0.00, 0.00, 0.00, 0.00, 0.00, 0.00, 0.00, 0.00, 0.00, 0.00, 0.00, 0.00, 0.00, 0.00, 0.00, 0.00, 0.00, 0.00, 0.00, 0.00, 0.00, 0.00, 0.00, 0.00, 0.00, 0.00, 0.00, 0.00, 0.00, 0.00, 0.00, 0.00, 0.00, 0.00, 0.00, 0.00, 0.00, 0.00, 0.00, 0.00, 0.00, 0.00, 0.00, 0.00, 0.00, 0.00, 0.00, 0.00
var[1]: 0.00, 0.00, 0.00, 0.00, 0.00, 0.00, 0.00, 0.00, 0.00, 0.00, 0.00, 0.00, 0.00, 0.00, 0.00, 0.00, 0.00, 0.00, 0.00, 0.00, 0.00, 0.00, 0.00, 0.00, 0.00, 0.00, 0.00, 0.00, 0.00, 0.00, 0.00, 0.00, 0.00, 0.00, 0.00, 0.00, 0.00, 0.00, 0.00, 0.00, 0.00, 0.00, 0.00, 0.00, 0.00, 0.00, 0.00, 0.00
var[2]: 0.00, 0.00, 0.00, 0.00, 0.00, 0.00, 0.00, 0.00, 0.00, 0.00, 0.00, 0.00, 0.00, 0.00, 0.00, 0.00, 0.00, 0.00, 0.00, 0.00, 0.00, 0.00, 0.00, 0.00, 0.00, 0.00, 0.00, 0.00, 0.00, 0.00, 0.00, 0.00, 0.00, 0.00, 0.00, 0.00, 0.00, 0.00, 0.00, 0.00, 0.00, 0.00, 0.00, 0.00, 0.00, 0.00, 0.00, 0.00
var[3]: 0.00, 0.00, 0.00, 0.00, 0.00, 0.00, 0.00, 0.00, 0.00, 0.00, 0.00, 0.00, 0.00, 0.00, 0.00, 0.00, 0.00, 0.00, 0.00, 0.00, 0.00, 0.00, 0.00, 0.00, 0.00, 0.00, 0.00, 0.00, 0.00, 0.00, 0.00, 0.00, 0.00, 0.00, 0.00, 0.00, 0.00, 0.00, 0.00, 0.00, 0.00, 0.00, 0.00, 0.00, 0.00, 0.00, 0.00, 0.00
var[4]: 0.00, 0.00, 0.00, 0.00, 0.00, 0.00, 0.00, 0.00, 0.00, 0.00, 0.00, 0.00, 0.00, 0.00, 0.00, 0.00, 0.00, 0.00, 0.00, 0.00, 0.00, 0.00, 0.00, 0.00, 0.00, 0.00, 0.00, 0.00, 0.00, 0.00, 0.00, 0.00, 0.00, 0.00, 0.00, 0.00, 0.00, 0.00, 0.00, 0.00, 0.00, 0.00, 0.00, 0.00, 0.00, 0.00, 0.00, 0.00
var[5]: 0.00, 0.00, 0.00, 0.00, 0.00, 0.00, 0.00, 0.00, 0.00, 0.00, 0.00, 0.00, 0.00, 0.00, 0.00, 0.00, 0.00, 0.00, 0.00, 0.00, 0.00, 0.00, 0.00, 0.00, 0.00, 0.00, 0.00, 0.00, 0.00, 0.00, 0.00, 0.00, 0.00, 0.00, 0.00, 0.00, 0.00, 0.00, 0.00, 0.00, 0.00, 0.00, 0.00, 0.00, 0.00, 0.00, 0.00, 0.00
var[6]: 0.00, 0.00, 0.00, 0.00, 0.00, 0.00, 0.00, 0.00, 0.00, 0.00, 0.00, 0.00, 0.00, 0.00, 0.00, 0.00, 0.00, 0.00, 0.00, 0.00, 0.00, 0.00, 0.00, 0.00, 0.00, 0.00, 0.00, 0.00, 0.00, 0.00, 0.00, 0.00, 0.00, 0.00, 0.00, 0.00, 0.00, 0.00, 0.00, 0.00, 0.00, 0.00, 0.00, 0.00, 0.00, 0.00, 0.00, 0.00

False False False False False False False False False False False False False False False False False False False False False False False False False False False False False False False False False False False False False False False False False False False False False False False False 
False False False False False False False False False False False False False False False False False False False False False False False False False False False False False False False False False False False False False False False False False False False False False False False False 
False False False False False False False False False False False False False False False False False False False False False False False False False False False False False False False False False False False False False False False False False False False False False False False False 
False False False False False False False False False False False False False False False False False False False False False False False False False False False False False False False False False False False False False False False False False False False False False False False False 
False False False False False False False False False False False False False False False False False False False False False False False False False False False False False False False False False False False False False False False False False False False False False False False False 
False False False False False False False False False False False False False False False False False False False False False False False False False False False False False False False False False False False False False False False False False False False False False False False False 

XXX XXX XXX XXX XXX XXX XXX XXX XXX XXX XXX XXX XXX XXX XXX XXX XXX XXX XXX XXX XXX XXX XXX XXX XXX XXX XXX XXX XXX XXX XXX XXX XXX XXX XXX XXX XXX XXX XXX XXX XXX XXX XXX XXX XXX XXX XXX XXX 
XXX XXX XXX XXX XXX XXX XXX XXX XXX XXX XXX XXX XXX XXX XXX XXX XXX XXX XXX XXX XXX XXX XXX XXX XXX XXX XXX XXX XXX XXX XXX XXX XXX XXX XXX XXX XXX XXX XXX XXX XXX XXX XXX XXX XXX XXX XXX XXX 
XXX XXX XXX XXX XXX XXX XXX XXX XXX XXX XXX XXX XXX XXX XXX XXX XXX XXX XXX XXX XXX XXX XXX XXX XXX XXX XXX XXX XXX XXX XXX XXX XXX XXX XXX XXX XXX XXX XXX XXX XXX XXX XXX XXX XXX XXX XXX XXX 
XXX XXX XXX XXX XXX XXX XXX XXX XXX XXX XXX XXX XXX XXX XXX XXX XXX XXX XXX XXX XXX XXX XXX XXX XXX XXX XXX XXX XXX XXX XXX XXX XXX XXX XXX XXX XXX XXX XXX XXX XXX XXX XXX XXX XXX XXX XXX XXX 
XXX XXX XXX XXX XXX XXX XXX XXX XXX XXX XXX XXX XXX XXX XXX XXX XXX XXX XXX XXX XXX XXX XXX XXX XXX XXX XXX XXX XXX XXX XXX XXX XXX XXX XXX XXX XXX XXX XXX XXX XXX XXX XXX XXX XXX XXX XXX XXX 
XXX XXX XXX XXX XXX XXX XXX XXX XXX XXX XXX XXX XXX XXX XXX XXX XXX XXX XXX XXX XXX XXX XXX XXX XXX XXX XXX XXX XXX XXX XXX XXX XXX XXX XXX XXX XXX XXX XXX XXX XXX XXX XXX XXX XXX XXX XXX XXX 

Testing for CornerVC_TopLeftFront
CornerVC (ptr): 0x806d518
	dictionary (ptr): 0x805e9b0
	_dictionaryEntryName (ptr): 0x8049d4b
		_dictionaryEntryName: CornerVC_TopLeftFront
	_corner: TopLeftFront
	_entryCount: 3
	_entryTbl (ptr): 0x80710a8
		_entryTbl[0]:
			varName (ptr): 0x80663a0
				varName: vx
			value:
				type: VC_ValueType_Double
				asDouble: 2
		_entryTbl[1]:
			varName (ptr): 0x8066790
				varName: vy
			value:
				type: VC_ValueType_Double
				asDouble: 3
		_entryTbl[2]:
			varName (ptr): 0x8066950
				varName: vz
			value:
				type: VC_ValueType_Double
				asDouble: 1
	_mesh (ptr): 0x80626f0
VariableCondition (ptr): 0x806d518
Stg_Component (ptr): 0x806d518
Stg_Object (ptr): 0x806d518
	Stg_Class (ptr): 0x806d518
		sizeOfSelf: 192
		_deleteSelf: Yes
		type: CornerVC
		_delete (func ptr): 0xb7f3bbed
		_print (func ptr): 0xb7f3bc33
		_copy (func ptr): 0xb7f3c228
	name: CornerVC_TopLeftFrontName
	nameAllocationType: NON_GLOBAL
	_defaultConstructor (func ptr): 0xb7f3ae38
	_construct (func ptr): 0xb7f3c43d
	_build (func ptr): 0xb7f3c3fb
	_initialise (func ptr): 0xb7e3a502
	_execute (func ptr): 0xb7e3a5c9
	_destroy (func ptr): 0xb7e3a5f9
	isConstructed: True
	isBuilt: True
	isInitialised: False
	hasExecuted: False
	isDestroyed: False
	constructor function name: CornerVC_TopLeftFrontName-Construct
	build function name: CornerVC_TopLeftFrontName-Build
	initialise function name: CornerVC_TopLeftFrontName-Initialise
	execute function name: CornerVC_TopLeftFrontName-Execute
	destroy function name: CornerVC_TopLeftFrontName-Destroy
	_getSet (func ptr): 0xb7f3c48c
	_getVariableCount (func ptr): 0xb7f3caaf
	_getVariableIndex (func ptr): 0xb7f3cac6
	_getValueIndex (func ptr): 0xb7f3cba1
	_getValueCount (func ptr): 0xb7f3cba9
	_getValue (func ptr): 0xb7f3cbc0
	variable_Register (ptr): 0x8071060
	conFunc_Register (ptr): 0x805b678
	_set (ptr): 0x80709f8
	indexCount: 1
	indexTbl (ptr): 0x8068a80
		indexTbl[0]: 45
	vcVarCountTbl (ptr): 0x8061bd8
		vcVarCountTbl[0]: 3
	vcTbl (ptr): 0x806c3f0
		vcTbl[0][0]:
			varIndex: 3
			valIndex: 0
		vcTbl[0][1]:
			varIndex: 4
			valIndex: 1
		vcTbl[0][2]:
			varIndex: 5
			valIndex: 2
	valueCount: 3
	valueTbl (ptr): 0x8068c20
		valueTbl[0]:
			type: VC_ValueType_Double
			asDouble: 2
		valueTbl[1]:
			type: VC_ValueType_Double
			asDouble: 3
		valueTbl[2]:
			type: VC_ValueType_Double
			asDouble: 1


var[0]: 0.00, 0.00, 0.00, 0.00, 0.00, 0.00, 0.00, 0.00, 0.00, 0.00, 0.00, 0.00, 0.00, 0.00, 0.00, 0.00, 0.00, 0.00, 0.00, 0.00, 0.00, 0.00, 0.00, 0.00, 0.00, 0.00, 0.00, 0.00, 0.00, 0.00, 0.00, 0.00, 0.00, 0.00, 0.00, 0.00, 0.00, 0.00, 0.00, 0.00, 0.00, 0.00, 0.00, 0.00, 0.00, 0.00, 0.00, 0.00
var[1]: 0.00, 0.00, 0.00, 0.00, 0.00, 0.00, 0.00, 0.00, 0.00, 0.00, 0.00, 0.00, 0.00, 0.00, 0.00, 0.00, 0.00, 0.00, 0.00, 0.00, 0.00, 0.00, 0.00, 0.00, 0.00, 0.00, 0.00, 0.00, 0.00, 0.00, 0.00, 0.00, 0.00, 0.00, 0.00, 0.00, 0.00, 0.00, 0.00, 0.00, 0.00, 0.00, 0.00, 0.00, 0.00, 0.00, 0.00, 0.00
var[2]: 0.00, 0.00, 0.00, 0.00, 0.00, 0.00, 0.00, 0.00, 0.00, 0.00, 0.00, 0.00, 0.00, 0.00, 0.00, 0.00, 0.00, 0.00, 0.00, 0.00, 0.00, 0.00, 0.00, 0.00, 0.00, 0.00, 0.00, 0.00, 0.00, 0.00, 0.00, 0.00, 0.00, 0.00, 0.00, 0.00, 0.00, 0.00, 0.00, 0.00, 0.00, 0.00, 0.00, 0.00, 0.00, 0.00, 0.00, 0.00
var[3]: 0.00, 0.00, 0.00, 0.00, 0.00, 0.00, 0.00, 0.00, 0.00, 0.00, 0.00, 0.00, 0.00, 0.00, 0.00, 0.00, 0.00, 0.00, 0.00, 0.00, 0.00, 0.00, 0.00, 0.00, 0.00, 0.00, 0.00, 0.00, 0.00, 0.00, 0.00, 0.00, 0.00, 0.00, 0.00, 0.00, 0.00, 0.00, 0.00, 0.00, 0.00, 0.00, 0.00, 0.00, 0.00, 2.00, 0.00, 0.00
var[4]: 0.00, 0.00, 0.00, 0.00, 0.00, 0.00, 0.00, 0.00, 0.00, 0.00, 0.00, 0.00, 0.00, 0.00, 0.00, 0.00, 0.00, 0.00, 0.00, 0.00, 0.00, 0.00, 0.00, 0.00, 0.00, 0.00, 0.00, 0.00, 0.00, 0.00, 0.00, 0.00, 0.00, 0.00, 0.00, 0.00, 0.00, 0.00, 0.00, 0.00, 0.00, 0.00, 0.00, 0.00, 0.00, 3.00, 0.00, 0.00
var[5]: 0.00, 0.00, 0.00, 0.00, 0.00, 0.00, 0.00, 0.00, 0.00, 0.00, 0.00, 0.00, 0.00, 0.00, 0.00, 0.00, 0.00, 0.00, 0.00, 0.00, 0.00, 0.00, 0.00, 0.00, 0.00, 0.00, 0.00, 0.00, 0.00, 0.00, 0.00, 0.00, 0.00, 0.00, 0.00, 0.00, 0.00, 0.00, 0.00, 0.00, 0.00, 0.00, 0.00, 0.00, 0.00, 1.00, 0.00, 0.00
var[6]: 0.00, 0.00, 0.00, 0.00, 0.00, 0.00, 0.00, 0.00, 0.00, 0.00, 0.00, 0.00, 0.00, 0.00, 0.00, 0.00, 0.00, 0.00, 0.00, 0.00, 0.00, 0.00, 0.00, 0.00, 0.00, 0.00, 0.00, 0.00, 0.00, 0.00, 0.00, 0.00, 0.00, 0.00, 0.00, 0.00, 0.00, 0.00, 0.00, 0.00, 0.00, 0.00, 0.00, 0.00, 0.00, 0.00, 0.00, 0.00

False False False False False False False False False False False False False False False False False False False False False False False False False False False False False False False False False False False False False False False False False False False False False False False False 
False False False False False False False False False False False False False False False False False False False False False False False False False False False False False False False False False False False False False False False False False False False False False False False False 
False False False False False False False False False False False False False False False False False False False False False False False False False False False False False False False False False False False False False False False False False False False False False False False False 
False False False False False False False False False False False False False False False False False False False False False False False False False False False False False False False False False False False False False False False False False False False False False True  False False 
False False False False False False False False False False False False False False False False False False False False False False False False False False False False False False False False False False False False False False False False False False False False False True  False False 
False False False False False False False False False False False False False False False False False False False False False False False False False False False False False False False False False False False False False False False False False False False False False True  False False 

XXX XXX XXX XXX XXX XXX XXX XXX XXX XXX XXX XXX XXX XXX XXX XXX XXX XXX XXX XXX XXX XXX XXX XXX XXX XXX XXX XXX XXX XXX XXX XXX XXX XXX XXX XXX XXX XXX XXX XXX XXX XXX XXX XXX XXX XXX XXX XXX 
XXX XXX XXX XXX XXX XXX XXX XXX XXX XXX XXX XXX XXX XXX XXX XXX XXX XXX XXX XXX XXX XXX XXX XXX XXX XXX XXX XXX XXX XXX XXX XXX XXX XXX XXX XXX XXX XXX XXX XXX XXX XXX XXX XXX XXX XXX XXX XXX 
XXX XXX XXX XXX XXX XXX XXX XXX XXX XXX XXX XXX XXX XXX XXX XXX XXX XXX XXX XXX XXX XXX XXX XXX XXX XXX XXX XXX XXX XXX XXX XXX XXX XXX XXX XXX XXX XXX XXX XXX XXX XXX XXX XXX XXX XXX XXX XXX 
XXX XXX XXX XXX XXX XXX XXX XXX XXX XXX XXX XXX XXX XXX XXX XXX XXX XXX XXX XXX XXX XXX XXX XXX XXX XXX XXX XXX XXX XXX XXX XXX XXX XXX XXX XXX XXX XXX XXX XXX XXX XXX XXX XXX XXX 000 XXX XXX 
XXX XXX XXX XXX XXX XXX XXX XXX XXX XXX XXX XXX XXX XXX XXX XXX XXX XXX XXX XXX XXX XXX XXX XXX XXX XXX XXX XXX XXX XXX XXX XXX XXX XXX XXX XXX XXX XXX XXX XXX XXX XXX XXX XXX XXX 001 XXX XXX 
XXX XXX XXX XXX XXX XXX XXX XXX XXX XXX XXX XXX XXX XXX XXX XXX XXX XXX XXX XXX XXX XXX XXX XXX XXX XXX XXX XXX XXX XXX XXX XXX XXX XXX XXX XXX XXX XXX XXX XXX XXX XXX XXX XXX XXX 002 XXX XXX 

Testing for CornerVC_TopRightFront
CornerVC (ptr): 0x806c310
	dictionary (ptr): 0x805e9b0
	_dictionaryEntryName (ptr): 0x8049d61
		_dictionaryEntryName: CornerVC_TopRightFront
	_corner: TopRightFront
	_entryCount: 3
	_entryTbl (ptr): 0x80710a8
		_entryTbl[0]:
			varName (ptr): 0x805f438
				varName: vx
			value:
				type: VC_ValueType_Double
				asDouble: 2
		_entryTbl[1]:
			varName (ptr): 0x805f828
				varName: vy
			value:
				type: VC_ValueType_Double
				asDouble: 3
		_entryTbl[2]:
			varName (ptr): 0x805f9e8
				varName: vz
			value:
				type: VC_ValueType_Double
				asDouble: 1
	_mesh (ptr): 0x80626f0
VariableCondition (ptr): 0x806c310
Stg_Component (ptr): 0x806c310
Stg_Object (ptr): 0x806c310
	Stg_Class (ptr): 0x806c310
		sizeOfSelf: 192
		_deleteSelf: Yes
		type: CornerVC
		_delete (func ptr): 0xb7f3bbed
		_print (func ptr): 0xb7f3bc33
		_copy (func ptr): 0xb7f3c228
	name: CornerVC_TopRightFrontName
	nameAllocationType: NON_GLOBAL
	_defaultConstructor (func ptr): 0xb7f3ae38
	_construct (func ptr): 0xb7f3c43d
	_build (func ptr): 0xb7f3c3fb
	_initialise (func ptr): 0xb7e3a502
	_execute (func ptr): 0xb7e3a5c9
	_destroy (func ptr): 0xb7e3a5f9
	isConstructed: True
	isBuilt: True
	isInitialised: False
	hasExecuted: False
	isDestroyed: False
	constructor function name: CornerVC_TopRightFrontName-Construct
	build function name: CornerVC_TopRightFrontName-Build
	initialise function name: CornerVC_TopRightFrontName-Initialise
	execute function name: CornerVC_TopRightFrontName-Execute
	destroy function name: CornerVC_TopRightFrontName-Destroy
	_getSet (func ptr): 0xb7f3c48c
	_getVariableCount (func ptr): 0xb7f3caaf
	_getVariableIndex (func ptr): 0xb7f3cac6
	_getValueIndex (func ptr): 0xb7f3cba1
	_getValueCount (func ptr): 0xb7f3cba9
	_getValue (func ptr): 0xb7f3cbc0
	variable_Register (ptr): 0x8071060
	conFunc_Register (ptr): 0x805b678
	_set (ptr): 0x8070cb8
	indexCount: 0
	indexTbl (ptr): (nil)
	vcVarCountTbl (ptr): (nil)
	vcTbl (ptr): (nil)
	valueCount: 3
	valueTbl (ptr): 0x8068c20
		valueTbl[0]:
			type: VC_ValueType_Double
			asDouble: 2
		valueTbl[1]:
			type: VC_ValueType_Double
			asDouble: 3
		valueTbl[2]:
			type: VC_ValueType_Double
			asDouble: 1


var[0]: 0.00, 0.00, 0.00, 0.00, 0.00, 0.00, 0.00, 0.00, 0.00, 0.00, 0.00, 0.00, 0.00, 0.00, 0.00, 0.00, 0.00, 0.00, 0.00, 0.00, 0.00, 0.00, 0.00, 0.00, 0.00, 0.00, 0.00, 0.00, 0.00, 0.00, 0.00, 0.00, 0.00, 0.00, 0.00, 0.00, 0.00, 0.00, 0.00, 0.00, 0.00, 0.00, 0.00, 0.00, 0.00, 0.00, 0.00, 0.00
var[1]: 0.00, 0.00, 0.00, 0.00, 0.00, 0.00, 0.00, 0.00, 0.00, 0.00, 0.00, 0.00, 0.00, 0.00, 0.00, 0.00, 0.00, 0.00, 0.00, 0.00, 0.00, 0.00, 0.00, 0.00, 0.00, 0.00, 0.00, 0.00, 0.00, 0.00, 0.00, 0.00, 0.00, 0.00, 0.00, 0.00, 0.00, 0.00, 0.00, 0.00, 0.00, 0.00, 0.00, 0.00, 0.00, 0.00, 0.00, 0.00
var[2]: 0.00, 0.00, 0.00, 0.00, 0.00, 0.00, 0.00, 0.00, 0.00, 0.00, 0.00, 0.00, 0.00, 0.00, 0.00, 0.00, 0.00, 0.00, 0.00, 0.00, 0.00, 0.00, 0.00, 0.00, 0.00, 0.00, 0.00, 0.00, 0.00, 0.00, 0.00, 0.00, 0.00, 0.00, 0.00, 0.00, 0.00, 0.00, 0.00, 0.00, 0.00, 0.00, 0.00, 0.00, 0.00, 0.00, 0.00, 0.00
var[3]: 0.00, 0.00, 0.00, 0.00, 0.00, 0.00, 0.00, 0.00, 0.00, 0.00, 0.00, 0.00, 0.00, 0.00, 0.00, 0.00, 0.00, 0.00, 0.00, 0.00, 0.00, 0.00, 0.00, 0.00, 0.00, 0.00, 0.00, 0.00, 0.00, 0.00, 0.00, 0.00, 0.00, 0.00, 0.00, 0.00, 0.00, 0.00, 0.00, 0.00, 0.00, 0.00, 0.00, 0.00, 0.00, 0.00, 0.00, 0.00
var[4]: 0.00, 0.00, 0.00, 0.00, 0.00, 0.00, 0.00, 0.00, 0.00, 0.00, 0.00, 0.00, 0.00, 0.00, 0.00, 0.00, 0.00, 0.00, 0.00, 0.00, 0.00, 0.00, 0.00, 0.00, 0.00, 0.00, 0.00, 0.00, 0.00, 0.00, 0.00, 0.00, 0.00, 0.00, 0.00, 0.00, 0.00, 0.00, 0.00, 0.00, 0.00, 0.00, 0.00, 0.00, 0.00, 0.00, 0.00, 0.00
var[5]: 0.00, 0.00, 0.00, 0.00, 0.00, 0.00, 0.00, 0.00, 0.00, 0.00, 0.00, 0.00, 0.00, 0.00, 0.00, 0.00, 0.00, 0.00, 0.00, 0.00, 0.00, 0.00, 0.00, 0.00, 0.00, 0.00, 0.00, 0.00, 0.00, 0.00, 0.00, 0.00, 0.00, 0.00, 0.00, 0.00, 0.00, 0.00, 0.00, 0.00, 0.00, 0.00, 0.00, 0.00, 0.00, 0.00, 0.00, 0.00
var[6]: 0.00, 0.00, 0.00, 0.00, 0.00, 0.00, 0.00, 0.00, 0.00, 0.00, 0.00, 0.00, 0.00, 0.00, 0.00, 0.00, 0.00, 0.00, 0.00, 0.00, 0.00, 0.00, 0.00, 0.00, 0.00, 0.00, 0.00, 0.00, 0.00, 0.00, 0.00, 0.00, 0.00, 0.00, 0.00, 0.00, 0.00, 0.00, 0.00, 0.00, 0.00, 0.00, 0.00, 0.00, 0.00, 0.00, 0.00, 0.00

False False False False False False False False False False False False False False False False False False False False False False False False False False False False False False False False False False False False False False False False False False False False False False False False 
False False False False False False False False False False False False False False False False False False False False False False False False False False False False False False False False False False False False False False False False False False False False False False False False 
False False False False False False False False False False False False False False False False False False False False False False False False False False False False False False False False False False False False False False False False False False False False False False False False 
False False False False False False False False False False False False False False False False False False False False False False False False False False False False False False False False False False False False False False False False False False False False False False False False 
False False False False False False False False False False False False False False False False False False False False False False False False False False False False False False False False False False False False False False False False False False False False False False False False 
False False False False False False False False False False False False False False False False False False False False False False False False False False False False False False False False False False False False False False False False False False False False False False False False 

XXX XXX XXX XXX XXX XXX XXX XXX XXX XXX XXX XXX XXX XXX XXX XXX XXX XXX XXX XXX XXX XXX XXX XXX XXX XXX XXX XXX XXX XXX XXX XXX XXX XXX XXX XXX XXX XXX XXX XXX XXX XXX XXX XXX XXX XXX XXX XXX 
XXX XXX XXX XXX XXX XXX XXX XXX XXX XXX XXX XXX XXX XXX XXX XXX XXX XXX XXX XXX XXX XXX XXX XXX XXX XXX XXX XXX XXX XXX XXX XXX XXX XXX XXX XXX XXX XXX XXX XXX XXX XXX XXX XXX XXX XXX XXX XXX 
XXX XXX XXX XXX XXX XXX XXX XXX XXX XXX XXX XXX XXX XXX XXX XXX XXX XXX XXX XXX XXX XXX XXX XXX XXX XXX XXX XXX XXX XXX XXX XXX XXX XXX XXX XXX XXX XXX XXX XXX XXX XXX XXX XXX XXX XXX XXX XXX 
XXX XXX XXX XXX XXX XXX XXX XXX XXX XXX XXX XXX XXX XXX XXX XXX XXX XXX XXX XXX XXX XXX XXX XXX XXX XXX XXX XXX XXX XXX XXX XXX XXX XXX XXX XXX XXX XXX XXX XXX XXX XXX XXX XXX XXX XXX XXX XXX 
XXX XXX XXX XXX XXX XXX XXX XXX XXX XXX XXX XXX XXX XXX XXX XXX XXX XXX XXX XXX XXX XXX XXX XXX XXX XXX XXX XXX XXX XXX XXX XXX XXX XXX XXX XXX XXX XXX XXX XXX XXX XXX XXX XXX XXX XXX XXX XXX 
XXX XXX XXX XXX XXX XXX XXX XXX XXX XXX XXX XXX XXX XXX XXX XXX XXX XXX XXX XXX XXX XXX XXX XXX XXX XXX XXX XXX XXX XXX XXX XXX XXX XXX XXX XXX XXX XXX XXX XXX XXX XXX XXX XXX XXX XXX XXX XXX 

Testing for CornerVC_BottomLeftBack
CornerVC (ptr): 0x806d518
	dictionary (ptr): 0x805e9b0
	_dictionaryEntryName (ptr): 0x8049d78
		_dictionaryEntryName: CornerVC_BottomLeftBack
	_corner: BottomLeftBack
	_entryCount: 1
	_entryTbl (ptr): 0x806d6b0
		_entryTbl[0]:
			varName (ptr): 0x80675b8
				varName: temp
			value:
				type: VC_ValueType_Double
				asDouble: 3
	_mesh (ptr): 0x80626f0
VariableCondition (ptr): 0x806d518
Stg_Component (ptr): 0x806d518
Stg_Object (ptr): 0x806d518
	Stg_Class (ptr): 0x806d518
		sizeOfSelf: 192
		_deleteSelf: Yes
		type: CornerVC
		_delete (func ptr): 0xb7f3bbed
		_print (func ptr): 0xb7f3bc33
		_copy (func ptr): 0xb7f3c228
	name: CornerVC_BottomLeftBackName
	nameAllocationType: NON_GLOBAL
	_defaultConstructor (func ptr): 0xb7f3ae38
	_construct (func ptr): 0xb7f3c43d
	_build (func ptr): 0xb7f3c3fb
	_initialise (func ptr): 0xb7e3a502
	_execute (func ptr): 0xb7e3a5c9
	_destroy (func ptr): 0xb7e3a5f9
	isConstructed: True
	isBuilt: True
	isInitialised: False
	hasExecuted: False
	isDestroyed: False
	constructor function name: CornerVC_BottomLeftBackName-Construct
	build function name: CornerVC_BottomLeftBackName-Build
	initialise function name: CornerVC_BottomLeftBackName-Initialise
	execute function name: CornerVC_BottomLeftBackName-Execute
	destroy function name: CornerVC_BottomLeftBackName-Destroy
	_getSet (func ptr): 0xb7f3c48c
	_getVariableCount (func ptr): 0xb7f3caaf
	_getVariableIndex (func ptr): 0xb7f3cac6
	_getValueIndex (func ptr): 0xb7f3cba1
	_getValueCount (func ptr): 0xb7f3cba9
	_getValue (func ptr): 0xb7f3cbc0
	variable_Register (ptr): 0x8071060
	conFunc_Register (ptr): 0x805b678
	_set (ptr): 0x8070cb8
	indexCount: 1
	indexTbl (ptr): 0x8061bd8
		indexTbl[0]: 0
	vcVarCountTbl (ptr): 0x8068a80
		vcVarCountTbl[0]: 1
	vcTbl (ptr): 0x806b1a0
		vcTbl[0][0]:
			varIndex: 6
			valIndex: 0
	valueCount: 1
	valueTbl (ptr): 0x806b2f0
		valueTbl[0]:
			type: VC_ValueType_Double
			asDouble: 3


var[0]: 0.00, 0.00, 0.00, 0.00, 0.00, 0.00, 0.00, 0.00, 0.00, 0.00, 0.00, 0.00, 0.00, 0.00, 0.00, 0.00, 0.00, 0.00, 0.00, 0.00, 0.00, 0.00, 0.00, 0.00, 0.00, 0.00, 0.00, 0.00, 0.00, 0.00, 0.00, 0.00, 0.00, 0.00, 0.00, 0.00, 0.00, 0.00, 0.00, 0.00, 0.00, 0.00, 0.00, 0.00, 0.00, 0.00, 0.00, 0.00
var[1]: 0.00, 0.00, 0.00, 0.00, 0.00, 0.00, 0.00, 0.00, 0.00, 0.00, 0.00, 0.00, 0.00, 0.00, 0.00, 0.00, 0.00, 0.00, 0.00, 0.00, 0.00, 0.00, 0.00, 0.00, 0.00, 0.00, 0.00, 0.00, 0.00, 0.00, 0.00, 0.00, 0.00, 0.00, 0.00, 0.00, 0.00, 0.00, 0.00, 0.00, 0.00, 0.00, 0.00, 0.00, 0.00, 0.00, 0.00, 0.00
var[2]: 0.00, 0.00, 0.00, 0.00, 0.00, 0.00, 0.00, 0.00, 0.00, 0.00, 0.00, 0.00, 0.00, 0.00, 0.00, 0.00, 0.00, 0.00, 0.00, 0.00, 0.00, 0.00, 0.00, 0.00, 0.00, 0.00, 0.00, 0.00, 0.00, 0.00, 0.00, 0.00, 0.00, 0.00, 0.00, 0.00, 0.00, 0.00, 0.00, 0.00, 0.00, 0.00, 0.00, 0.00, 0.00, 0.00, 0.00, 0.00
var[3]: 0.00, 0.00, 0.00, 0.00, 0.00, 0.00, 0.00, 0.00, 0.00, 0.00, 0.00, 0.00, 0.00, 0.00, 0.00, 0.00, 0.00, 0.00, 0.00, 0.00, 0.00, 0.00, 0.00, 0.00, 0.00, 0.00, 0.00, 0.00, 0.00, 0.00, 0.00, 0.00, 0.00, 0.00, 0.00, 0.00, 0.00, 0.00, 0.00, 0.00, 0.00, 0.00, 0.00, 0.00, 0.00, 0.00, 0.00, 0.00
var[4]: 0.00, 0.00, 0.00, 0.00, 0.00, 0.00, 0.00, 0.00, 0.00, 0.00, 0.00, 0.00, 0.00, 0.00, 0.00, 0.00, 0.00, 0.00, 0.00, 0.00, 0.00, 0.00, 0.00, 0.00, 0.00, 0.00, 0.00, 0.00, 0.00, 0.00, 0.00, 0.00, 0.00, 0.00, 0.00, 0.00, 0.00, 0.00, 0.00, 0.00, 0.00, 0.00, 0.00, 0.00, 0.00, 0.00, 0.00, 0.00
var[5]: 0.00, 0.00, 0.00, 0.00, 0.00, 0.00, 0.00, 0.00, 0.00, 0.00, 0.00, 0.00, 0.00, 0.00, 0.00, 0.00, 0.00, 0.00, 0.00, 0.00, 0.00, 0.00, 0.00, 0.00, 0.00, 0.00, 0.00, 0.00, 0.00, 0.00, 0.00, 0.00, 0.00, 0.00, 0.00, 0.00, 0.00, 0.00, 0.00, 0.00, 0.00, 0.00, 0.00, 0.00, 0.00, 0.00, 0.00, 0.00
var[6]: 3.00, 0.00, 0.00, 0.00, 0.00, 0.00, 0.00, 0.00, 0.00, 0.00, 0.00, 0.00, 0.00, 0.00, 0.00, 0.00, 0.00, 0.00, 0.00, 0.00, 0.00, 0.00, 0.00, 0.00, 0.00, 0.00, 0.00, 0.00, 0.00, 0.00, 0.00, 0.00, 0.00, 0.00, 0.00, 0.00, 0.00, 0.00, 0.00, 0.00, 0.00, 0.00, 0.00, 0.00, 0.00, 0.00, 0.00, 0.00

False False False False False False False False False False False False False False False False False False False False False False False False False False False False False False False False False False False False False False False False False False False False False False False False 
False False False False False False False False False False False False False False False False False False False False False False False False False False False False False False False False False False False False False False False False False False False False False False False False 
False False False False False False False False False False False False False False False False False False False False False False False False False False False False False False False False False False False False False False False False False False False False False False False False 
False False False False False False False False False False False False False False False False False False False False False False False False False False False False False False False False False False False False False False False False False False False False False False False False 
False False False False False False False False False False False False False False False False False False False False False False False False False False False False False False False False False False False False False False False False False False False False False False False False 
False False False False False False False False False False False False False False False False False False False False False False False False False False False False False False False False False False False False False False False False False False False False False False False False 

XXX XXX XXX XXX XXX XXX XXX XXX XXX XXX XXX XXX XXX XXX XXX XXX XXX XXX XXX XXX XXX XXX XXX XXX XXX XXX XXX XXX XXX XXX XXX XXX XXX XXX XXX XXX XXX XXX XXX XXX XXX XXX XXX XXX XXX XXX XXX XXX 
XXX XXX XXX XXX XXX XXX XXX XXX XXX XXX XXX XXX XXX XXX XXX XXX XXX XXX XXX XXX XXX XXX XXX XXX XXX XXX XXX XXX XXX XXX XXX XXX XXX XXX XXX XXX XXX XXX XXX XXX XXX XXX XXX XXX XXX XXX XXX XXX 
XXX XXX XXX XXX XXX XXX XXX XXX XXX XXX XXX XXX XXX XXX XXX XXX XXX XXX XXX XXX XXX XXX XXX XXX XXX XXX XXX XXX XXX XXX XXX XXX XXX XXX XXX XXX XXX XXX XXX XXX XXX XXX XXX XXX XXX XXX XXX XXX 
XXX XXX XXX XXX XXX XXX XXX XXX XXX XXX XXX XXX XXX XXX XXX XXX XXX XXX XXX XXX XXX XXX XXX XXX XXX XXX XXX XXX XXX XXX XXX XXX XXX XXX XXX XXX XXX XXX XXX XXX XXX XXX XXX XXX XXX XXX XXX XXX 
XXX XXX XXX XXX XXX XXX XXX XXX XXX XXX XXX XXX XXX XXX XXX XXX XXX XXX XXX XXX XXX XXX XXX XXX XXX XXX XXX XXX XXX XXX XXX XXX XXX XXX XXX XXX XXX XXX XXX XXX XXX XXX XXX XXX XXX XXX XXX XXX 
XXX XXX XXX XXX XXX XXX XXX XXX XXX XXX XXX XXX XXX XXX XXX XXX XXX XXX XXX XXX XXX XXX XXX XXX XXX XXX XXX XXX XXX XXX XXX XXX XXX XXX XXX XXX XXX XXX XXX XXX XXX XXX XXX XXX XXX XXX XXX XXX 

Testing for CornerVC_BottomRightBack
CornerVC (ptr): 0x806c310
	dictionary (ptr): 0x805e9b0
	_dictionaryEntryName (ptr): 0x8049d90
		_dictionaryEntryName: CornerVC_BottomRightBack
	_corner: BottomRightBack
	_entryCount: 4
	_entryTbl (ptr): 0x806c500
		_entryTbl[0]:
			varName (ptr): 0x80670c0
				varName: vx
			value:
				type: VC_ValueType_Double
				asDouble: 2
		_entryTbl[1]:
			varName (ptr): 0x8068568
				varName: vy
			value:
				type: VC_ValueType_Double
				asDouble: 3
		_entryTbl[2]:
			varName (ptr): 0x8066b10
				varName: vz
			value:
				type: VC_ValueType_Double
				asDouble: 1
		_entryTbl[3]:
			varName (ptr): 0x8067ef0
				varName: temp
			value:
				type: VC_ValueType_Double
				asDouble: 3
	_mesh (ptr): 0x80626f0
VariableCondition (ptr): 0x806c310
Stg_Component (ptr): 0x806c310
Stg_Object (ptr): 0x806c310
	Stg_Class (ptr): 0x806c310
		sizeOfSelf: 192
		_deleteSelf: Yes
		type: CornerVC
		_delete (func ptr): 0xb7f3bbed
		_print (func ptr): 0xb7f3bc33
		_copy (func ptr): 0xb7f3c228
	name: CornerVC_BottomRightBackName
	nameAllocationType: NON_GLOBAL
	_defaultConstructor (func ptr): 0xb7f3ae38
	_construct (func ptr): 0xb7f3c43d
	_build (func ptr): 0xb7f3c3fb
	_initialise (func ptr): 0xb7e3a502
	_execute (func ptr): 0xb7e3a5c9
	_destroy (func ptr): 0xb7e3a5f9
	isConstructed: True
	isBuilt: True
	isInitialised: False
	hasExecuted: False
	isDestroyed: False
	constructor function name: CornerVC_BottomRightBackName-Construct
	build function name: CornerVC_BottomRightBackName-Build
	initialise function name: CornerVC_BottomRightBackName-Initialise
	execute function name: CornerVC_BottomRightBackName-Execute
	destroy function name: CornerVC_BottomRightBackName-Destroy
	_getSet (func ptr): 0xb7f3c48c
	_getVariableCount (func ptr): 0xb7f3caaf
	_getVariableIndex (func ptr): 0xb7f3cac6
	_getValueIndex (func ptr): 0xb7f3cba1
	_getValueCount (func ptr): 0xb7f3cba9
	_getValue (func ptr): 0xb7f3cbc0
	variable_Register (ptr): 0x8071060
	conFunc_Register (ptr): 0x805b678
	_set (ptr): 0x8070cb8
	indexCount: 0
	indexTbl (ptr): (nil)
	vcVarCountTbl (ptr): (nil)
	vcTbl (ptr): (nil)
	valueCount: 4
	valueTbl (ptr): 0x80710a8
		valueTbl[0]:
			type: VC_ValueType_Double
			asDouble: 2
		valueTbl[1]:
			type: VC_ValueType_Double
			asDouble: 3
		valueTbl[2]:
			type: VC_ValueType_Double
			asDouble: 1
		valueTbl[3]:
			type: VC_ValueType_Double
			asDouble: 3


var[0]: 0.00, 0.00, 0.00, 0.00, 0.00, 0.00, 0.00, 0.00, 0.00, 0.00, 0.00, 0.00, 0.00, 0.00, 0.00, 0.00, 0.00, 0.00, 0.00, 0.00, 0.00, 0.00, 0.00, 0.00, 0.00, 0.00, 0.00, 0.00, 0.00, 0.00, 0.00, 0.00, 0.00, 0.00, 0.00, 0.00, 0.00, 0.00, 0.00, 0.00, 0.00, 0.00, 0.00, 0.00, 0.00, 0.00, 0.00, 0.00
var[1]: 0.00, 0.00, 0.00, 0.00, 0.00, 0.00, 0.00, 0.00, 0.00, 0.00, 0.00, 0.00, 0.00, 0.00, 0.00, 0.00, 0.00, 0.00, 0.00, 0.00, 0.00, 0.00, 0.00, 0.00, 0.00, 0.00, 0.00, 0.00, 0.00, 0.00, 0.00, 0.00, 0.00, 0.00, 0.00, 0.00, 0.00, 0.00, 0.00, 0.00, 0.00, 0.00, 0.00, 0.00, 0.00, 0.00, 0.00, 0.00
var[2]: 0.00, 0.00, 0.00, 0.00, 0.00, 0.00, 0.00, 0.00, 0.00, 0.00, 0.00, 0.00, 0.00, 0.00, 0.00, 0.00, 0.00, 0.00, 0.00, 0.00, 0.00, 0.00, 0.00, 0.00, 0.00, 0.00, 0.00, 0.00, 0.00, 0.00, 0.00, 0.00, 0.00, 0.00, 0.00, 0.00, 0.00, 0.00, 0.00, 0.00, 0.00, 0.00, 0.00, 0.00, 0.00, 0.00, 0.00, 0.00
var[3]: 0.00, 0.00, 0.00, 0.00, 0.00, 0.00, 0.00, 0.00, 0.00, 0.00, 0.00, 0.00, 0.00, 0.00, 0.00, 0.00, 0.00, 0.00, 0.00, 0.00, 0.00, 0.00, 0.00, 0.00, 0.00, 0.00, 0.00, 0.00, 0.00, 0.00, 0.00, 0.00, 0.00, 0.00, 0.00, 0.00, 0.00, 0.00, 0.00, 0.00, 0.00, 0.00, 0.00, 0.00, 0.00, 0.00, 0.00, 0.00
var[4]: 0.00, 0.00, 0.00, 0.00, 0.00, 0.00, 0.00, 0.00, 0.00, 0.00, 0.00, 0.00, 0.00, 0.00, 0.00, 0.00, 0.00, 0.00, 0.00, 0.00, 0.00, 0.00, 0.00, 0.00, 0.00, 0.00, 0.00, 0.00, 0.00, 0.00, 0.00, 0.00, 0.00, 0.00, 0.00, 0.00, 0.00, 0.00, 0.00, 0.00, 0.00, 0.00, 0.00, 0.00, 0.00, 0.00, 0.00, 0.00
var[5]: 0.00, 0.00, 0.00, 0.00, 0.00, 0.00, 0.00, 0.00, 0.00, 0.00, 0.00, 0.00, 0.00, 0.00, 0.00, 0.00, 0.00, 0.00, 0.00, 0.00, 0.00, 0.00, 0.00, 0.00, 0.00, 0.00, 0.00, 0.00, 0.00, 0.00, 0.00, 0.00, 0.00, 0.00, 0.00, 0.00, 0.00, 0.00, 0.00, 0.00, 0.00, 0.00, 0.00, 0.00, 0.00, 0.00, 0.00, 0.00
var[6]: 0.00, 0.00, 0.00, 0.00, 0.00, 0.00, 0.00, 0.00, 0.00, 0.00, 0.00, 0.00, 0.00, 0.00, 0.00, 0.00, 0.00, 0.00, 0.00, 0.00, 0.00, 0.00, 0.00, 0.00, 0.00, 0.00, 0.00, 0.00, 0.00, 0.00, 0.00, 0.00, 0.00, 0.00, 0.00, 0.00, 0.00, 0.00, 0.00, 0.00, 0.00, 0.00, 0.00, 0.00, 0.00, 0.00, 0.00, 0.00

False False False False False False False False False False False False False False False False False False False False False False False False False False False False False False False False False False False False False False False False False False False False False False False False 
False False False False False False False False False False False False False False False False False False False False False False False False False False False False False False False False False False False False False False False False False False False False False False False False 
False False False False False False False False False False False False False False False False False False False False False False False False False False False False False False False False False False False False False False False False False False False False False False False False 
False False False False False False False False False False False False False False False False False False False False False False False False False False False False False False False False False False False False False False False False False False False False False False False False 
False False False False False False False False False False False False False False False False False False False False False False False False False False False False False False False False False False False False False False False False False False False False False False False False 
False False False False False False False False False False False False False False False False False False False False False False False False False False False False False False False False False False False False False False False False False False False False False False False False 

XXX XXX XXX XXX XXX XXX XXX XXX XXX XXX XXX XXX XXX XXX XXX XXX XXX XXX XXX XXX XXX XXX XXX XXX XXX XXX XXX XXX XXX XXX XXX XXX XXX XXX XXX XXX XXX XXX XXX XXX XXX XXX XXX XXX XXX XXX XXX XXX 
XXX XXX XXX XXX XXX XXX XXX XXX XXX XXX XXX XXX XXX XXX XXX XXX XXX XXX XXX XXX XXX XXX XXX XXX XXX XXX XXX XXX XXX XXX XXX XXX XXX XXX XXX XXX XXX XXX XXX XXX XXX XXX XXX XXX XXX XXX XXX XXX 
XXX XXX XXX XXX XXX XXX XXX XXX XXX XXX XXX XXX XXX XXX XXX XXX XXX XXX XXX XXX XXX XXX XXX XXX XXX XXX XXX XXX XXX XXX XXX XXX XXX XXX XXX XXX XXX XXX XXX XXX XXX XXX XXX XXX XXX XXX XXX XXX 
XXX XXX XXX XXX XXX XXX XXX XXX XXX XXX XXX XXX XXX XXX XXX XXX XXX XXX XXX XXX XXX XXX XXX XXX XXX XXX XXX XXX XXX XXX XXX XXX XXX XXX XXX XXX XXX XXX XXX XXX XXX XXX XXX XXX XXX XXX XXX XXX 
XXX XXX XXX XXX XXX XXX XXX XXX XXX XXX XXX XXX XXX XXX XXX XXX XXX XXX XXX XXX XXX XXX XXX XXX XXX XXX XXX XXX XXX XXX XXX XXX XXX XXX XXX XXX XXX XXX XXX XXX XXX XXX XXX XXX XXX XXX XXX XXX 
XXX XXX XXX XXX XXX XXX XXX XXX XXX XXX XXX XXX XXX XXX XXX XXX XXX XXX XXX XXX XXX XXX XXX XXX XXX XXX XXX XXX XXX XXX XXX XXX XXX XXX XXX XXX XXX XXX XXX XXX XXX XXX XXX XXX XXX XXX XXX XXX 

Testing for CornerVC_TopLeftBack
CornerVC (ptr): 0x806d518
	dictionary (ptr): 0x805e9b0
	_dictionaryEntryName (ptr): 0x8049da9
		_dictionaryEntryName: CornerVC_TopLeftBack
	_corner: TopLeftBack
	_entryCount: 4
	_entryTbl (ptr): 0x806de00
		_entryTbl[0]:
			varName (ptr): 0x8067280
				varName: vx
			value:
				type: VC_ValueType_Double
				asDouble: 2
		_entryTbl[1]:
			varName (ptr): 0x8067a68
				varName: vy
			value:
				type: VC_ValueType_Double
				asDouble: 3
		_entryTbl[2]:
			varName (ptr): 0x8067c28
				varName: vz
			value:
				type: VC_ValueType_Double
				asDouble: 1
		_entryTbl[3]:
			varName (ptr): 0x80604b0
				varName: temp
			value:
				type: VC_ValueType_Double
				asDouble: 6
	_mesh (ptr): 0x80626f0
VariableCondition (ptr): 0x806d518
Stg_Component (ptr): 0x806d518
Stg_Object (ptr): 0x806d518
	Stg_Class (ptr): 0x806d518
		sizeOfSelf: 192
		_deleteSelf: Yes
		type: CornerVC
		_delete (func ptr): 0xb7f3bbed
		_print (func ptr): 0xb7f3bc33
		_copy (func ptr): 0xb7f3c228
	name: CornerVC_TopLeftBackName
	nameAllocationType: NON_GLOBAL
	_defaultConstructor (func ptr): 0xb7f3ae38
	_construct (func ptr): 0xb7f3c43d
	_build (func ptr): 0xb7f3c3fb
	_initialise (func ptr): 0xb7e3a502
	_execute (func ptr): 0xb7e3a5c9
	_destroy (func ptr): 0xb7e3a5f9
	isConstructed: True
	isBuilt: True
	isInitialised: False
	hasExecuted: False
	isDestroyed: False
	constructor function name: CornerVC_TopLeftBackName-Construct
	build function name: CornerVC_TopLeftBackName-Build
	initialise function name: CornerVC_TopLeftBackName-Initialise
	execute function name: CornerVC_TopLeftBackName-Execute
	destroy function name: CornerVC_TopLeftBackName-Destroy
	_getSet (func ptr): 0xb7f3c48c
	_getVariableCount (func ptr): 0xb7f3caaf
	_getVariableIndex (func ptr): 0xb7f3cac6
	_getValueIndex (func ptr): 0xb7f3cba1
	_getValueCount (func ptr): 0xb7f3cba9
	_getValue (func ptr): 0xb7f3cbc0
	variable_Register (ptr): 0x8071060
	conFunc_Register (ptr): 0x805b678
	_set (ptr): 0x80710a8
	indexCount: 1
	indexTbl (ptr): 0x8068a80
		indexTbl[0]: 9
	vcVarCountTbl (ptr): 0x8061bd8
		vcVarCountTbl[0]: 4
	vcTbl (ptr): 0x8068c20
		vcTbl[0][0]:
			varIndex: 3
			valIndex: 0
		vcTbl[0][1]:
			varIndex: 4
			valIndex: 1
		vcTbl[0][2]:
			varIndex: 5
			valIndex: 2
		vcTbl[0][3]:
			varIndex: 6
			valIndex: 3
	valueCount: 4
	valueTbl (ptr): 0x8070cb8
		valueTbl[0]:
			type: VC_ValueType_Double
			asDouble: 2
		valueTbl[1]:
			type: VC_ValueType_Double
			asDouble: 3
		valueTbl[2]:
			type: VC_ValueType_Double
			asDouble: 1
		valueTbl[3]:
			type: VC_ValueType_Double
			asDouble: 6


var[0]: 0.00, 0.00, 0.00, 0.00, 0.00, 0.00, 0.00, 0.00, 0.00, 0.00, 0.00, 0.00, 0.00, 0.00, 0.00, 0.00, 0.00, 0.00, 0.00, 0.00, 0.00, 0.00, 0.00, 0.00, 0.00, 0.00, 0.00, 0.00, 0.00, 0.00, 0.00, 0.00, 0.00, 0.00, 0.00, 0.00, 0.00, 0.00, 0.00, 0.00, 0.00, 0.00, 0.00, 0.00, 0.00, 0.00, 0.00, 0.00
var[1]: 0.00, 0.00, 0.00, 0.00, 0.00, 0.00, 0.00, 0.00, 0.00, 0.00, 0.00, 0.00, 0.00, 0.00, 0.00, 0.00, 0.00, 0.00, 0.00, 0.00, 0.00, 0.00, 0.00, 0.00, 0.00, 0.00, 0.00, 0.00, 0.00, 0.00, 0.00, 0.00, 0.00, 0.00, 0.00, 0.00, 0.00, 0.00, 0.00, 0.00, 0.00, 0.00, 0.00, 0.00, 0.00, 0.00, 0.00, 0.00
var[2]: 0.00, 0.00, 0.00, 0.00, 0.00, 0.00, 0.00, 0.00, 0.00, 0.00, 0.00, 0.00, 0.00, 0.00, 0.00, 0.00, 0.00, 0.00, 0.00, 0.00, 0.00, 0.00, 0.00, 0.00, 0.00, 0.00, 0.00, 0.00, 0.00, 0.00, 0.00, 0.00, 0.00, 0.00, 0.00, 0.00, 0.00, 0.00, 0.00, 0.00, 0.00, 0.00, 0.00, 0.00, 0.00, 0.00, 0.00, 0.00
var[3]: 0.00, 0.00, 0.00, 0.00, 0.00, 0.00, 0.00, 0.00, 0.00, 2.00, 0.00, 0.00, 0.00, 0.00, 0.00, 0.00, 0.00, 0.00, 0.00, 0.00, 0.00, 0.00, 0.00, 0.00, 0.00, 0.00, 0.00, 0.00, 0.00, 0.00, 0.00, 0.00, 0.00, 0.00, 0.00, 0.00, 0.00, 0.00, 0.00, 0.00, 0.00, 0.00, 0.00, 0.00, 0.00, 0.00, 0.00, 0.00
var[4]: 0.00, 0.00, 0.00, 0.00, 0.00, 0.00, 0.00, 0.00, 0.00, 3.00, 0.00, 0.00, 0.00, 0.00, 0.00, 0.00, 0.00, 0.00, 0.00, 0.00, 0.00, 0.00, 0.00, 0.00, 0.00, 0.00, 0.00, 0.00, 0.00, 0.00, 0.00, 0.00, 0.00, 0.00, 0.00, 0.00, 0.00, 0.00, 0.00, 0.00, 0.00, 0.00, 0.00, 0.00, 0.00, 0.00, 0.00, 0.00
var[5]: 0.00, 0.00, 0.00, 0.00, 0.00, 0.00, 0.00, 0.00, 0.00, 1.00, 0.00, 0.00, 0.00, 0.00, 0.00, 0.00, 0.00, 0.00, 0.00, 0.00, 0.00, 0.00, 0.00, 0.00, 0.00, 0.00, 0.00, 0.00, 0.00, 0.00, 0.00, 0.00, 0.00, 0.00, 0.00, 0.00, 0.00, 0.00, 0.00, 0.00, 0.00, 0.00, 0.00, 0.00, 0.00, 0.00, 0.00, 0.00
var[6]: 0.00, 0.00, 0.00, 0.00, 0.00, 0.00, 0.00, 0.00, 0.00, 6.00, 0.00, 0.00, 0.00, 0.00, 0.00, 0.00, 0.00, 0.00, 0.00, 0.00, 0.00, 0.00, 0.00, 0.00, 0.00, 0.00, 0.00, 0.00, 0.00, 0.00, 0.00, 0.00, 0.00, 0.00, 0.00, 0.00, 0.00, 0.00, 0.00, 0.00, 0.00, 0.00, 0.00, 0.00, 0.00, 0.00, 0.00, 0.00

False False False False False False False False False False False False False False False False False False False False False False False False False False False False False False False False False False False False False False False False False False False False False False False False 
False False False False False False False False False False False False False False False False False False False False False False False False False False False False False False False False False False False False False False False False False False False False False False False False 
False False False False False False False False False False False False False False False False False False False False False False False False False False False False False False False False False False False False False False False False False False False False False False False False 
False False False False False False False False False True  False False False False False False False False False False False False False False False False False False False False False False False False False False False False False False False False False False False False False False 
False False False False False False False False False True  False False False False False False False False False False False False False False False False False False False False False False False False False False False False False False False False False False False False False False 
False False False False False False False False False True  False False False False False False False False False False False False False False False False False False False False False False False False False False False False False False False False False False False False False False 

XXX XXX XXX XXX XXX XXX XXX XXX XXX XXX XXX XXX XXX XXX XXX XXX XXX XXX XXX XXX XXX XXX XXX XXX XXX XXX XXX XXX XXX XXX XXX XXX XXX XXX XXX XXX XXX XXX XXX XXX XXX XXX XXX XXX XXX XXX XXX XXX 
XXX XXX XXX XXX XXX XXX XXX XXX XXX XXX XXX XXX XXX XXX XXX XXX XXX XXX XXX XXX XXX XXX XXX XXX XXX XXX XXX XXX XXX XXX XXX XXX XXX XXX XXX XXX XXX XXX XXX XXX XXX XXX XXX XXX XXX XXX XXX XXX 
XXX XXX XXX XXX XXX XXX XXX XXX XXX XXX XXX XXX XXX XXX XXX XXX XXX XXX XXX XXX XXX XXX XXX XXX XXX XXX XXX XXX XXX XXX XXX XXX XXX XXX XXX XXX XXX XXX XXX XXX XXX XXX XXX XXX XXX XXX XXX XXX 
XXX XXX XXX XXX XXX XXX XXX XXX XXX 000 XXX XXX XXX XXX XXX XXX XXX XXX XXX XXX XXX XXX XXX XXX XXX XXX XXX XXX XXX XXX XXX XXX XXX XXX XXX XXX XXX XXX XXX XXX XXX XXX XXX XXX XXX XXX XXX XXX 
XXX XXX XXX XXX XXX XXX XXX XXX XXX 001 XXX XXX XXX XXX XXX XXX XXX XXX XXX XXX XXX XXX XXX XXX XXX XXX XXX XXX XXX XXX XXX XXX XXX XXX XXX XXX XXX XXX XXX XXX XXX XXX XXX XXX XXX XXX XXX XXX 
XXX XXX XXX XXX XXX XXX XXX XXX XXX 002 XXX XXX XXX XXX XXX XXX XXX XXX XXX XXX XXX XXX XXX XXX XXX XXX XXX XXX XXX XXX XXX XXX XXX XXX XXX XXX XXX XXX XXX XXX XXX XXX XXX XXX XXX XXX XXX XXX 

Testing for CornerVC_TopRightBack
CornerVC (ptr): 0x806d518
	dictionary (ptr): 0x805e9b0
	_dictionaryEntryName (ptr): 0x8049dbe
		_dictionaryEntryName: CornerVC_TopRightBack
	_corner: TopRightBack
	_entryCount: 1
	_entryTbl (ptr): 0x806c3d0
		_entryTbl[0]:
			varName (ptr): 0x80682e8
				varName: temp
			value:
				type: VC_ValueType_Double
				asDouble: 3
	_mesh (ptr): 0x80626f0
VariableCondition (ptr): 0x806d518
Stg_Component (ptr): 0x806d518
Stg_Object (ptr): 0x806d518
	Stg_Class (ptr): 0x806d518
		sizeOfSelf: 192
		_deleteSelf: Yes
		type: CornerVC
		_delete (func ptr): 0xb7f3bbed
		_print (func ptr): 0xb7f3bc33
		_copy (func ptr): 0xb7f3c228
	name: CornerVC_TopRightBackName
	nameAllocationType: NON_GLOBAL
	_defaultConstructor (func ptr): 0xb7f3ae38
	_construct (func ptr): 0xb7f3c43d
	_build (func ptr): 0xb7f3c3fb
	_initialise (func ptr): 0xb7e3a502
	_execute (func ptr): 0xb7e3a5c9
	_destroy (func ptr): 0xb7e3a5f9
	isConstructed: True
	isBuilt: True
	isInitialised: False
	hasExecuted: False
	isDestroyed: False
	constructor function name: CornerVC_TopRightBackName-Construct
	build function name: CornerVC_TopRightBackName-Build
	initialise function name: CornerVC_TopRightBackName-Initialise
	execute function name: CornerVC_TopRightBackName-Execute
	destroy function name: CornerVC_TopRightBackName-Destroy
	_getSet (func ptr): 0xb7f3c48c
	_getVariableCount (func ptr): 0xb7f3caaf
	_getVariableIndex (func ptr): 0xb7f3cac6
	_getValueIndex (func ptr): 0xb7f3cba1
	_getValueCount (func ptr): 0xb7f3cba9
	_getValue (func ptr): 0xb7f3cbc0
	variable_Register (ptr): 0x8071060
	conFunc_Register (ptr): 0x805b678
	_set (ptr): 0x8070cb8
	indexCount: 0
	indexTbl (ptr): (nil)
	vcVarCountTbl (ptr): (nil)
	vcTbl (ptr): (nil)
	valueCount: 1
	valueTbl (ptr): 0x8063b08
		valueTbl[0]:
			type: VC_ValueType_Double
			asDouble: 3


var[0]: 0.00, 0.00, 0.00, 0.00, 0.00, 0.00, 0.00, 0.00, 0.00, 0.00, 0.00, 0.00, 0.00, 0.00, 0.00, 0.00, 0.00, 0.00, 0.00, 0.00, 0.00, 0.00, 0.00, 0.00, 0.00, 0.00, 0.00, 0.00, 0.00, 0.00, 0.00, 0.00, 0.00, 0.00, 0.00, 0.00, 0.00, 0.00, 0.00, 0.00, 0.00, 0.00, 0.00, 0.00, 0.00, 0.00, 0.00, 0.00
var[1]: 0.00, 0.00, 0.00, 0.00, 0.00, 0.00, 0.00, 0.00, 0.00, 0.00, 0.00, 0.00, 0.00, 0.00, 0.00, 0.00, 0.00, 0.00, 0.00, 0.00, 0.00, 0.00, 0.00, 0.00, 0.00, 0.00, 0.00, 0.00, 0.00, 0.00, 0.00, 0.00, 0.00, 0.00, 0.00, 0.00, 0.00, 0.00, 0.00, 0.00, 0.00, 0.00, 0.00, 0.00, 0.00, 0.00, 0.00, 0.00
var[2]: 0.00, 0.00, 0.00, 0.00, 0.00, 0.00, 0.00, 0.00, 0.00, 0.00, 0.00, 0.00, 0.00, 0.00, 0.00, 0.00, 0.00, 0.00, 0.00, 0.00, 0.00, 0.00, 0.00, 0.00, 0.00, 0.00, 0.00, 0.00, 0.00, 0.00, 0.00, 0.00, 0.00, 0.00, 0.00, 0.00, 0.00, 0.00, 0.00, 0.00, 0.00, 0.00, 0.00, 0.00, 0.00, 0.00, 0.00, 0.00
var[3]: 0.00, 0.00, 0.00, 0.00, 0.00, 0.00, 0.00, 0.00, 0.00, 0.00, 0.00, 0.00, 0.00, 0.00, 0.00, 0.00, 0.00, 0.00, 0.00, 0.00, 0.00, 0.00, 0.00, 0.00, 0.00, 0.00, 0.00, 0.00, 0.00, 0.00, 0.00, 0.00, 0.00, 0.00, 0.00, 0.00, 0.00, 0.00, 0.00, 0.00, 0.00, 0.00, 0.00, 0.00, 0.00, 0.00, 0.00, 0.00
var[4]: 0.00, 0.00, 0.00, 0.00, 0.00, 0.00, 0.00, 0.00, 0.00, 0.00, 0.00, 0.00, 0.00, 0.00, 0.00, 0.00, 0.00, 0.00, 0.00, 0.00, 0.00, 0.00, 0.00, 0.00, 0.00, 0.00, 0.00, 0.00, 0.00, 0.00, 0.00, 0.00, 0.00, 0.00, 0.00, 0.00, 0.00, 0.00, 0.00, 0.00, 0.00, 0.00, 0.00, 0.00, 0.00, 0.00, 0.00, 0.00
var[5]: 0.00, 0.00, 0.00, 0.00, 0.00, 0.00, 0.00, 0.00, 0.00, 0.00, 0.00, 0.00, 0.00, 0.00, 0.00, 0.00, 0.00, 0.00, 0.00, 0.00, 0.00, 0.00, 0.00, 0.00, 0.00, 0.00, 0.00, 0.00, 0.00, 0.00, 0.00, 0.00, 0.00, 0.00, 0.00, 0.00, 0.00, 0.00, 0.00, 0.00, 0.00, 0.00, 0.00, 0.00, 0.00, 0.00, 0.00, 0.00
var[6]: 0.00, 0.00, 0.00, 0.00, 0.00, 0.00, 0.00, 0.00, 0.00, 0.00, 0.00, 0.00, 0.00, 0.00, 0.00, 0.00, 0.00, 0.00, 0.00, 0.00, 0.00, 0.00, 0.00, 0.00, 0.00, 0.00, 0.00, 0.00, 0.00, 0.00, 0.00, 0.00, 0.00, 0.00, 0.00, 0.00, 0.00, 0.00, 0.00, 0.00, 0.00, 0.00, 0.00, 0.00, 0.00, 0.00, 0.00, 0.00

False False False False False False False False False False False False False False False False False False False False False False False False False False False False False False False False False False False False False False False False False False False False False False False False 
False False False False False False False False False False False False False False False False False False False False False False False False False False False False False False False False False False False False False False False False False False False False False False False False 
False False False False False False False False False False False False False False False False False False False False False False False False False False False False False False False False False False False False False False False False False False False False False False False False 
False False False False False False False False False False False False False False False False False False False False False False False False False False False False False False False False False False False False False False False False False False False False False False False False 
False False False False False False False False False False False False False False False False False False False False False False False False False False False False False False False False False False False False False False False False False False False False False False False False 
False False False False False False False False False False False False False False False False False False False False False False False False False False False False False False False False False False False False False False False False False False False False False False False False 

XXX XXX XXX XXX XXX XXX XXX XXX XXX XXX XXX XXX XXX XXX XXX XXX XXX XXX XXX XXX XXX XXX XXX XXX XXX XXX XXX XXX XXX XXX XXX XXX XXX XXX XXX XXX XXX XXX XXX XXX XXX XXX XXX XXX XXX XXX XXX XXX 
XXX XXX XXX XXX XXX XXX XXX XXX XXX XXX XXX XXX XXX XXX XXX XXX XXX XXX XXX XXX XXX XXX XXX XXX XXX XXX XXX XXX XXX XXX XXX XXX XXX XXX XXX XXX XXX XXX XXX XXX XXX XXX XXX XXX XXX XXX XXX XXX 
XXX XXX XXX XXX XXX XXX XXX XXX XXX XXX XXX XXX XXX XXX XXX XXX XXX XXX XXX XXX XXX XXX XXX XXX XXX XXX XXX XXX XXX XXX XXX XXX XXX XXX XXX XXX XXX XXX XXX XXX XXX XXX XXX XXX XXX XXX XXX XXX 
XXX XXX XXX XXX XXX XXX XXX XXX XXX XXX XXX XXX XXX XXX XXX XXX XXX XXX XXX XXX XXX XXX XXX XXX XXX XXX XXX XXX XXX XXX XXX XXX XXX XXX XXX XXX XXX XXX XXX XXX XXX XXX XXX XXX XXX XXX XXX XXX 
XXX XXX XXX XXX XXX XXX XXX XXX XXX XXX XXX XXX XXX XXX XXX XXX XXX XXX XXX XXX XXX XXX XXX XXX XXX XXX XXX XXX XXX XXX XXX XXX XXX XXX XXX XXX XXX XXX XXX XXX XXX XXX XXX XXX XXX XXX XXX XXX 
XXX XXX XXX XXX XXX XXX XXX XXX XXX XXX XXX XXX XXX XXX XXX XXX XXX XXX XXX XXX XXX XXX XXX XXX XXX XXX XXX XXX XXX XXX XXX XXX XXX XXX XXX XXX XXX XXX XXX XXX XXX XXX XXX XXX XXX XXX XXX XXX 

